Component: ARM Compiler 6.11 Tool: armlink [5d3b3900]

==============================================================================

Section Cross References

    startup_stm32h743xx.o(STACK) refers (Special) to heapauxi.o(.text) for __use_two_region_memory
    startup_stm32h743xx.o(HEAP) refers (Special) to heapauxi.o(.text) for __use_two_region_memory
    startup_stm32h743xx.o(RESET) refers (Special) to heapauxi.o(.text) for __use_two_region_memory
    startup_stm32h743xx.o(RESET) refers to startup_stm32h743xx.o(STACK) for __initial_sp
    startup_stm32h743xx.o(RESET) refers to startup_stm32h743xx.o(.text) for Reset_Handler
    startup_stm32h743xx.o(RESET) refers to lto-llvm-29ee91.o(.text) for NMI_Handler
    startup_stm32h743xx.o(RESET) refers to irq_cm4f.o(.text) for SVC_Handler
    startup_stm32h743xx.o(.text) refers (Special) to heapauxi.o(.text) for __use_two_region_memory
    startup_stm32h743xx.o(.text) refers to lto-llvm-29ee91.o(.text) for SystemInit
    startup_stm32h743xx.o(.text) refers to __main.o(!!!main) for __main
    startup_stm32h743xx.o(.text) refers to startup_stm32h743xx.o(HEAP) for Heap_Mem
    startup_stm32h743xx.o(.text) refers to startup_stm32h743xx.o(STACK) for Stack_Mem
    rtx_kernel.o(.ARM.exidx.text.osRtxKernelPreInit) refers to rtx_kernel.o(.text.osRtxKernelPreInit) for [Anonymous Symbol]
    rtx_kernel.o(.text.osKernelInitialize) refers to rtx_kernel.o(.text.svcRtxKernelInitialize) for svcRtxKernelInitialize
    rtx_kernel.o(.ARM.exidx.text.osKernelInitialize) refers to rtx_kernel.o(.text.osKernelInitialize) for [Anonymous Symbol]
    rtx_kernel.o(.text.osKernelGetInfo) refers to rtx_kernel.o(.text.svcRtxKernelGetInfo) for svcRtxKernelGetInfo
    rtx_kernel.o(.ARM.exidx.text.osKernelGetInfo) refers to rtx_kernel.o(.text.osKernelGetInfo) for [Anonymous Symbol]
    rtx_kernel.o(.text.svcRtxKernelGetInfo) refers to rt_memcpy_v6.o(.text) for __aeabi_memcpy
    rtx_kernel.o(.text.svcRtxKernelGetInfo) refers to rtx_kernel.o(.rodata.str1.4) for .L.str
    rtx_kernel.o(.ARM.exidx.text.svcRtxKernelGetInfo) refers to rtx_kernel.o(.text.svcRtxKernelGetInfo) for [Anonymous Symbol]
    rtx_kernel.o(.text.osKernelGetState) refers to rtx_kernel.o(.text.svcRtxKernelGetState) for svcRtxKernelGetState
    rtx_kernel.o(.text.osKernelGetState) refers to rtx_kernel.o(.data.os) for osRtxInfo
    rtx_kernel.o(.ARM.exidx.text.osKernelGetState) refers to rtx_kernel.o(.text.osKernelGetState) for [Anonymous Symbol]
    rtx_kernel.o(.text.svcRtxKernelGetState) refers to rtx_kernel.o(.data.os) for osRtxInfo
    rtx_kernel.o(.ARM.exidx.text.svcRtxKernelGetState) refers to rtx_kernel.o(.text.svcRtxKernelGetState) for [Anonymous Symbol]
    rtx_kernel.o(.text.osKernelStart) refers to rtx_kernel.o(.text.svcRtxKernelStart) for svcRtxKernelStart
    rtx_kernel.o(.ARM.exidx.text.osKernelStart) refers to rtx_kernel.o(.text.osKernelStart) for [Anonymous Symbol]
    rtx_kernel.o(.text.osKernelLock) refers to rtx_kernel.o(.text.svcRtxKernelLock) for svcRtxKernelLock
    rtx_kernel.o(.ARM.exidx.text.osKernelLock) refers to rtx_kernel.o(.text.osKernelLock) for [Anonymous Symbol]
    rtx_kernel.o(.text.osKernelUnlock) refers to rtx_kernel.o(.text.svcRtxKernelUnlock) for svcRtxKernelUnlock
    rtx_kernel.o(.ARM.exidx.text.osKernelUnlock) refers to rtx_kernel.o(.text.osKernelUnlock) for [Anonymous Symbol]
    rtx_kernel.o(.text.osKernelRestoreLock) refers to rtx_kernel.o(.text.svcRtxKernelRestoreLock) for svcRtxKernelRestoreLock
    rtx_kernel.o(.ARM.exidx.text.osKernelRestoreLock) refers to rtx_kernel.o(.text.osKernelRestoreLock) for [Anonymous Symbol]
    rtx_kernel.o(.text.osKernelSuspend) refers to rtx_kernel.o(.text.svcRtxKernelSuspend) for svcRtxKernelSuspend
    rtx_kernel.o(.ARM.exidx.text.osKernelSuspend) refers to rtx_kernel.o(.text.osKernelSuspend) for [Anonymous Symbol]
    rtx_kernel.o(.text.osKernelResume) refers to rtx_kernel.o(.text.svcRtxKernelResume) for svcRtxKernelResume
    rtx_kernel.o(.ARM.exidx.text.osKernelResume) refers to rtx_kernel.o(.text.osKernelResume) for [Anonymous Symbol]
    rtx_kernel.o(.text.osKernelGetTickCount) refers to rtx_kernel.o(.data.os) for osRtxInfo
    rtx_kernel.o(.text.osKernelGetTickCount) refers to rtx_kernel.o(.text.svcRtxKernelGetTickCount) for svcRtxKernelGetTickCount
    rtx_kernel.o(.ARM.exidx.text.osKernelGetTickCount) refers to rtx_kernel.o(.text.osKernelGetTickCount) for [Anonymous Symbol]
    rtx_kernel.o(.text.svcRtxKernelGetTickCount) refers to rtx_kernel.o(.data.os) for osRtxInfo
    rtx_kernel.o(.ARM.exidx.text.svcRtxKernelGetTickCount) refers to rtx_kernel.o(.text.svcRtxKernelGetTickCount) for [Anonymous Symbol]
    rtx_kernel.o(.text.osKernelGetTickFreq) refers to lto-llvm-29ee91.o(.rodata) for osRtxConfig
    rtx_kernel.o(.text.osKernelGetTickFreq) refers to rtx_kernel.o(.text.svcRtxKernelGetTickFreq) for svcRtxKernelGetTickFreq
[...]
    __arm_cp.0_0                             0x0800f3d4   Number         4  os_systick.o(.text.OS_Tick_Setup)
    __arm_cp.0_1                             0x0800f3d8   Number         4  os_systick.o(.text.OS_Tick_Setup)
    __arm_cp.0_2                             0x0800f3dc   Number         4  os_systick.o(.text.OS_Tick_Setup)
    __arm_cp.0_3                             0x0800f3e0   Number         4  os_systick.o(.text.OS_Tick_Setup)
    ThreadFlagsCheck                         0x0800f3e5   Thumb Code   106  rtx_thread.o(.text.ThreadFlagsCheck)
    [Anonymous Symbol]                       0x0800f3e4   Section        0  rtx_thread.o(.text.ThreadFlagsCheck)
    [Anonymous Symbol]                       0x0800f450   Section        0  rtx_delay.o(.text.osDelay)
    __arm_cp.0_0                             0x0800f470   Number         4  rtx_delay.o(.text.osDelay)
    [Anonymous Symbol]                       0x0800f474   Section        0  rtx_kernel.o(.text.osKernelGetState)
    __arm_cp.4_0                             0x0800f4a0   Number         4  rtx_kernel.o(.text.osKernelGetState)
    [Anonymous Symbol]                       0x0800f4a4   Section        0  rtx_kernel.o(.text.osKernelGetSysTimerCount)
    __arm_cp.16_0                            0x0800f4c4   Number         4  rtx_kernel.o(.text.osKernelGetSysTimerCount)
    [Anonymous Symbol]                       0x0800f4c8   Section        0  rtx_kernel.o(.text.osKernelGetSysTimerFreq)
    __arm_cp.18_0                            0x0800f4e8   Number         4  rtx_kernel.o(.text.osKernelGetSysTimerFreq)
    [Anonymous Symbol]                       0x0800f4ec   Section        0  rtx_kernel.o(.text.osKernelGetTickCount)
    __arm_cp.12_0                            0x0800f50c   Number         4  rtx_kernel.o(.text.osKernelGetTickCount)
    __arm_cp.12_1                            0x0800f510   Number         4  rtx_kernel.o(.text.osKernelGetTickCount)
    [Anonymous Symbol]                       0x0800f514   Section        0  rtx_kernel.o(.text.osKernelInitialize)
    __arm_cp.1_0                             0x0800f53c   Number         4  rtx_kernel.o(.text.osKernelInitialize)
    [Anonymous Symbol]                       0x0800f540   Section        0  rtx_kernel.o(.text.osKernelStart)
    __arm_cp.6_0                             0x0800f560   Number         4  rtx_kernel.o(.text.osKernelStart)
    [Anonymous Symbol]                       0x0800f564   Section        0  rtx_mutex.o(.text.osMutexAcquire)
    __arm_cp.3_0                             0x0800f584   Number         4  rtx_mutex.o(.text.osMutexAcquire)
    [Anonymous Symbol]                       0x0800f588   Section        0  rtx_mutex.o(.text.osMutexDelete)
    __arm_cp.6_0                             0x0800f5a8   Number         4  rtx_mutex.o(.text.osMutexDelete)
    [Anonymous Symbol]                       0x0800f5ac   Section        0  rtx_mutex.o(.text.osMutexNew)
    __arm_cp.1_0                             0x0800f5cc   Number         4  rtx_mutex.o(.text.osMutexNew)
    [Anonymous Symbol]                       0x0800f5d0   Section        0  rtx_mutex.o(.text.osMutexRelease)
    __arm_cp.4_0                             0x0800f5f0   Number         4  rtx_mutex.o(.text.osMutexRelease)
    [Anonymous Symbol]                       0x0800f5f4   Section        0  rtx_memory.o(.text.osRtxMemoryAlloc)
    [Anonymous Symbol]                       0x0800f674   Section        0  rtx_memory.o(.text.osRtxMemoryFree)
    [Anonymous Symbol]                       0x0800f6c6   Section        0  rtx_memory.o(.text.osRtxMemoryInit)
    [Anonymous Symbol]                       0x0800f6fc   Section        0  rtx_mempool.o(.text.osRtxMemoryPoolAlloc)
    [Anonymous Symbol]                       0x0800f734   Section        0  rtx_mempool.o(.text.osRtxMemoryPoolFree)
    [Anonymous Symbol]                       0x0800f77c   Section        0  rtx_mempool.o(.text.osRtxMemoryPoolInit)
    [Anonymous Symbol]                       0x0800f7d0   Section        0  rtx_mutex.o(.text.osRtxMutexOwnerRelease)
    [Anonymous Symbol]                       0x0800f814   Section        0  rtx_system.o(.text.osRtxPendSV_Handler)
    osRtxThreadBlock                         0x0800f8a1   Thumb Code    56  rtx_thread.o(.text.osRtxThreadBlock)
    [Anonymous Symbol]                       0x0800f8a0   Section        0  rtx_thread.o(.text.osRtxThreadBlock)
    __arm_cp.10_0                            0x0800f8d4   Number         4  rtx_thread.o(.text.osRtxThreadBlock)
    osRtxThreadDelayInsert                   0x0800f8d9   Thumb Code   140  rtx_thread.o(.text.osRtxThreadDelayInsert)
    [Anonymous Symbol]                       0x0800f8d8   Section        0  rtx_thread.o(.text.osRtxThreadDelayInsert)
    osRtxThreadDelayRemove                   0x0800f961   Thumb Code    88  rtx_thread.o(.text.osRtxThreadDelayRemove)
    [Anonymous Symbol]                       0x0800f960   Section        0  rtx_thread.o(.text.osRtxThreadDelayRemove)
    [Anonymous Symbol]                       0x0800f9b4   Section        0  rtx_thread.o(.text.osRtxThreadDelayTick)
    [Anonymous Symbol]                       0x0800f9e8   Section        0  rtx_thread.o(.text.osRtxThreadDispatch)
    osRtxThreadFree                          0x0800fa45   Thumb Code    88  rtx_thread.o(.text.osRtxThreadFree)
    [Anonymous Symbol]                       0x0800fa44   Section        0  rtx_thread.o(.text.osRtxThreadFree)
    [Anonymous Symbol]                       0x0800fa98   Section        0  rtx_thread.o(.text.osRtxThreadListGet)
    [Anonymous Symbol]                       0x0800faae   Section        0  rtx_thread.o(.text.osRtxThreadListPut)
    [Anonymous Symbol]                       0x0800fada   Section        0  rtx_thread.o(.text.osRtxThreadListRemove)
    [Anonymous Symbol]                       0x0800faee   Section        0  rtx_thread.o(.text.osRtxThreadListSort)
    osRtxThreadPostProcess                   0x0800fb17   Thumb Code    42  rtx_thread.o(.text.osRtxThreadPostProcess)
    [Anonymous Symbol]                       0x0800fb16   Section        0  rtx_thread.o(.text.osRtxThreadPostProcess)
    [Anonymous Symbol]                       0x0800fb40   Section        0  rtx_thread.o(.text.osRtxThreadReadyPut)
    [Anonymous Symbol]                       0x0800fb50   Section        0  rtx_thread.o(.text.osRtxThreadStackCheck)
    __arm_cp.8_1                             0x0800fb70   Number         4  rtx_thread.o(.text.osRtxThreadStackCheck)
    [Anonymous Symbol]                       0x0800fb74   Section        0  rtx_thread.o(.text.osRtxThreadStartup)
    __arm_cp.15_2                            0x0800fbbc   Number         4  rtx_thread.o(.text.osRtxThreadStartup)
    __arm_cp.15_3                            0x0800fbc0   Number         4  rtx_thread.o(.text.osRtxThreadStartup)
    [Anonymous Symbol]                       0x0800fbc4   Section        0  rtx_thread.o(.text.osRtxThreadSwitch)
    __arm_cp.7_0                             0x0800fbd0   Number         4  rtx_thread.o(.text.osRtxThreadSwitch)
    [Anonymous Symbol]                       0x0800fbd4   Section        0  rtx_thread.o(.text.osRtxThreadWaitEnter)
    __arm_cp.13_0                            0x0800fc08   Number         4  rtx_thread.o(.text.osRtxThreadWaitEnter)
    [Anonymous Symbol]                       0x0800fc0c   Section        0  rtx_thread.o(.text.osRtxThreadWaitExit)
    [Anonymous Symbol]                       0x0800fc40   Section        0  rtx_system.o(.text.osRtxTick_Handler)
    __arm_cp.0_0                             0x0800fcac   Number         4  rtx_system.o(.text.osRtxTick_Handler)
    [Anonymous Symbol]                       0x0800fcb0   Section        0  rtx_thread.o(.text.osThreadExit)
    __arm_cp.31_0                            0x0800fcb8   Number         4  rtx_thread.o(.text.osThreadExit)
    [Anonymous Symbol]                       0x0800fcbc   Section        0  rtx_thread.o(.text.osThreadGetId)
    __arm_cp.19_0                            0x0800fcdc   Number         4  rtx_thread.o(.text.osThreadGetId)
    __arm_cp.19_1                            0x0800fce0   Number         4  rtx_thread.o(.text.osThreadGetId)
    [Anonymous Symbol]                       0x0800fce4   Section        0  rtx_thread.o(.text.osThreadNew)
    __arm_cp.17_0                            0x0800fd04   Number         4  rtx_thread.o(.text.osThreadNew)
    svcRtxDelay                              0x0800fd09   Thumb Code    20  rtx_delay.o(.text.svcRtxDelay)
    [Anonymous Symbol]                       0x0800fd08   Section        0  rtx_delay.o(.text.svcRtxDelay)
    svcRtxKernelGetState                     0x0800fd1d   Thumb Code    12  rtx_kernel.o(.text.svcRtxKernelGetState)
    [Anonymous Symbol]                       0x0800fd1c   Section        0  rtx_kernel.o(.text.svcRtxKernelGetState)
    svcRtxKernelGetSysTimerCount             0x0800fd25   Thumb Code    40  rtx_kernel.o(.text.svcRtxKernelGetSysTimerCount)
    [Anonymous Symbol]                       0x0800fd24   Section        0  rtx_kernel.o(.text.svcRtxKernelGetSysTimerCount)
    svcRtxKernelGetSysTimerFreq              0x0800fd49   Thumb Code     4  rtx_kernel.o(.text.svcRtxKernelGetSysTimerFreq)
    [Anonymous Symbol]                       0x0800fd48   Section        0  rtx_kernel.o(.text.svcRtxKernelGetSysTimerFreq)
    svcRtxKernelGetTickCount                 0x0800fd4d   Thumb Code    12  rtx_kernel.o(.text.svcRtxKernelGetTickCount)
    [Anonymous Symbol]                       0x0800fd4c   Section        0  rtx_kernel.o(.text.svcRtxKernelGetTickCount)
    __arm_cp.13_0                            0x0800fd54   Number         4  rtx_kernel.o(.text.svcRtxKernelGetTickCount)
    svcRtxKernelInitialize                   0x0800fd59   Thumb Code   376  rtx_kernel.o(.text.svcRtxKernelInitialize)
    [Anonymous Symbol]                       0x0800fd58   Section        0  rtx_kernel.o(.text.svcRtxKernelInitialize)
    __arm_cp.20_0                            0x0800fec4   Number         4  rtx_kernel.o(.text.svcRtxKernelInitialize)
    __arm_cp.20_2                            0x0800fec8   Number         4  rtx_kernel.o(.text.svcRtxKernelInitialize)
    svcRtxKernelStart                        0x0800fecd   Thumb Code   140  rtx_kernel.o(.text.svcRtxKernelStart)
    [Anonymous Symbol]                       0x0800fecc   Section        0  rtx_kernel.o(.text.svcRtxKernelStart)
    __arm_cp.21_0                            0x0800ff48   Number         4  rtx_kernel.o(.text.svcRtxKernelStart)
    __arm_cp.21_1                            0x0800ff4c   Number         4  rtx_kernel.o(.text.svcRtxKernelStart)
    __arm_cp.21_2                            0x0800ff50   Number         4  rtx_kernel.o(.text.svcRtxKernelStart)
    __arm_cp.21_3                            0x0800ff54   Number         4  rtx_kernel.o(.text.svcRtxKernelStart)
    svcRtxMutexAcquire                       0x0800ff59   Thumb Code   148  rtx_mutex.o(.text.svcRtxMutexAcquire)
    [Anonymous Symbol]                       0x0800ff58   Section        0  rtx_mutex.o(.text.svcRtxMutexAcquire)
    __arm_cp.9_0                             0x0800ffe8   Number         4  rtx_mutex.o(.text.svcRtxMutexAcquire)
    svcRtxMutexDelete                        0x0800ffed   Thumb Code   196  rtx_mutex.o(.text.svcRtxMutexDelete)
    [Anonymous Symbol]                       0x0800ffec   Section        0  rtx_mutex.o(.text.svcRtxMutexDelete)
    __arm_cp.12_0                            0x080100ac   Number         4  rtx_mutex.o(.text.svcRtxMutexDelete)
    svcRtxMutexNew                           0x080100b1   Thumb Code   108  rtx_mutex.o(.text.svcRtxMutexNew)
    [Anonymous Symbol]                       0x080100b0   Section        0  rtx_mutex.o(.text.svcRtxMutexNew)
    __arm_cp.7_0                             0x08010118   Number         4  rtx_mutex.o(.text.svcRtxMutexNew)
    svcRtxMutexRelease                       0x0801011d   Thumb Code   180  rtx_mutex.o(.text.svcRtxMutexRelease)
    [Anonymous Symbol]                       0x0801011c   Section        0  rtx_mutex.o(.text.svcRtxMutexRelease)
    svcRtxThreadExit                         0x080101cd   Thumb Code   104  rtx_thread.o(.text.svcRtxThreadExit)
    [Anonymous Symbol]                       0x080101cc   Section        0  rtx_thread.o(.text.svcRtxThreadExit)
    svcRtxThreadGetId                        0x08010231   Thumb Code    12  rtx_thread.o(.text.svcRtxThreadGetId)
    [Anonymous Symbol]                       0x08010230   Section        0  rtx_thread.o(.text.svcRtxThreadGetId)
    __arm_cp.20_0                            0x08010238   Number         4  rtx_thread.o(.text.svcRtxThreadGetId)
    svcRtxThreadNew                          0x0801023d   Thumb Code   476  rtx_thread.o(.text.svcRtxThreadNew)
    [Anonymous Symbol]                       0x0801023c   Section        0  rtx_thread.o(.text.svcRtxThreadNew)
    __arm_cp.16_0                            0x08010404   Number         4  rtx_thread.o(.text.svcRtxThreadNew)
    __arm_cp.16_1                            0x08010408   Number         4  rtx_thread.o(.text.svcRtxThreadNew)
    __arm_cp.16_2                            0x0801040c   Number         4  rtx_thread.o(.text.svcRtxThreadNew)
    __arm_cp.16_3                            0x08010410   Number         4  rtx_thread.o(.text.svcRtxThreadNew)
    __arm_cp.16_4                            0x08010414   Number         4  rtx_thread.o(.text.svcRtxThreadNew)
    CL$$btod_d2e                             0x08010418   Section       62  btod.o(CL$$btod_d2e)
    CL$$btod_d2e_denorm_low                  0x08010456   Section       70  btod.o(CL$$btod_d2e_denorm_low)
    CL$$btod_d2e_norm_op1                    0x0801049c   Section       96  btod.o(CL$$btod_d2e_norm_op1)
    CL$$btod_div_common                      0x080104fc   Section      824  btod.o(CL$$btod_div_common)
    CL$$btod_e2e                             0x08010834   Section      220  btod.o(CL$$btod_e2e)
    CL$$btod_ediv                            0x08010910   Section       42  btod.o(CL$$btod_ediv)
    CL$$btod_emul                            0x0801093a   Section       42  btod.o(CL$$btod_emul)
    CL$$btod_mult_common                     0x08010964   Section      580  btod.o(CL$$btod_mult_common)
    i.__ARM_fpclassify                       0x08010ba8   Section        0  fpclassify.o(i.__ARM_fpclassify)
    i._is_digit                              0x08010bd8   Section        0  __printf_wp.o(i._is_digit)
    locale$$code                             0x08010be8   Section       44  lc_numeric_c.o(locale$$code)
    $v0                                      0x08010c14   Number         0  fpinit.o(x$fpl$fpinit)
    x$fpl$fpinit                             0x08010c14   Section       26  fpinit.o(x$fpl$fpinit)
    $v0                                      0x08010c2e   Number         0  printf1.o(x$fpl$printf1)
    x$fpl$printf1                            0x08010c2e   Section        4  printf1.o(x$fpl$printf1)
    maptable                                 0x08010c32   Data          17  __printf_flags_wp.o(.constdata)
    .constdata                               0x08010c32   Section       17  __printf_flags_wp.o(.constdata)
    x$fpl$usenofp                            0x08010c32   Section        0  usenofp.o(x$fpl$usenofp)
    tenpwrs_x                                0x08010c44   Data          60  bigflt0.o(.constdata)
    .constdata                               0x08010c44   Section      148  bigflt0.o(.constdata)
    tenpwrs_i                                0x08010c80   Data          64  bigflt0.o(.constdata)
    benchmark_bg_map                         0x08010cd8   Data        5000  lto-llvm-29ee91.o(.rodata)
    [Anonymous Symbol]                       0x08010cd8   Section        0  lto-llvm-29ee91.o(.rodata)
    RTE_LOG_ADD.lvl_prefix                   0x08012060   Data          16  lto-llvm-29ee91.o(.rodata)
    RTE_Init.MutexIDStdioAttr                0x08012070   Data          16  lto-llvm-29ee91.o(.rodata)
    UartDefaultConfig                        0x08012080   Data          16  lto-llvm-29ee91.o(.rodata)
    LCDSpiConfig                             0x08012090   Data          24  lto-llvm-29ee91.o(.rodata)
    SystemThreadControl                      0x080120a8   Data          36  lto-llvm-29ee91.o(.rodata)
    GUIThreadControl                         0x080120cc   Data          36  lto-llvm-29ee91.o(.rodata)
    lv_font_dejavu_10_glyph_bitmap           0x080120f0   Data        2060  lto-llvm-29ee91.o(.rodata)
    lv_font_dejavu_10_glyph_dsc              0x080128fc   Data         380  lto-llvm-29ee91.o(.rodata)
    lv_font_dejavu_20_glyph_bitmap           0x08012a78   Data        8420  lto-llvm-29ee91.o(.rodata)
    lv_font_dejavu_20_glyph_dsc              0x08014b5c   Data         380  lto-llvm-29ee91.o(.rodata)
    lv_font_symbol_10_glyph_bitmap           0x08014cd8   Data        2200  lto-llvm-29ee91.o(.rodata)
    lv_font_symbol_10_glyph_dsc              0x08015570   Data         200  lto-llvm-29ee91.o(.rodata)
    lv_font_symbol_20_glyph_bitmap           0x08015638   Data        9040  lto-llvm-29ee91.o(.rodata)
    lv_font_symbol_20_glyph_dsc              0x08017988   Data         200  lto-llvm-29ee91.o(.rodata)
    lv_draw_aa_get_opa.seg_map               0x08017a50   Data          32  lto-llvm-29ee91.o(.rodata)
    lv_draw_aa_get_opa.seg1                  0x08017a70   Data           1  lto-llvm-29ee91.o(.rodata)
    lv_draw_aa_get_opa.seg2                  0x08017a71   Data           2  lto-llvm-29ee91.o(.rodata)
    lv_draw_aa_get_opa.seg3                  0x08017a73   Data           3  lto-llvm-29ee91.o(.rodata)
    lv_draw_aa_get_opa.seg4                  0x08017a76   Data           4  lto-llvm-29ee91.o(.rodata)
    lv_draw_aa_get_opa.seg5                  0x08017a7a   Data           5  lto-llvm-29ee91.o(.rodata)
    lv_draw_aa_get_opa.seg6                  0x08017a7f   Data           6  lto-llvm-29ee91.o(.rodata)
    lv_draw_aa_get_opa.seg7                  0x08017a85   Data           7  lto-llvm-29ee91.o(.rodata)
    lv_draw_aa_get_opa.seg8                  0x08017a8c   Data           8  lto-llvm-29ee91.o(.rodata)
    __tagsym$$used.4                         0x08017a94   Number         0  lto-llvm-29ee91.o(.rodata)
    os_idle_thread_attr                      0x08017afc   Data          36  lto-llvm-29ee91.o(.rodata)
    __tagsym$$used.5                         0x08017b5c   Number         0  lto-llvm-29ee91.o(.rodata)
    UARTPrescTable                           0x08017b74   Data          24  lto-llvm-29ee91.o(.rodata)
    .Llv_vletter.bpp4_opa_table              0x08017b8c   Data          16  lto-llvm-29ee91.o(.rodata.cst16)
    D1CorePrescTable                         0x08017b9c   Data          16  lto-llvm-29ee91.o(.rodata.cst16)
    .L.str.14                                0x08017bac   Data          88  lto-llvm-29ee91.o(.rodata.str1.1)
    [Anonymous Symbol]                       0x08017bac   Section        0  lto-llvm-29ee91.o(.rodata.str1.1)
    .L.str.8.32                              0x08017c04   Data          53  lto-llvm-29ee91.o(.rodata.str1.1)
    .L.str.5.25                              0x08017c39   Data          75  lto-llvm-29ee91.o(.rodata.str1.1)
    .L.str.91                                0x08017c7f   Data           5  lto-llvm-29ee91.o(.rodata.str1.1)
    .L.str.6.26                              0x08017c84   Data          95  lto-llvm-29ee91.o(.rodata.str1.1)
    .L.str.1.17                              0x08017ce3   Data          10  lto-llvm-29ee91.o(.rodata.str1.1)
    .L.str.5.34                              0x08017ced   Data           8  lto-llvm-29ee91.o(.rodata.str1.1)
    .L.str.13                                0x08017cf5   Data           6  lto-llvm-29ee91.o(.rodata.str1.1)
    .L.str.20                                0x08017cfb   Data           5  lto-llvm-29ee91.o(.rodata.str1.1)
    .L.str.275                               0x08017d00   Data           8  lto-llvm-29ee91.o(.rodata.str1.1)
    .L.str.90                                0x08017d08   Data          44  lto-llvm-29ee91.o(.rodata.str1.1)
    .L.str.1.14                              0x08017d34   Data          28  lto-llvm-29ee91.o(.rodata.str1.1)
    .L.str.209                               0x08017d50   Data          36  lto-llvm-29ee91.o(.rodata.str1.1)
    .L.str.464                               0x08017d74   Data          37  lto-llvm-29ee91.o(.rodata.str1.1)
    .L.str.16                                0x08017d99   Data          34  lto-llvm-29ee91.o(.rodata.str1.1)
    .L.str.369                               0x08017dbb   Data          36  lto-llvm-29ee91.o(.rodata.str1.1)
    .L.str.123                               0x08017ddf   Data          36  lto-llvm-29ee91.o(.rodata.str1.1)
    .L.str.80                                0x08017e03   Data          48  lto-llvm-29ee91.o(.rodata.str1.1)
    .L.str.420                               0x08017e33   Data          38  lto-llvm-29ee91.o(.rodata.str1.1)
    .L.str.2.29                              0x08017e59   Data          30  lto-llvm-29ee91.o(.rodata.str1.1)
    .L.str.5.105                             0x08017e77   Data          30  lto-llvm-29ee91.o(.rodata.str1.1)
    .L.str.298                               0x08017e95   Data          36  lto-llvm-29ee91.o(.rodata.str1.1)
    .L.str.250                               0x08017eb9   Data          40  lto-llvm-29ee91.o(.rodata.str1.1)
    .L.str.240                               0x08017ee1   Data          35  lto-llvm-29ee91.o(.rodata.str1.1)
    .L.str.245                               0x08017f04   Data          36  lto-llvm-29ee91.o(.rodata.str1.1)
    .L.str.87                                0x08017f28   Data          45  lto-llvm-29ee91.o(.rodata.str1.1)
    .L.str.94                                0x08017f55   Data          13  lto-llvm-29ee91.o(.rodata.str1.1)
    .L.str.9                                 0x08017f62   Data           6  lto-llvm-29ee91.o(.rodata.str1.1)
    .L.str.2.11                              0x08017f68   Data           5  lto-llvm-29ee91.o(.rodata.str1.1)
    .L.str.1.10                              0x08017f6d   Data           5  lto-llvm-29ee91.o(.rodata.str1.1)
    .L.str.112                               0x08017f72   Data           9  lto-llvm-29ee91.o(.rodata.str1.1)
    .L.str.3.12                              0x08017f7b   Data           6  lto-llvm-29ee91.o(.rodata.str1.1)
    .L.str.3.68                              0x08017f81   Data          11  lto-llvm-29ee91.o(.rodata.str1.1)
    .L.str.2.15                              0x08017f8c   Data          25  lto-llvm-29ee91.o(.rodata.str1.1)
    .L.str                                   0x08017fa8   Data          11  rtx_kernel.o(.rodata.str1.4)
    [Anonymous Symbol]                       0x08017fa8   Section        0  rtx_kernel.o(.rodata.str1.4)
    locale$$data                             0x08017fe4   Section       28  lc_numeric_c.o(locale$$data)
    __lcnum_c_name                           0x08017fe8   Data           2  lc_numeric_c.o(locale$$data)
    __lcnum_c_start                          0x08017ff0   Data           0  lc_numeric_c.o(locale$$data)
    __lcnum_c_point                          0x08017ffc   Data           0  lc_numeric_c.o(locale$$data)
    __lcnum_c_thousands                      0x08017ffe   Data           0  lc_numeric_c.o(locale$$data)
    __lcnum_c_grouping                       0x08017fff   Data           0  lc_numeric_c.o(locale$$data)
    __lcnum_c_end                            0x08018000   Data           0  lc_numeric_c.o(locale$$data)
    RTE_RAM                                  0x38000000   Data       65536  lto-llvm-29ee91.o(.RAM_RTE)
    [Anonymous Symbol]                       0x38000000   Section        0  lto-llvm-29ee91.o(.RAM_RTE)

    Global Symbols

    Symbol Name                              Value     Ov Type        Size  Object(Section)

    BuildAttributes$$THM_ISAv4$E$P$D$K$B$S$7EM$VFPv5_D16$PE$PLD8$A:L22UL41UL21$X:L11$S22US41US21$IEEE1$IW$~IW$USESV6$~STKCKD$USESV7$~SHL$OTIME$ROPI$IEEEF$EBA8$UX$STANDARDLIB$REQ8$PRES8$EABIv2 0x00000000   Number         0  anon$$obj.o ABSOLUTE
    _printf_flags                            0x00000000   Number         0  printf_stubs.o ABSOLUTE
    _printf_return_value                     0x00000000   Number         0  printf_stubs.o ABSOLUTE
    _printf_sizespec                         0x00000000   Number         0  printf_stubs.o ABSOLUTE
    _printf_widthprec                        0x00000000   Number         0  printf_stubs.o ABSOLUTE
    .bss.os.evflags.cb$$Base                  - Undefined Weak Reference
    .bss.os.evflags.cb$$Limit                 - Undefined Weak Reference
    .bss.os.mempool.cb$$Base                  - Undefined Weak Reference
    .bss.os.mempool.cb$$Limit                 - Undefined Weak Reference
    .bss.os.msgqueue.cb$$Base                 - Undefined Weak Reference
    .bss.os.msgqueue.cb$$Limit                - Undefined Weak Reference
    .bss.os.mutex.cb$$Base                    - Undefined Weak Reference
    .bss.os.mutex.cb$$Limit                   - Undefined Weak Reference
    .bss.os.semaphore.cb$$Base                - Undefined Weak Reference
    .bss.os.semaphore.cb$$Limit               - Undefined Weak Reference
    .bss.os.timer.cb$$Base                    - Undefined Weak Reference
    .bss.os.timer.cb$$Limit                   - Undefined Weak Reference
    __ARM_exceptions_init                     - Undefined Weak Reference
    __alloca_initialize                       - Undefined Weak Reference
    __arm_preinit_                            - Undefined Weak Reference
    __cpp_initialize__aeabi_                  - Undefined Weak Reference
    __cxa_finalize                            - Undefined Weak Reference
    __os_evflags_cb_end__                     - Undefined Weak Reference
    __os_evflags_cb_start__                   - Undefined Weak Reference
    __os_mempool_cb_end__                     - Undefined Weak Reference
    __os_mempool_cb_start__                   - Undefined Weak Reference
    __os_msgqueue_cb_end__                    - Undefined Weak Reference
    __os_msgqueue_cb_start__                  - Undefined Weak Reference
    __os_mutex_cb_end__                       - Undefined Weak Reference
    __os_mutex_cb_start__                     - Undefined Weak Reference
    __os_semaphore_cb_end__                   - Undefined Weak Reference
    __os_semaphore_cb_start__                 - Undefined Weak Reference
    __os_thread_cb_end__                      - Undefined Weak Reference
    __os_thread_cb_start__                    - Undefined Weak Reference
    __os_timer_cb_end__                       - Undefined Weak Reference
    __os_timer_cb_start__                     - Undefined Weak Reference
    __sigvec_lookup                           - Undefined Weak Reference
    _atexit_init                              - Undefined Weak Reference
    _call_atexit_fns                          - Undefined Weak Reference
    _clock_init                               - Undefined Weak Reference
    _fp_trap_init                             - Undefined Weak Reference
    _fp_trap_shutdown                         - Undefined Weak Reference
    _get_lc_collate                           - Undefined Weak Reference
    _get_lc_ctype                             - Undefined Weak Reference
    _get_lc_monetary                          - Undefined Weak Reference
    _get_lc_time                              - Undefined Weak Reference
    _getenv_init                              - Undefined Weak Reference
    _handle_redirection                       - Undefined Weak Reference
    _init_alloc                               - Undefined Weak Reference
    _init_user_alloc                          - Undefined Weak Reference
    _initio                                   - Undefined Weak Reference
    _printf_post_padding                      - Undefined Weak Reference
    _printf_pre_padding                       - Undefined Weak Reference
    _printf_truncate_signed                   - Undefined Weak Reference
    _printf_truncate_unsigned                 - Undefined Weak Reference
    _rand_init                                - Undefined Weak Reference
    _signal_finish                            - Undefined Weak Reference
    _signal_init                              - Undefined Weak Reference
    _terminate_alloc                          - Undefined Weak Reference
    _terminate_user_alloc                     - Undefined Weak Reference
    _terminateio                              - Undefined Weak Reference
    __Vectors_Size                           0x00000298   Number         0  startup_stm32h743xx.o ABSOLUTE
    SystemCoreClock                          0x00000338   Data           4  lto-llvm-29ee91.o(.data)
    osRtxInfo                                0x000003ec   Data         164  rtx_kernel.o(.data.os)
    __libspace_start                         0x000004c0   Data          96  libspace.o(.bss)
    __temporary_stack_top$libspace           0x00000520   Data           0  libspace.o(.bss)
    .bss.os.thread.cb$$Base                  0x000030d8   Number         0  lto-llvm-29ee91.o(.bss.os.thread.cb)
    .bss.os.thread.cb$$Limit                 0x0000311c   Number         0  lto-llvm-29ee91.o(.bss.os.thread.cb)
    __Vectors                                0x08000000   Data           4  startup_stm32h743xx.o(RESET)
    __Vectors_End                            0x08000298   Data           0  startup_stm32h743xx.o(RESET)
    __main                                   0x08000299   Thumb Code     8  __main.o(!!!main)
    __scatterload                            0x080002a1   Thumb Code     0  __scatter.o(!!!scatter)
    __scatterload_rt2                        0x080002a1   Thumb Code    44  __scatter.o(!!!scatter)
    __scatterload_rt2_thumb_only             0x080002a1   Thumb Code     0  __scatter.o(!!!scatter)
    __scatterload_null                       0x080002af   Thumb Code     0  __scatter.o(!!!scatter)
    __decompress                             0x080002d5   Thumb Code    90  __dczerorl2.o(!!dczerorl2)
    __decompress1                            0x080002d5   Thumb Code     0  __dczerorl2.o(!!dczerorl2)
    __scatterload_zeroinit                   0x08000331   Thumb Code    28  __scatter_zi.o(!!handler_zi)
    _printf_f                                0x0800034d   Thumb Code     0  _printf_f.o(.ARM.Collect$$_printf_percent$$00000003)
    _printf_percent                          0x0800034d   Thumb Code     0  _printf_percent.o(.ARM.Collect$$_printf_percent$$00000000)
    _printf_d                                0x08000353   Thumb Code     0  _printf_d.o(.ARM.Collect$$_printf_percent$$00000009)
    _printf_percent_end                      0x08000359   Thumb Code     0  _printf_percent_end.o(.ARM.Collect$$_printf_percent$$00000017)
    __rt_lib_init                            0x0800035d   Thumb Code     0  libinit.o(.ARM.Collect$$libinit$$00000000)
    __rt_lib_init_fp_1                       0x0800035f   Thumb Code     0  libinit2.o(.ARM.Collect$$libinit$$00000001)
    __rt_lib_init_heap_1                     0x08000363   Thumb Code     0  libinit2.o(.ARM.Collect$$libinit$$0000000A)
    __rt_lib_init_lc_common                  0x08000363   Thumb Code     0  libinit2.o(.ARM.Collect$$libinit$$0000000F)
    __rt_lib_init_preinit_1                  0x08000363   Thumb Code     0  libinit2.o(.ARM.Collect$$libinit$$00000004)
    __rt_lib_init_rand_1                     0x08000363   Thumb Code     0  libinit2.o(.ARM.Collect$$libinit$$0000000E)
    __rt_lib_init_user_alloc_1               0x08000363   Thumb Code     0  libinit2.o(.ARM.Collect$$libinit$$0000000C)
    __rt_lib_init_lc_collate_1               0x08000369   Thumb Code     0  libinit2.o(.ARM.Collect$$libinit$$00000011)
    __rt_lib_init_lc_ctype_1                 0x08000369   Thumb Code     0  libinit2.o(.ARM.Collect$$libinit$$00000013)
    __rt_lib_init_lc_monetary_1              0x08000369   Thumb Code     0  libinit2.o(.ARM.Collect$$libinit$$00000015)
    __rt_lib_init_lc_numeric_2               0x08000369   Thumb Code     0  libinit2.o(.ARM.Collect$$libinit$$00000016)
    __rt_lib_init_alloca_1                   0x08000373   Thumb Code     0  libinit2.o(.ARM.Collect$$libinit$$0000002E)
    __rt_lib_init_argv_1                     0x08000373   Thumb Code     0  libinit2.o(.ARM.Collect$$libinit$$0000002C)
    __rt_lib_init_atexit_1                   0x08000373   Thumb Code     0  libinit2.o(.ARM.Collect$$libinit$$0000001B)
    __rt_lib_init_clock_1                    0x08000373   Thumb Code     0  libinit2.o(.ARM.Collect$$libinit$$00000021)
    __rt_lib_init_cpp_1                      0x08000373   Thumb Code     0  libinit2.o(.ARM.Collect$$libinit$$00000032)
    __rt_lib_init_exceptions_1               0x08000373   Thumb Code     0  libinit2.o(.ARM.Collect$$libinit$$00000030)
    __rt_lib_init_fp_trap_1                  0x08000373   Thumb Code     0  libinit2.o(.ARM.Collect$$libinit$$0000001F)
    __rt_lib_init_getenv_1                   0x08000373   Thumb Code     0  libinit2.o(.ARM.Collect$$libinit$$00000023)
    __rt_lib_init_lc_numeric_1               0x08000373   Thumb Code     0  libinit2.o(.ARM.Collect$$libinit$$00000017)
    __rt_lib_init_lc_time_1                  0x08000373   Thumb Code     0  libinit2.o(.ARM.Collect$$libinit$$00000019)
    __rt_lib_init_return                     0x08000373   Thumb Code     0  libinit2.o(.ARM.Collect$$libinit$$00000033)
    __rt_lib_init_signal_1                   0x08000373   Thumb Code     0  libinit2.o(.ARM.Collect$$libinit$$0000001D)
    __rt_lib_init_stdio_1                    0x08000373   Thumb Code     0  libinit2.o(.ARM.Collect$$libinit$$00000025)
    __rt_lib_shutdown                        0x08000375   Thumb Code     0  libshutdown.o(.ARM.Collect$$libshutdown$$00000000)
    __rt_lib_shutdown_cpp_1                  0x08000377   Thumb Code     0  libshutdown2.o(.ARM.Collect$$libshutdown$$00000002)
    __rt_lib_shutdown_fp_trap_1              0x08000377   Thumb Code     0  libshutdown2.o(.ARM.Collect$$libshutdown$$00000007)
    __rt_lib_shutdown_heap_1                 0x08000377   Thumb Code     0  libshutdown2.o(.ARM.Collect$$libshutdown$$0000000F)
    __rt_lib_shutdown_return                 0x08000377   Thumb Code     0  libshutdown2.o(.ARM.Collect$$libshutdown$$00000010)
    __rt_lib_shutdown_signal_1               0x08000377   Thumb Code     0  libshutdown2.o(.ARM.Collect$$libshutdown$$0000000A)
    __rt_lib_shutdown_stdio_1                0x08000377   Thumb Code     0  libshutdown2.o(.ARM.Collect$$libshutdown$$00000004)
    __rt_lib_shutdown_user_alloc_1           0x08000377   Thumb Code     0  libshutdown2.o(.ARM.Collect$$libshutdown$$0000000C)
    __rt_entry                               0x08000379   Thumb Code     0  __rtentry.o(.ARM.Collect$$rtentry$$00000000)
    __rt_entry_presh_1                       0x08000379   Thumb Code     0  __rtentry2.o(.ARM.Collect$$rtentry$$00000002)
    __rt_entry_sh                            0x08000379   Thumb Code     0  __rtentry4.o(.ARM.Collect$$rtentry$$00000004)
    __rt_entry_postsh_1                      0x0800037f   Thumb Code     0  __rtentry2.o(.ARM.Collect$$rtentry$$00000008)
    __rt_entry_li                            0x08000387   Thumb Code     0  __rtentry2.o(.ARM.Collect$$rtentry$$0000000A)
    __rt_entry_main                          0x0800038b   Thumb Code     0  __rtentry2.o(.ARM.Collect$$rtentry$$0000000D)
    __rt_entry_postli_1                      0x0800038b   Thumb Code     0  __rtentry2.o(.ARM.Collect$$rtentry$$0000000C)
    __rt_exit                                0x08000393   Thumb Code     0  rtexit.o(.ARM.Collect$$rtexit$$00000000)
    __rt_exit_ls                             0x08000395   Thumb Code     0  rtexit2.o(.ARM.Collect$$rtexit$$00000003)
    __rt_exit_prels_1                        0x08000395   Thumb Code     0  rtexit2.o(.ARM.Collect$$rtexit$$00000002)
    __rt_exit_exit                           0x08000399   Thumb Code     0  rtexit2.o(.ARM.Collect$$rtexit$$00000004)
    Reset_Handler                            0x080003a1   Thumb Code     8  startup_stm32h743xx.o(.text)
    ADC3_IRQHandler                          0x080003bb   Thumb Code     0  startup_stm32h743xx.o(.text)
    ADC_IRQHandler                           0x080003bb   Thumb Code     0  startup_stm32h743xx.o(.text)
    BDMA_Channel0_IRQHandler                 0x080003bb   Thumb Code     0  startup_stm32h743xx.o(.text)
    BDMA_Channel1_IRQHandler                 0x080003bb   Thumb Code     0  startup_stm32h743xx.o(.text)
    BDMA_Channel2_IRQHandler                 0x080003bb   Thumb Code     0  startup_stm32h743xx.o(.text)
    BDMA_Channel3_IRQHandler                 0x080003bb   Thumb Code     0  startup_stm32h743xx.o(.text)
    BDMA_Channel4_IRQHandler                 0x080003bb   Thumb Code     0  startup_stm32h743xx.o(.text)
    BDMA_Channel5_IRQHandler                 0x080003bb   Thumb Code     0  startup_stm32h743xx.o(.text)
    BDMA_Channel6_IRQHandler                 0x080003bb   Thumb Code     0  startup_stm32h743xx.o(.text)
    BDMA_Channel7_IRQHandler                 0x080003bb   Thumb Code     0  startup_stm32h743xx.o(.text)
    CEC_IRQHandler                           0x080003bb   Thumb Code     0  startup_stm32h743xx.o(.text)
    COMP1_IRQHandler                         0x080003bb   Thumb Code     0  startup_stm32h743xx.o(.text)
    CRS_IRQHandler                           0x080003bb   Thumb Code     0  startup_stm32h743xx.o(.text)
    DCMI_IRQHandler                          0x080003bb   Thumb Code     0  startup_stm32h743xx.o(.text)
    DFSDM1_FLT0_IRQHandler                   0x080003bb   Thumb Code     0  startup_stm32h743xx.o(.text)
    DFSDM1_FLT1_IRQHandler                   0x080003bb   Thumb Code     0  startup_stm32h743xx.o(.text)
    DFSDM1_FLT2_IRQHandler                   0x080003bb   Thumb Code     0  startup_stm32h743xx.o(.text)
    DFSDM1_FLT3_IRQHandler                   0x080003bb   Thumb Code     0  startup_stm32h743xx.o(.text)
    DMA1_Stream1_IRQHandler                  0x080003bb   Thumb Code     0  startup_stm32h743xx.o(.text)
    DMA1_Stream2_IRQHandler                  0x080003bb   Thumb Code     0  startup_stm32h743xx.o(.text)
    DMA1_Stream3_IRQHandler                  0x080003bb   Thumb Code     0  startup_stm32h743xx.o(.text)
    DMA1_Stream4_IRQHandler                  0x080003bb   Thumb Code     0  startup_stm32h743xx.o(.text)
    DMA1_Stream5_IRQHandler                  0x080003bb   Thumb Code     0  startup_stm32h743xx.o(.text)
    DMA1_Stream6_IRQHandler                  0x080003bb   Thumb Code     0  startup_stm32h743xx.o(.text)
    DMA1_Stream7_IRQHandler                  0x080003bb   Thumb Code     0  startup_stm32h743xx.o(.text)
    DMA2D_IRQHandler                         0x080003bb   Thumb Code     0  startup_stm32h743xx.o(.text)
    DMA2_Stream0_IRQHandler                  0x080003bb   Thumb Code     0  startup_stm32h743xx.o(.text)
    DMA2_Stream1_IRQHandler                  0x080003bb   Thumb Code     0  startup_stm32h743xx.o(.text)
    DMA2_Stream2_IRQHandler                  0x080003bb   Thumb Code     0  startup_stm32h743xx.o(.text)
    DMA2_Stream3_IRQHandler                  0x080003bb   Thumb Code     0  startup_stm32h743xx.o(.text)
    DMA2_Stream4_IRQHandler                  0x080003bb   Thumb Code     0  startup_stm32h743xx.o(.text)
    DMA2_Stream5_IRQHandler                  0x080003bb   Thumb Code     0  startup_stm32h743xx.o(.text)
    DMA2_Stream6_IRQHandler                  0x080003bb   Thumb Code     0  startup_stm32h743xx.o(.text)
    DMA2_Stream7_IRQHandler                  0x080003bb   Thumb Code     0  startup_stm32h743xx.o(.text)
    DMAMUX1_OVR_IRQHandler                   0x080003bb   Thumb Code     0  startup_stm32h743xx.o(.text)
    DMAMUX2_OVR_IRQHandler                   0x080003bb   Thumb Code     0  startup_stm32h743xx.o(.text)
    ETH_IRQHandler                           0x080003bb   Thumb Code     0  startup_stm32h743xx.o(.text)
    ETH_WKUP_IRQHandler                      0x080003bb   Thumb Code     0  startup_stm32h743xx.o(.text)
    EXTI0_IRQHandler                         0x080003bb   Thumb Code     0  startup_stm32h743xx.o(.text)
    EXTI15_10_IRQHandler                     0x080003bb   Thumb Code     0  startup_stm32h743xx.o(.text)
    EXTI1_IRQHandler                         0x080003bb   Thumb Code     0  startup_stm32h743xx.o(.text)
    EXTI2_IRQHandler                         0x080003bb   Thumb Code     0  startup_stm32h743xx.o(.text)
    EXTI3_IRQHandler                         0x080003bb   Thumb Code     0  startup_stm32h743xx.o(.text)
    EXTI4_IRQHandler                         0x080003bb   Thumb Code     0  startup_stm32h743xx.o(.text)
    EXTI9_5_IRQHandler                       0x080003bb   Thumb Code     0  startup_stm32h743xx.o(.text)
    FDCAN1_IT0_IRQHandler                    0x080003bb   Thumb Code     0  startup_stm32h743xx.o(.text)
    FDCAN1_IT1_IRQHandler                    0x080003bb   Thumb Code     0  startup_stm32h743xx.o(.text)
    FDCAN2_IT0_IRQHandler                    0x080003bb   Thumb Code     0  startup_stm32h743xx.o(.text)
    FDCAN2_IT1_IRQHandler                    0x080003bb   Thumb Code     0  startup_stm32h743xx.o(.text)
    FDCAN_CAL_IRQHandler                     0x080003bb   Thumb Code     0  startup_stm32h743xx.o(.text)
    FLASH_IRQHandler                         0x080003bb   Thumb Code     0  startup_stm32h743xx.o(.text)
    FMC_IRQHandler                           0x080003bb   Thumb Code     0  startup_stm32h743xx.o(.text)
    FPU_IRQHandler                           0x080003bb   Thumb Code     0  startup_stm32h743xx.o(.text)
    HRTIM1_FLT_IRQHandler                    0x080003bb   Thumb Code     0  startup_stm32h743xx.o(.text)
    HRTIM1_Master_IRQHandler                 0x080003bb   Thumb Code     0  startup_stm32h743xx.o(.text)
    HRTIM1_TIMA_IRQHandler                   0x080003bb   Thumb Code     0  startup_stm32h743xx.o(.text)
    HRTIM1_TIMB_IRQHandler                   0x080003bb   Thumb Code     0  startup_stm32h743xx.o(.text)
    HRTIM1_TIMC_IRQHandler                   0x080003bb   Thumb Code     0  startup_stm32h743xx.o(.text)
    HRTIM1_TIMD_IRQHandler                   0x080003bb   Thumb Code     0  startup_stm32h743xx.o(.text)
    HRTIM1_TIME_IRQHandler                   0x080003bb   Thumb Code     0  startup_stm32h743xx.o(.text)
    HSEM1_IRQHandler                         0x080003bb   Thumb Code     0  startup_stm32h743xx.o(.text)
    I2C1_ER_IRQHandler                       0x080003bb   Thumb Code     0  startup_stm32h743xx.o(.text)
    I2C1_EV_IRQHandler                       0x080003bb   Thumb Code     0  startup_stm32h743xx.o(.text)
    I2C2_ER_IRQHandler                       0x080003bb   Thumb Code     0  startup_stm32h743xx.o(.text)
    I2C2_EV_IRQHandler                       0x080003bb   Thumb Code     0  startup_stm32h743xx.o(.text)
    I2C3_ER_IRQHandler                       0x080003bb   Thumb Code     0  startup_stm32h743xx.o(.text)
    I2C3_EV_IRQHandler                       0x080003bb   Thumb Code     0  startup_stm32h743xx.o(.text)
    I2C4_ER_IRQHandler                       0x080003bb   Thumb Code     0  startup_stm32h743xx.o(.text)
    I2C4_EV_IRQHandler                       0x080003bb   Thumb Code     0  startup_stm32h743xx.o(.text)
    JPEG_IRQHandler                          0x080003bb   Thumb Code     0  startup_stm32h743xx.o(.text)
    LPTIM1_IRQHandler                        0x080003bb   Thumb Code     0  startup_stm32h743xx.o(.text)
    LPTIM2_IRQHandler                        0x080003bb   Thumb Code     0  startup_stm32h743xx.o(.text)
    LPTIM3_IRQHandler                        0x080003bb   Thumb Code     0  startup_stm32h743xx.o(.text)
    LPTIM4_IRQHandler                        0x080003bb   Thumb Code     0  startup_stm32h743xx.o(.text)
    LPTIM5_IRQHandler                        0x080003bb   Thumb Code     0  startup_stm32h743xx.o(.text)
    LPUART1_IRQHandler                       0x080003bb   Thumb Code     0  startup_stm32h743xx.o(.text)
    LTDC_ER_IRQHandler                       0x080003bb   Thumb Code     0  startup_stm32h743xx.o(.text)
    LTDC_IRQHandler                          0x080003bb   Thumb Code     0  startup_stm32h743xx.o(.text)
    MDIOS_IRQHandler                         0x080003bb   Thumb Code     0  startup_stm32h743xx.o(.text)
    MDIOS_WKUP_IRQHandler                    0x080003bb   Thumb Code     0  startup_stm32h743xx.o(.text)
    MDMA_IRQHandler                          0x080003bb   Thumb Code     0  startup_stm32h743xx.o(.text)
    OTG_FS_EP1_IN_IRQHandler                 0x080003bb   Thumb Code     0  startup_stm32h743xx.o(.text)
    OTG_FS_EP1_OUT_IRQHandler                0x080003bb   Thumb Code     0  startup_stm32h743xx.o(.text)
    OTG_FS_IRQHandler                        0x080003bb   Thumb Code     0  startup_stm32h743xx.o(.text)
    OTG_FS_WKUP_IRQHandler                   0x080003bb   Thumb Code     0  startup_stm32h743xx.o(.text)
    OTG_HS_EP1_IN_IRQHandler                 0x080003bb   Thumb Code     0  startup_stm32h743xx.o(.text)
    OTG_HS_EP1_OUT_IRQHandler                0x080003bb   Thumb Code     0  startup_stm32h743xx.o(.text)
    OTG_HS_IRQHandler                        0x080003bb   Thumb Code     0  startup_stm32h743xx.o(.text)
    OTG_HS_WKUP_IRQHandler                   0x080003bb   Thumb Code     0  startup_stm32h743xx.o(.text)
    PVD_AVD_IRQHandler                       0x080003bb   Thumb Code     0  startup_stm32h743xx.o(.text)
    QUADSPI_IRQHandler                       0x080003bb   Thumb Code     0  startup_stm32h743xx.o(.text)
    RCC_IRQHandler                           0x080003bb   Thumb Code     0  startup_stm32h743xx.o(.text)
    RNG_IRQHandler                           0x080003bb   Thumb Code     0  startup_stm32h743xx.o(.text)
    RTC_Alarm_IRQHandler                     0x080003bb   Thumb Code     0  startup_stm32h743xx.o(.text)
    RTC_WKUP_IRQHandler                      0x080003bb   Thumb Code     0  startup_stm32h743xx.o(.text)
    SAI1_IRQHandler                          0x080003bb   Thumb Code     0  startup_stm32h743xx.o(.text)
    SAI2_IRQHandler                          0x080003bb   Thumb Code     0  startup_stm32h743xx.o(.text)
    SAI3_IRQHandler                          0x080003bb   Thumb Code     0  startup_stm32h743xx.o(.text)
    SAI4_IRQHandler                          0x080003bb   Thumb Code     0  startup_stm32h743xx.o(.text)
    SDMMC1_IRQHandler                        0x080003bb   Thumb Code     0  startup_stm32h743xx.o(.text)
    SDMMC2_IRQHandler                        0x080003bb   Thumb Code     0  startup_stm32h743xx.o(.text)
    SPDIF_RX_IRQHandler                      0x080003bb   Thumb Code     0  startup_stm32h743xx.o(.text)
    SPI1_IRQHandler                          0x080003bb   Thumb Code     0  startup_stm32h743xx.o(.text)
    SPI2_IRQHandler                          0x080003bb   Thumb Code     0  startup_stm32h743xx.o(.text)
    SPI3_IRQHandler                          0x080003bb   Thumb Code     0  startup_stm32h743xx.o(.text)
    SPI4_IRQHandler                          0x080003bb   Thumb Code     0  startup_stm32h743xx.o(.text)
    SPI5_IRQHandler                          0x080003bb   Thumb Code     0  startup_stm32h743xx.o(.text)
    SPI6_IRQHandler                          0x080003bb   Thumb Code     0  startup_stm32h743xx.o(.text)
    SWPMI1_IRQHandler                        0x080003bb   Thumb Code     0  startup_stm32h743xx.o(.text)
    TAMP_STAMP_IRQHandler                    0x080003bb   Thumb Code     0  startup_stm32h743xx.o(.text)
    TIM15_IRQHandler                         0x080003bb   Thumb Code     0  startup_stm32h743xx.o(.text)
    TIM16_IRQHandler                         0x080003bb   Thumb Code     0  startup_stm32h743xx.o(.text)
    TIM17_IRQHandler                         0x080003bb   Thumb Code     0  startup_stm32h743xx.o(.text)
    TIM1_BRK_IRQHandler                      0x080003bb   Thumb Code     0  startup_stm32h743xx.o(.text)
    TIM1_CC_IRQHandler                       0x080003bb   Thumb Code     0  startup_stm32h743xx.o(.text)
    TIM1_TRG_COM_IRQHandler                  0x080003bb   Thumb Code     0  startup_stm32h743xx.o(.text)
    TIM1_UP_IRQHandler                       0x080003bb   Thumb Code     0  startup_stm32h743xx.o(.text)
    TIM2_IRQHandler                          0x080003bb   Thumb Code     0  startup_stm32h743xx.o(.text)
    TIM3_IRQHandler                          0x080003bb   Thumb Code     0  startup_stm32h743xx.o(.text)
    TIM4_IRQHandler                          0x080003bb   Thumb Code     0  startup_stm32h743xx.o(.text)
    TIM5_IRQHandler                          0x080003bb   Thumb Code     0  startup_stm32h743xx.o(.text)
    TIM6_DAC_IRQHandler                      0x080003bb   Thumb Code     0  startup_stm32h743xx.o(.text)
    TIM7_IRQHandler                          0x080003bb   Thumb Code     0  startup_stm32h743xx.o(.text)
    TIM8_BRK_TIM12_IRQHandler                0x080003bb   Thumb Code     0  startup_stm32h743xx.o(.text)
    TIM8_CC_IRQHandler                       0x080003bb   Thumb Code     0  startup_stm32h743xx.o(.text)
    TIM8_TRG_COM_TIM14_IRQHandler            0x080003bb   Thumb Code     0  startup_stm32h743xx.o(.text)
    TIM8_UP_TIM13_IRQHandler                 0x080003bb   Thumb Code     0  startup_stm32h743xx.o(.text)
    UART4_IRQHandler                         0x080003bb   Thumb Code     0  startup_stm32h743xx.o(.text)
    UART5_IRQHandler                         0x080003bb   Thumb Code     0  startup_stm32h743xx.o(.text)
    UART7_IRQHandler                         0x080003bb   Thumb Code     0  startup_stm32h743xx.o(.text)
    UART8_IRQHandler                         0x080003bb   Thumb Code     0  startup_stm32h743xx.o(.text)
    USART2_IRQHandler                        0x080003bb   Thumb Code     0  startup_stm32h743xx.o(.text)
    USART3_IRQHandler                        0x080003bb   Thumb Code     0  startup_stm32h743xx.o(.text)
    USART6_IRQHandler                        0x080003bb   Thumb Code     0  startup_stm32h743xx.o(.text)
    WAKEUP_PIN_IRQHandler                    0x080003bb   Thumb Code     0  startup_stm32h743xx.o(.text)
    WWDG_IRQHandler                          0x080003bb   Thumb Code     0  startup_stm32h743xx.o(.text)
    __user_initial_stackheap                 0x080003bd   Thumb Code     0  startup_stm32h743xx.o(.text)
    SVC_Handler                              0x080003e1   Thumb Code   152  irq_cm4f.o(.text)
    PendSV_Handler                           0x08000479   Thumb Code    16  irq_cm4f.o(.text)
    SysTick_Handler                          0x08000489   Thumb Code    16  irq_cm4f.o(.text)
    __2sprintf                               0x080004a5   Thumb Code    34  noretval__2sprintf.o(.text)
    _printf_int_dec                          0x080004cd   Thumb Code   104  _printf_dec.o(.text)
    __printf                                 0x08000545   Thumb Code   308  __printf_flags_wp.o(.text)
    strcpy                                   0x0800067d   Thumb Code    72  strcpy.o(.text)
    strlen                                   0x080006c5   Thumb Code    62  strlen.o(.text)
    __aeabi_memcpy                           0x08000703   Thumb Code     0  rt_memcpy_v6.o(.text)
    __rt_memcpy                              0x08000703   Thumb Code   138  rt_memcpy_v6.o(.text)
    _memcpy_lastbytes                        0x08000769   Thumb Code     0  rt_memcpy_v6.o(.text)
    __aeabi_memclr                           0x0800078d   Thumb Code     0  rt_memclr.o(.text)
    __rt_memclr                              0x0800078d   Thumb Code    68  rt_memclr.o(.text)
    _memset                                  0x08000791   Thumb Code     0  rt_memclr.o(.text)
    __aeabi_memclr4                          0x080007d1   Thumb Code     0  rt_memclr_w.o(.text)
    __aeabi_memclr8                          0x080007d1   Thumb Code     0  rt_memclr_w.o(.text)
    __rt_memclr_w                            0x080007d1   Thumb Code    78  rt_memclr_w.o(.text)
    _memset_w                                0x080007d5   Thumb Code     0  rt_memclr_w.o(.text)
    strcmp                                   0x08000821   Thumb Code   124  strcmpv7m_pel.o(.text)
    __use_two_region_memory                  0x0800089d   Thumb Code     2  heapauxi.o(.text)
    __rt_heap_escrow$2region                 0x0800089f   Thumb Code     2  heapauxi.o(.text)
    __rt_heap_expand$2region                 0x080008a1   Thumb Code     2  heapauxi.o(.text)
    _printf_int_common                       0x080008a3   Thumb Code   178  _printf_intcommon.o(.text)
    _printf_fp_dec_real                      0x08000b05   Thumb Code   620  _printf_fp_dec.o(.text)
    _printf_char_common                      0x08000d7b   Thumb Code    32  _printf_char_common.o(.text)
    _sputc                                   0x08000da1   Thumb Code    10  _sputc.o(.text)
    __aeabi_memcpy4                          0x08000dab   Thumb Code     0  rt_memcpy_w.o(.text)
    __aeabi_memcpy8                          0x08000dab   Thumb Code     0  rt_memcpy_w.o(.text)
    __rt_memcpy_w                            0x08000dab   Thumb Code   100  rt_memcpy_w.o(.text)
    _memcpy_lastbytes_aligned                0x08000df3   Thumb Code     0  rt_memcpy_w.o(.text)
    __rt_locale                              0x08000e0f   Thumb Code    10  rt_locale_twolibspace.o(.text)
    _ll_udiv10                               0x08000e19   Thumb Code   138  lludiv10.o(.text)
    _printf_fp_infnan                        0x08000ea5   Thumb Code   112  _printf_fp_infnan.o(.text)
    _btod_etento                             0x08000f25   Thumb Code   224  bigflt0.o(.text)
    __user_libspace                          0x08001009   Thumb Code     8  libspace.o(.text)
    __user_perproc_libspace                  0x08001009   Thumb Code     0  libspace.o(.text)
    __user_setup_stackheap                   0x08001011   Thumb Code    74  sys_stackheap_outer.o(.text)
    exit                                     0x0800105b   Thumb Code    18  exit.o(.text)
    _sys_exit                                0x0800106d   Thumb Code     8  sys_exit.o(.text)
    __I$use$semihosting                      0x08001079   Thumb Code     0  use_no_semi.o(.text)
    __use_no_semihosting_swi                 0x08001079   Thumb Code     2  use_no_semi.o(.text)
    __semihosting_library_function           0x0800107b   Thumb Code     0  indicate_semi.o(.text)
    NMI_Handler                              0x0800107d   Thumb Code     2  lto-llvm-29ee91.o(.text)
    HardFault_Handler                        0x0800107f   Thumb Code     2  lto-llvm-29ee91.o(.text)
    MemManage_Handler                        0x08001081   Thumb Code     2  lto-llvm-29ee91.o(.text)
    BusFault_Handler                         0x08001083   Thumb Code     2  lto-llvm-29ee91.o(.text)
    UsageFault_Handler                       0x08001085   Thumb Code     2  lto-llvm-29ee91.o(.text)
    DebugMon_Handler                         0x08001087   Thumb Code     2  lto-llvm-29ee91.o(.text)
    main                                     0x080012c9   Thumb Code  6048  lto-llvm-29ee91.o(.text)
    USART1_IRQHandler                        0x080038f9   Thumb Code  1164  lto-llvm-29ee91.o(.text)
    DMA1_Stream0_IRQHandler                  0x08003d85   Thumb Code   764  lto-llvm-29ee91.o(.text)
    osRtxIdleThread                          0x08004899   Thumb Code    28  lto-llvm-29ee91.o(.text)
    _mutex_acquire                           0x0800db5d   Thumb Code    26  lto-llvm-29ee91.o(.text)
    _mutex_free                              0x0800db77   Thumb Code     6  lto-llvm-29ee91.o(.text)
    _mutex_initialize                        0x0800db7d   Thumb Code    32  lto-llvm-29ee91.o(.text)
    _mutex_release                           0x0800db9d   Thumb Code    22  lto-llvm-29ee91.o(.text)
    osRtxTimerThread                         0x0800dbd9   Thumb Code     2  lto-llvm-29ee91.o(.text)
    _platform_post_stackheap_init            0x0800dbdb   Thumb Code     4  lto-llvm-29ee91.o(.text)
    osRtxKernelPreInit                       0x0800dbdf   Thumb Code     2  lto-llvm-29ee91.o(.text)
    __user_perthread_libspace                0x0800dbe1   Thumb Code    80  lto-llvm-29ee91.o(.text)
    osRtxErrorNotify                         0x0800dc31   Thumb Code     2  lto-llvm-29ee91.o(.text)
    SystemInit                               0x0800f1f1   Thumb Code   100  lto-llvm-29ee91.o(.text)
    __aeabi_uldivmod                         0x0800f255   Thumb Code     0  lludivv7m.o(.text)
    _ll_udiv                                 0x0800f255   Thumb Code   238  lludivv7m.o(.text)
    OS_Tick_AcknowledgeIRQ                   0x0800f345   Thumb Code    12  os_systick.o(.text.OS_Tick_AcknowledgeIRQ)
    OS_Tick_Enable                           0x0800f34d   Thumb Code    44  os_systick.o(.text.OS_Tick_Enable)
    OS_Tick_GetClock                         0x0800f371   Thumb Code    12  os_systick.o(.text.OS_Tick_GetClock)
    OS_Tick_GetCount                         0x0800f379   Thumb Code    16  os_systick.o(.text.OS_Tick_GetCount)
    OS_Tick_GetIRQn                          0x0800f385   Thumb Code     6  os_systick.o(.text.OS_Tick_GetIRQn)
    OS_Tick_GetInterval                      0x0800f38d   Thumb Code    12  os_systick.o(.text.OS_Tick_GetInterval)
    OS_Tick_GetOverflow                      0x0800f399   Thumb Code    16  os_systick.o(.text.OS_Tick_GetOverflow)
    OS_Tick_Setup                            0x0800f3a5   Thumb Code    64  os_systick.o(.text.OS_Tick_Setup)
    osDelay                                  0x0800f451   Thumb Code    36  rtx_delay.o(.text.osDelay)
    osKernelGetState                         0x0800f475   Thumb Code    52  rtx_kernel.o(.text.osKernelGetState)
    osKernelGetSysTimerCount                 0x0800f4a5   Thumb Code    36  rtx_kernel.o(.text.osKernelGetSysTimerCount)
    osKernelGetSysTimerFreq                  0x0800f4c9   Thumb Code    36  rtx_kernel.o(.text.osKernelGetSysTimerFreq)
    osKernelGetTickCount                     0x0800f4ed   Thumb Code    40  rtx_kernel.o(.text.osKernelGetTickCount)
    osKernelInitialize                       0x0800f515   Thumb Code    44  rtx_kernel.o(.text.osKernelInitialize)
    osKernelStart                            0x0800f541   Thumb Code    36  rtx_kernel.o(.text.osKernelStart)
    osMutexAcquire                           0x0800f565   Thumb Code    36  rtx_mutex.o(.text.osMutexAcquire)
    osMutexDelete                            0x0800f589   Thumb Code    36  rtx_mutex.o(.text.osMutexDelete)
    osMutexNew                               0x0800f5ad   Thumb Code    36  rtx_mutex.o(.text.osMutexNew)
    osMutexRelease                           0x0800f5d1   Thumb Code    36  rtx_mutex.o(.text.osMutexRelease)
    osRtxMemoryAlloc                         0x0800f5f5   Thumb Code   128  rtx_memory.o(.text.osRtxMemoryAlloc)
    osRtxMemoryFree                          0x0800f675   Thumb Code    82  rtx_memory.o(.text.osRtxMemoryFree)
    osRtxMemoryInit                          0x0800f6c7   Thumb Code    54  rtx_memory.o(.text.osRtxMemoryInit)
    osRtxMemoryPoolAlloc                     0x0800f6fd   Thumb Code    56  rtx_mempool.o(.text.osRtxMemoryPoolAlloc)
    osRtxMemoryPoolFree                      0x0800f735   Thumb Code    72  rtx_mempool.o(.text.osRtxMemoryPoolFree)
    osRtxMemoryPoolInit                      0x0800f77d   Thumb Code    84  rtx_mempool.o(.text.osRtxMemoryPoolInit)
    osRtxMutexOwnerRelease                   0x0800f7d1   Thumb Code    68  rtx_mutex.o(.text.osRtxMutexOwnerRelease)
    osRtxPendSV_Handler                      0x0800f815   Thumb Code   144  rtx_system.o(.text.osRtxPendSV_Handler)
    osRtxThreadDelayTick                     0x0800f9b5   Thumb Code    56  rtx_thread.o(.text.osRtxThreadDelayTick)
    osRtxThreadDispatch                      0x0800f9e9   Thumb Code    96  rtx_thread.o(.text.osRtxThreadDispatch)
    osRtxThreadListGet                       0x0800fa99   Thumb Code    22  rtx_thread.o(.text.osRtxThreadListGet)
    osRtxThreadListPut                       0x0800faaf   Thumb Code    44  rtx_thread.o(.text.osRtxThreadListPut)
    osRtxThreadListRemove                    0x0800fadb   Thumb Code    20  rtx_thread.o(.text.osRtxThreadListRemove)
    osRtxThreadListSort                      0x0800faef   Thumb Code    40  rtx_thread.o(.text.osRtxThreadListSort)
    osRtxThreadReadyPut                      0x0800fb41   Thumb Code    20  rtx_thread.o(.text.osRtxThreadReadyPut)
    osRtxThreadStackCheck                    0x0800fb51   Thumb Code    40  rtx_thread.o(.text.osRtxThreadStackCheck)
    osRtxThreadStartup                       0x0800fb75   Thumb Code    88  rtx_thread.o(.text.osRtxThreadStartup)
    osRtxThreadSwitch                        0x0800fbc5   Thumb Code    16  rtx_thread.o(.text.osRtxThreadSwitch)
    osRtxThreadWaitEnter                     0x0800fbd5   Thumb Code    56  rtx_thread.o(.text.osRtxThreadWaitEnter)
    osRtxThreadWaitExit                      0x0800fc0d   Thumb Code    50  rtx_thread.o(.text.osRtxThreadWaitExit)
    osRtxTick_Handler                        0x0800fc41   Thumb Code   112  rtx_system.o(.text.osRtxTick_Handler)
    osThreadExit                             0x0800fcb1   Thumb Code    12  rtx_thread.o(.text.osThreadExit)
    osThreadGetId                            0x0800fcbd   Thumb Code    40  rtx_thread.o(.text.osThreadGetId)
    osThreadNew                              0x0800fce5   Thumb Code    36  rtx_thread.o(.text.osThreadNew)
    _btod_d2e                                0x08010419   Thumb Code    62  btod.o(CL$$btod_d2e)
    _d2e_denorm_low                          0x08010457   Thumb Code    70  btod.o(CL$$btod_d2e_denorm_low)
    _d2e_norm_op1                            0x0801049d   Thumb Code    96  btod.o(CL$$btod_d2e_norm_op1)
    __btod_div_common                        0x080104fd   Thumb Code   696  btod.o(CL$$btod_div_common)
    _e2e                                     0x08010835   Thumb Code   220  btod.o(CL$$btod_e2e)
    _btod_ediv                               0x08010911   Thumb Code    42  btod.o(CL$$btod_ediv)
    _btod_emul                               0x0801093b   Thumb Code    42  btod.o(CL$$btod_emul)
    __btod_mult_common                       0x08010965   Thumb Code   580  btod.o(CL$$btod_mult_common)
    __ARM_fpclassify                         0x08010ba9   Thumb Code    48  fpclassify.o(i.__ARM_fpclassify)
    _is_digit                                0x08010bd9   Thumb Code    14  __printf_wp.o(i._is_digit)
    _get_lc_numeric                          0x08010be9   Thumb Code    44  lc_numeric_c.o(locale$$code)
    _fp_init                                 0x08010c15   Thumb Code    26  fpinit.o(x$fpl$fpinit)
    __fplib_config_fpu_vfp                   0x08010c2d   Thumb Code     0  fpinit.o(x$fpl$fpinit)
    __fplib_config_pureend_doubles           0x08010c2d   Thumb Code     0  fpinit.o(x$fpl$fpinit)
    _printf_fp_dec                           0x08010c2f   Thumb Code     4  printf1.o(x$fpl$printf1)
    __I$use$fp                               0x08010c32   Number         0  usenofp.o(x$fpl$usenofp)
    osRtxConfig                              0x08017a94   Data         104  lto-llvm-29ee91.o(.rodata)
    osRtxUserSVC                             0x08017b20   Data           4  lto-llvm-29ee91.o(.rodata)
    os_cb_sections                           0x08017b24   Data          56  lto-llvm-29ee91.o(.rodata)
    EventRecorderInfo                        0x08017b5c   Data          24  lto-llvm-29ee91.o(.rodata)
    Region$$Table$$Base                      0x08017fb4   Number         0  anon$$obj.o(Region$$Table)
    Region$$Table$$Limit                     0x08017fe4   Number         0  anon$$obj.o(Region$$Table)



==============================================================================

Memory Map of the image

  Image Entry point : 0x08000299

  Load Region LR_IROM1 (Base: 0x08000000, Size: 0x000284c0, Max: 0x00200000, ABSOLUTE, COMPRESSED[0x00018284])

    Execution Region RW_ITCM (Exec base: 0x00000000, Load base: 0x08018000, Size: 0x00003820, Max: 0x00010000, ABSOLUTE, COMPRESSED[0x00000080])

    Exec Addr    Load Addr    Size         Type   Attr      Idx    E Section Name        Object

    0x00000000   COMPRESSED   0x000003ec   Data   RW          797    .data               lto-llvm-29ee91.o
    0x000003ec   COMPRESSED   0x000000a4   Data   RW          191    .data.os            RTX_CM4F.lib(rtx_kernel.o)
    0x00000490   COMPRESSED   0x00000030   PAD
    0x000004c0        -       0x00000060   Zero   RW          646    .bss                c_w.l(libspace.o)
    0x00000520        -       0x000014c8   Zero   RW          795    .bss                lto-llvm-29ee91.o
    0x000019e8        -       0x00000001   Zero   RW          506    .bss.PendST         RTX_CM4F.lib(os_systick.o)
    0x000019e9   COMPRESSED   0x00000017   PAD
    0x00001a00        -       0x000004a4   Zero   RW          803    .bss.noinit         lto-llvm-29ee91.o
    0x00001ea4   COMPRESSED   0x00000004   PAD
    0x00001ea8        -       0x00001040   Zero   RW          799    .bss.os             lto-llvm-29ee91.o
    0x00002ee8        -       0x000001f0   Zero   RW          802    .bss.os.libspace    lto-llvm-29ee91.o
    0x000030d8        -       0x00000044   Zero   RW          800    .bss.os.thread.cb   lto-llvm-29ee91.o
    0x0000311c   COMPRESSED   0x00000004   PAD
    0x00003120        -       0x00000100   Zero   RW          801    .bss.os.thread.stack  lto-llvm-29ee91.o
    0x00003220        -       0x00000200   Zero   RW          126    HEAP                startup_stm32h743xx.o
    0x00003420        -       0x00000400   Zero   RW          125    STACK               startup_stm32h743xx.o


    Execution Region ER_IROM1 (Exec base: 0x08000000, Load base: 0x08000000, Size: 0x00018000, Max: 0x00200000, ABSOLUTE)

    Exec Addr    Load Addr    Size         Type   Attr      Idx    E Section Name        Object

    0x08000000   0x08000000   0x00000298   Data   RO          127    RESET               startup_stm32h743xx.o
    0x08000298   0x08000298   0x00000008   Code   RO          564  * !!!main             c_w.l(__main.o)
    0x080002a0   0x080002a0   0x00000034   Code   RO          828    !!!scatter          c_w.l(__scatter.o)
    0x080002d4   0x080002d4   0x0000005a   Code   RO          826    !!dczerorl2         c_w.l(__dczerorl2.o)
    0x0800032e   0x0800032e   0x00000002   PAD
    0x08000330   0x08000330   0x0000001c   Code   RO          830    !!handler_zi        c_w.l(__scatter_zi.o)
    0x0800034c   0x0800034c   0x00000000   Code   RO          549    .ARM.Collect$$_printf_percent$$00000000  c_w.l(_printf_percent.o)
    0x0800034c   0x0800034c   0x00000006   Code   RO          548    .ARM.Collect$$_printf_percent$$00000003  c_w.l(_printf_f.o)
    0x08000352   0x08000352   0x00000006   Code   RO          547    .ARM.Collect$$_printf_percent$$00000009  c_w.l(_printf_d.o)
    0x08000358   0x08000358   0x00000004   Code   RO          579    .ARM.Collect$$_printf_percent$$00000017  c_w.l(_printf_percent_end.o)
    0x0800035c   0x0800035c   0x00000002   Code   RO          657    .ARM.Collect$$libinit$$00000000  c_w.l(libinit.o)
    0x0800035e   0x0800035e   0x00000004   Code   RO          658    .ARM.Collect$$libinit$$00000001  c_w.l(libinit2.o)
    0x08000362   0x08000362   0x00000000   Code   RO          661    .ARM.Collect$$libinit$$00000004  c_w.l(libinit2.o)
    0x08000362   0x08000362   0x00000000   Code   RO          664    .ARM.Collect$$libinit$$0000000A  c_w.l(libinit2.o)
    0x08000362   0x08000362   0x00000000   Code   RO          666    .ARM.Collect$$libinit$$0000000C  c_w.l(libinit2.o)
    0x08000362   0x08000362   0x00000000   Code   RO          668    .ARM.Collect$$libinit$$0000000E  c_w.l(libinit2.o)
    0x08000362   0x08000362   0x00000006   Code   RO          669    .ARM.Collect$$libinit$$0000000F  c_w.l(libinit2.o)
    0x08000368   0x08000368   0x00000000   Code   RO          671    .ARM.Collect$$libinit$$00000011  c_w.l(libinit2.o)
    0x08000368   0x08000368   0x00000000   Code   RO          673    .ARM.Collect$$libinit$$00000013  c_w.l(libinit2.o)
    0x08000368   0x08000368   0x00000000   Code   RO          675    .ARM.Collect$$libinit$$00000015  c_w.l(libinit2.o)
    0x08000368   0x08000368   0x0000000a   Code   RO          676    .ARM.Collect$$libinit$$00000016  c_w.l(libinit2.o)
    0x08000372   0x08000372   0x00000000   Code   RO          677    .ARM.Collect$$libinit$$00000017  c_w.l(libinit2.o)
    0x08000372   0x08000372   0x00000000   Code   RO          679    .ARM.Collect$$libinit$$00000019  c_w.l(libinit2.o)
    0x08000372   0x08000372   0x00000000   Code   RO          681    .ARM.Collect$$libinit$$0000001B  c_w.l(libinit2.o)
    0x08000372   0x08000372   0x00000000   Code   RO          683    .ARM.Collect$$libinit$$0000001D  c_w.l(libinit2.o)
    0x08000372   0x08000372   0x00000000   Code   RO          685    .ARM.Collect$$libinit$$0000001F  c_w.l(libinit2.o)
    0x08000372   0x08000372   0x00000000   Code   RO          687    .ARM.Collect$$libinit$$00000021  c_w.l(libinit2.o)
    0x08000372   0x08000372   0x00000000   Code   RO          689    .ARM.Collect$$libinit$$00000023  c_w.l(libinit2.o)
    0x08000372   0x08000372   0x00000000   Code   RO          691    .ARM.Collect$$libinit$$00000025  c_w.l(libinit2.o)
    0x08000372   0x08000372   0x00000000   Code   RO          695    .ARM.Collect$$libinit$$0000002C  c_w.l(libinit2.o)
    0x08000372   0x08000372   0x00000000   Code   RO          697    .ARM.Collect$$libinit$$0000002E  c_w.l(libinit2.o)
    0x08000372   0x08000372   0x00000000   Code   RO          699    .ARM.Collect$$libinit$$00000030  c_w.l(libinit2.o)
    0x08000372   0x08000372   0x00000000   Code   RO          701    .ARM.Collect$$libinit$$00000032  c_w.l(libinit2.o)
    0x08000372   0x08000372   0x00000002   Code   RO          702    .ARM.Collect$$libinit$$00000033  c_w.l(libinit2.o)
    0x08000374   0x08000374   0x00000002   Code   RO          738    .ARM.Collect$$libshutdown$$00000000  c_w.l(libshutdown.o)
    0x08000376   0x08000376   0x00000000   Code   RO          749    .ARM.Collect$$libshutdown$$00000002  c_w.l(libshutdown2.o)
    0x08000376   0x08000376   0x00000000   Code   RO          751    .ARM.Collect$$libshutdown$$00000004  c_w.l(libshutdown2.o)
    0x08000376   0x08000376   0x00000000   Code   RO          754    .ARM.Collect$$libshutdown$$00000007  c_w.l(libshutdown2.o)
    0x08000376   0x08000376   0x00000000   Code   RO          757    .ARM.Collect$$libshutdown$$0000000A  c_w.l(libshutdown2.o)
    0x08000376   0x08000376   0x00000000   Code   RO          759    .ARM.Collect$$libshutdown$$0000000C  c_w.l(libshutdown2.o)
    0x08000376   0x08000376   0x00000000   Code   RO          762    .ARM.Collect$$libshutdown$$0000000F  c_w.l(libshutdown2.o)
    0x08000376   0x08000376   0x00000002   Code   RO          763    .ARM.Collect$$libshutdown$$00000010  c_w.l(libshutdown2.o)
    0x08000378   0x08000378   0x00000000   Code   RO          568    .ARM.Collect$$rtentry$$00000000  c_w.l(__rtentry.o)
    0x08000378   0x08000378   0x00000000   Code   RO          583    .ARM.Collect$$rtentry$$00000002  c_w.l(__rtentry2.o)
    0x08000378   0x08000378   0x00000006   Code   RO          595    .ARM.Collect$$rtentry$$00000004  c_w.l(__rtentry4.o)
    0x0800037e   0x0800037e   0x00000008   Code   RO          584    .ARM.Collect$$rtentry$$00000008  c_w.l(__rtentry2.o)
    0x08000386   0x08000386   0x00000004   Code   RO          586    .ARM.Collect$$rtentry$$0000000A  c_w.l(__rtentry2.o)
    0x0800038a   0x0800038a   0x00000000   Code   RO          588    .ARM.Collect$$rtentry$$0000000C  c_w.l(__rtentry2.o)
    0x0800038a   0x0800038a   0x00000008   Code   RO          589    .ARM.Collect$$rtentry$$0000000D  c_w.l(__rtentry2.o)
    0x08000392   0x08000392   0x00000002   Code   RO          703    .ARM.Collect$$rtexit$$00000000  c_w.l(rtexit.o)
    0x08000394   0x08000394   0x00000000   Code   RO          712    .ARM.Collect$$rtexit$$00000002  c_w.l(rtexit2.o)
    0x08000394   0x08000394   0x00000004   Code   RO          713    .ARM.Collect$$rtexit$$00000003  c_w.l(rtexit2.o)
    0x08000398   0x08000398   0x00000006   Code   RO          714    .ARM.Collect$$rtexit$$00000004  c_w.l(rtexit2.o)
    0x0800039e   0x0800039e   0x00000002   PAD
    0x080003a0   0x080003a0   0x00000040   Code   RO          128    .text               startup_stm32h743xx.o
    0x080003e0   0x080003e0   0x000000c4   Code   RO          394    .text               RTX_CM4F.lib(irq_cm4f.o)
    0x080004a4   0x080004a4   0x00000028   Code   RO          521    .text               c_w.l(noretval__2sprintf.o)
    0x080004cc   0x080004cc   0x00000078   Code   RO          525    .text               c_w.l(_printf_dec.o)
    0x08000544   0x08000544   0x00000138   Code   RO          539    .text               c_w.l(__printf_flags_wp.o)
    0x0800067c   0x0800067c   0x00000048   Code   RO          550    .text               c_w.l(strcpy.o)
    0x080006c4   0x080006c4   0x0000003e   Code   RO          552    .text               c_w.l(strlen.o)
    0x08000702   0x08000702   0x0000008a   Code   RO          554    .text               c_w.l(rt_memcpy_v6.o)
    0x0800078c   0x0800078c   0x00000044   Code   RO          556    .text               c_w.l(rt_memclr.o)
    0x080007d0   0x080007d0   0x0000004e   Code   RO          558    .text               c_w.l(rt_memclr_w.o)
    0x0800081e   0x0800081e   0x00000002   PAD
    0x08000820   0x08000820   0x0000007c   Code   RO          560    .text               c_w.l(strcmpv7m_pel.o)
    0x0800089c   0x0800089c   0x00000006   Code   RO          562    .text               c_w.l(heapauxi.o)
    0x080008a2   0x080008a2   0x000000b2   Code   RO          569    .text               c_w.l(_printf_intcommon.o)
    0x08000954   0x08000954   0x0000041c   Code   RO          571    .text               c_w.l(_printf_fp_dec.o)
    0x08000d70   0x08000d70   0x00000030   Code   RO          575    .text               c_w.l(_printf_char_common.o)
    0x08000da0   0x08000da0   0x0000000a   Code   RO          577    .text               c_w.l(_sputc.o)
    0x08000daa   0x08000daa   0x00000064   Code   RO          580    .text               c_w.l(rt_memcpy_w.o)
    0x08000e0e   0x08000e0e   0x0000000a   Code   RO          602    .text               c_w.l(rt_locale_twolibspace.o)
    0x08000e18   0x08000e18   0x0000008a   Code   RO          604    .text               c_w.l(lludiv10.o)
    0x08000ea2   0x08000ea2   0x00000002   PAD
    0x08000ea4   0x08000ea4   0x00000080   Code   RO          606    .text               c_w.l(_printf_fp_infnan.o)
    0x08000f24   0x08000f24   0x000000e4   Code   RO          610    .text               c_w.l(bigflt0.o)
    0x08001008   0x08001008   0x00000008   Code   RO          645    .text               c_w.l(libspace.o)
    0x08001010   0x08001010   0x0000004a   Code   RO          648    .text               c_w.l(sys_stackheap_outer.o)
    0x0800105a   0x0800105a   0x00000012   Code   RO          652    .text               c_w.l(exit.o)
    0x0800106c   0x0800106c   0x0000000c   Code   RO          724    .text               c_w.l(sys_exit.o)
    0x08001078   0x08001078   0x00000002   Code   RO          739    .text               c_w.l(use_no_semi.o)
    0x0800107a   0x0800107a   0x00000000   Code   RO          741    .text               c_w.l(indicate_semi.o)
    0x0800107a   0x0800107a   0x00000002   PAD
    0x0800107c   0x0800107c   0x0000e1d8   Code   RO          790    .text               lto-llvm-29ee91.o
    0x0800f254   0x0800f254   0x000000ee   Code   RO          812    .text               c_w.l(lludivv7m.o)
    0x0800f342   0x0800f342   0x00000002   PAD
    0x0800f344   0x0800f344   0x00000008   Code   RO          494    .text.OS_Tick_AcknowledgeIRQ  RTX_CM4F.lib(os_systick.o)
    0x0800f34c   0x0800f34c   0x00000024   Code   RO          490    .text.OS_Tick_Enable  RTX_CM4F.lib(os_systick.o)
    0x0800f370   0x0800f370   0x00000008   Code   RO          498    .text.OS_Tick_GetClock  RTX_CM4F.lib(os_systick.o)
    0x0800f378   0x0800f378   0x0000000c   Code   RO          502    .text.OS_Tick_GetCount  RTX_CM4F.lib(os_systick.o)
    0x0800f384   0x0800f384   0x00000006   Code   RO          496    .text.OS_Tick_GetIRQn  RTX_CM4F.lib(os_systick.o)
    0x0800f38a   0x0800f38a   0x00000002   PAD
    0x0800f38c   0x0800f38c   0x0000000c   Code   RO          500    .text.OS_Tick_GetInterval  RTX_CM4F.lib(os_systick.o)
    0x0800f398   0x0800f398   0x0000000c   Code   RO          504    .text.OS_Tick_GetOverflow  RTX_CM4F.lib(os_systick.o)
    0x0800f3a4   0x0800f3a4   0x00000040   Code   RO          488    .text.OS_Tick_Setup  RTX_CM4F.lib(os_systick.o)
    0x0800f3e4   0x0800f3e4   0x0000006a   Code   RO          283    .text.ThreadFlagsCheck  RTX_CM4F.lib(rtx_thread.o)
    0x0800f44e   0x0800f44e   0x00000002   PAD
    0x0800f450   0x0800f450   0x00000024   Code   RO          338    .text.osDelay       RTX_CM4F.lib(rtx_delay.o)
    0x0800f474   0x0800f474   0x00000030   Code   RO          144    .text.osKernelGetState  RTX_CM4F.lib(rtx_kernel.o)
    0x0800f4a4   0x0800f4a4   0x00000024   Code   RO          168    .text.osKernelGetSysTimerCount  RTX_CM4F.lib(rtx_kernel.o)
    0x0800f4c8   0x0800f4c8   0x00000024   Code   RO          172    .text.osKernelGetSysTimerFreq  RTX_CM4F.lib(rtx_kernel.o)
    0x0800f4ec   0x0800f4ec   0x00000028   Code   RO          160    .text.osKernelGetTickCount  RTX_CM4F.lib(rtx_kernel.o)
    0x0800f514   0x0800f514   0x0000002c   Code   RO          138    .text.osKernelInitialize  RTX_CM4F.lib(rtx_kernel.o)
    0x0800f540   0x0800f540   0x00000024   Code   RO          148    .text.osKernelStart  RTX_CM4F.lib(rtx_kernel.o)
    0x0800f564   0x0800f564   0x00000024   Code   RO          363    .text.osMutexAcquire  RTX_CM4F.lib(rtx_mutex.o)
    0x0800f588   0x0800f588   0x00000024   Code   RO          369    .text.osMutexDelete  RTX_CM4F.lib(rtx_mutex.o)
    0x0800f5ac   0x0800f5ac   0x00000024   Code   RO          359    .text.osMutexNew    RTX_CM4F.lib(rtx_mutex.o)
    0x0800f5d0   0x0800f5d0   0x00000024   Code   RO          365    .text.osMutexRelease  RTX_CM4F.lib(rtx_mutex.o)
    0x0800f5f4   0x0800f5f4   0x00000080   Code   RO          401    .text.osRtxMemoryAlloc  RTX_CM4F.lib(rtx_memory.o)
    0x0800f674   0x0800f674   0x00000052   Code   RO          403    .text.osRtxMemoryFree  RTX_CM4F.lib(rtx_memory.o)
    0x0800f6c6   0x0800f6c6   0x00000036   Code   RO          399    .text.osRtxMemoryInit  RTX_CM4F.lib(rtx_memory.o)
    0x0800f6fc   0x0800f6fc   0x00000038   Code   RO          418    .text.osRtxMemoryPoolAlloc  RTX_CM4F.lib(rtx_mempool.o)
    0x0800f734   0x0800f734   0x00000048   Code   RO          420    .text.osRtxMemoryPoolFree  RTX_CM4F.lib(rtx_mempool.o)
    0x0800f77c   0x0800f77c   0x00000054   Code   RO          416    .text.osRtxMemoryPoolInit  RTX_CM4F.lib(rtx_mempool.o)
    0x0800f7d0   0x0800f7d0   0x00000044   Code   RO          357    .text.osRtxMutexOwnerRelease  RTX_CM4F.lib(rtx_mutex.o)
    0x0800f814   0x0800f814   0x0000008c   Code   RO          473    .text.osRtxPendSV_Handler  RTX_CM4F.lib(rtx_system.o)
    0x0800f8a0   0x0800f8a0   0x00000038   Code   RO          223    .text.osRtxThreadBlock  RTX_CM4F.lib(rtx_thread.o)
    0x0800f8d8   0x0800f8d8   0x00000088   Code   RO          231    .text.osRtxThreadDelayInsert  RTX_CM4F.lib(rtx_thread.o)
    0x0800f960   0x0800f960   0x00000054   Code   RO          227    .text.osRtxThreadDelayRemove  RTX_CM4F.lib(rtx_thread.o)
    0x0800f9b4   0x0800f9b4   0x00000034   Code   RO          213    .text.osRtxThreadDelayTick  RTX_CM4F.lib(rtx_thread.o)
    0x0800f9e8   0x0800f9e8   0x0000005c   Code   RO          221    .text.osRtxThreadDispatch  RTX_CM4F.lib(rtx_thread.o)
    0x0800fa44   0x0800fa44   0x00000054   Code   RO          307    .text.osRtxThreadFree  RTX_CM4F.lib(rtx_thread.o)
    0x0800fa98   0x0800fa98   0x00000016   Code   RO          205    .text.osRtxThreadListGet  RTX_CM4F.lib(rtx_thread.o)
    0x0800faae   0x0800faae   0x0000002c   Code   RO          203    .text.osRtxThreadListPut  RTX_CM4F.lib(rtx_thread.o)
    0x0800fada   0x0800fada   0x00000014   Code   RO          209    .text.osRtxThreadListRemove  RTX_CM4F.lib(rtx_thread.o)
    0x0800faee   0x0800faee   0x00000028   Code   RO          207    .text.osRtxThreadListSort  RTX_CM4F.lib(rtx_thread.o)
    0x0800fb16   0x0800fb16   0x0000002a   Code   RO          281    .text.osRtxThreadPostProcess  RTX_CM4F.lib(rtx_thread.o)
    0x0800fb40   0x0800fb40   0x00000010   Code   RO          211    .text.osRtxThreadReadyPut  RTX_CM4F.lib(rtx_thread.o)
    0x0800fb50   0x0800fb50   0x00000024   Code   RO          219    .text.osRtxThreadStackCheck  RTX_CM4F.lib(rtx_thread.o)
    0x0800fb74   0x0800fb74   0x00000050   Code   RO          233    .text.osRtxThreadStartup  RTX_CM4F.lib(rtx_thread.o)
    0x0800fbc4   0x0800fbc4   0x00000010   Code   RO          217    .text.osRtxThreadSwitch  RTX_CM4F.lib(rtx_thread.o)
    0x0800fbd4   0x0800fbd4   0x00000038   Code   RO          229    .text.osRtxThreadWaitEnter  RTX_CM4F.lib(rtx_thread.o)
    0x0800fc0c   0x0800fc0c   0x00000032   Code   RO          225    .text.osRtxThreadWaitExit  RTX_CM4F.lib(rtx_thread.o)
    0x0800fc3e   0x0800fc3e   0x00000002   PAD
    0x0800fc40   0x0800fc40   0x00000070   Code   RO          471    .text.osRtxTick_Handler  RTX_CM4F.lib(rtx_system.o)
    0x0800fcb0   0x0800fcb0   0x0000000c   Code   RO          265    .text.osThreadExit  RTX_CM4F.lib(rtx_thread.o)
    0x0800fcbc   0x0800fcbc   0x00000028   Code   RO          241    .text.osThreadGetId  RTX_CM4F.lib(rtx_thread.o)
    0x0800fce4   0x0800fce4   0x00000024   Code   RO          237    .text.osThreadNew   RTX_CM4F.lib(rtx_thread.o)
    0x0800fd08   0x0800fd08   0x00000014   Code   RO          342    .text.svcRtxDelay   RTX_CM4F.lib(rtx_delay.o)
    0x0800fd1c   0x0800fd1c   0x00000008   Code   RO          146    .text.svcRtxKernelGetState  RTX_CM4F.lib(rtx_kernel.o)
    0x0800fd24   0x0800fd24   0x00000024   Code   RO          170    .text.svcRtxKernelGetSysTimerCount  RTX_CM4F.lib(rtx_kernel.o)
    0x0800fd48   0x0800fd48   0x00000004   Code   RO          174    .text.svcRtxKernelGetSysTimerFreq  RTX_CM4F.lib(rtx_kernel.o)
    0x0800fd4c   0x0800fd4c   0x0000000c   Code   RO          162    .text.svcRtxKernelGetTickCount  RTX_CM4F.lib(rtx_kernel.o)
    0x0800fd58   0x0800fd58   0x00000174   Code   RO          176    .text.svcRtxKernelInitialize  RTX_CM4F.lib(rtx_kernel.o)
    0x0800fecc   0x0800fecc   0x0000008c   Code   RO          178    .text.svcRtxKernelStart  RTX_CM4F.lib(rtx_kernel.o)
    0x0800ff58   0x0800ff58   0x00000094   Code   RO          375    .text.svcRtxMutexAcquire  RTX_CM4F.lib(rtx_mutex.o)
    0x0800ffec   0x0800ffec   0x000000c4   Code   RO          381    .text.svcRtxMutexDelete  RTX_CM4F.lib(rtx_mutex.o)
    0x080100b0   0x080100b0   0x0000006c   Code   RO          371    .text.svcRtxMutexNew  RTX_CM4F.lib(rtx_mutex.o)
    0x0801011c   0x0801011c   0x000000b0   Code   RO          377    .text.svcRtxMutexRelease  RTX_CM4F.lib(rtx_mutex.o)
    0x080101cc   0x080101cc   0x00000064   Code   RO          311    .text.svcRtxThreadExit  RTX_CM4F.lib(rtx_thread.o)
    0x08010230   0x08010230   0x0000000c   Code   RO          243    .text.svcRtxThreadGetId  RTX_CM4F.lib(rtx_thread.o)
    0x0801023c   0x0801023c   0x000001dc   Code   RO          235    .text.svcRtxThreadNew  RTX_CM4F.lib(rtx_thread.o)
    0x08010418   0x08010418   0x0000003e   Code   RO          613    CL$$btod_d2e        c_w.l(btod.o)
    0x08010456   0x08010456   0x00000046   Code   RO          615    CL$$btod_d2e_denorm_low  c_w.l(btod.o)
    0x0801049c   0x0801049c   0x00000060   Code   RO          614    CL$$btod_d2e_norm_op1  c_w.l(btod.o)
    0x080104fc   0x080104fc   0x00000338   Code   RO          623    CL$$btod_div_common  c_w.l(btod.o)
    0x08010834   0x08010834   0x000000dc   Code   RO          620    CL$$btod_e2e        c_w.l(btod.o)
    0x08010910   0x08010910   0x0000002a   Code   RO          617    CL$$btod_ediv       c_w.l(btod.o)
    0x0801093a   0x0801093a   0x0000002a   Code   RO          616    CL$$btod_emul       c_w.l(btod.o)
    0x08010964   0x08010964   0x00000244   Code   RO          622    CL$$btod_mult_common  c_w.l(btod.o)
    0x08010ba8   0x08010ba8   0x00000030   Code   RO          643    i.__ARM_fpclassify  m_wv.l(fpclassify.o)
    0x08010bd8   0x08010bd8   0x0000000e   Code   RO          537    i._is_digit         c_w.l(__printf_wp.o)
    0x08010be6   0x08010be6   0x00000002   PAD
    0x08010be8   0x08010be8   0x0000002c   Code   RO          638    locale$$code        c_w.l(lc_numeric_c.o)
    0x08010c14   0x08010c14   0x0000001a   Code   RO          709    x$fpl$fpinit        fz_wv.l(fpinit.o)
    0x08010c2e   0x08010c2e   0x00000004   Code   RO          566    x$fpl$printf1       fz_wv.l(printf1.o)
    0x08010c32   0x08010c32   0x00000000   Code   RO          642    x$fpl$usenofp       fz_wv.l(usenofp.o)
    0x08010c32   0x08010c32   0x00000011   Data   RO          540    .constdata          c_w.l(__printf_flags_wp.o)
    0x08010c43   0x08010c43   0x00000001   PAD
    0x08010c44   0x08010c44   0x00000094   Data   RO          611    .constdata          c_w.l(bigflt0.o)
    0x08010cd8   0x08010cd8   0x00006eb4   Data   RO          792    .rodata             lto-llvm-29ee91.o
    0x08017b8c   0x08017b8c   0x00000020   Data   RO          798    .rodata.cst16       lto-llvm-29ee91.o
    0x08017bac   0x08017bac   0x000003f9   Data   RO          794    .rodata.str1.1      lto-llvm-29ee91.o
    0x08017fa5   0x08017fa5   0x00000003   PAD
    0x08017fa8   0x08017fa8   0x0000000b   Data   RO          190    .rodata.str1.4      RTX_CM4F.lib(rtx_kernel.o)
    0x08017fb3   0x08017fb3   0x00000001   PAD
    0x08017fb4   0x08017fb4   0x00000030   Data   RO          825    Region$$Table       anon$$obj.o
    0x08017fe4   0x08017fe4   0x0000001c   Data   RO          637    locale$$data        c_w.l(lc_numeric_c.o)


    Execution Region IRAM_DTCM (Exec base: 0x20000000, Load base: 0x08018080, Size: 0x00000000, Max: 0x00020000, ABSOLUTE)

    **** No section assigned to this execution region ****


    Execution Region IRAM_AXIM (Exec base: 0x24000000, Load base: 0x08018080, Size: 0x00000000, Max: 0x00080000, ABSOLUTE)

    **** No section assigned to this execution region ****


    Execution Region IRAM_FBALLOC (Exec base: 0x30000000, Load base: 0x08018080, Size: 0x00000000, Max: 0x00040000, ABSOLUTE)

    **** No section assigned to this execution region ****


    Execution Region IRAM_JPEG (Exec base: 0x30040000, Load base: 0x08018080, Size: 0x00000000, Max: 0x00008000, ABSOLUTE)

    **** No section assigned to this execution region ****


    Execution Region IRAM_LIB (Exec base: 0x38000000, Load base: 0x08018080, Size: 0x00010000, Max: 0x00010000, ABSOLUTE, COMPRESSED[0x00000204])

    Exec Addr    Load Addr    Size         Type   Attr      Idx    E Section Name        Object

    0x38000000   COMPRESSED   0x00010000   Data   RW          796    .RAM_RTE            lto-llvm-29ee91.o


==============================================================================

Image component sizes


      Code (inc. data)   RO Data    RW Data    ZI Data      Debug   Object Name

     57816       3480      29389      66540      11488     400367   lto-llvm-29ee91.o
        64         26        664          0       1536        896   startup_stm32h743xx.o

    ----------------------------------------------------------------------
     57880       3506      30104      66540      13032     401263   Object Totals
         0          0         48          0          0          0   (incl. Generated)
         0          0          3          0          8          0   (incl. Padding)

    ----------------------------------------------------------------------

      Code (inc. data)   RO Data    RW Data    ZI Data      Debug   Library Member Name

       196         12          0          0          0        544   irq_cm4f.o
       158         24          0          0          1       3637   os_systick.o
        56          4          0          0          0       3110   rtx_delay.o
       812         56         11        164          0      18879   rtx_kernel.o
       264          0          0          0          0       2733   rtx_memory.o
       212          0          0          0          0      17095   rtx_mempool.o
       840         28          0          0          0      10275   rtx_mutex.o
       252         12          0          0          0       5693   rtx_system.o
      1708         64          0          0          0      34306   rtx_thread.o
        90          0          0          0          0          0   __dczerorl2.o
         8          0          0          0          0         68   __main.o
       312          4         17          0          0         92   __printf_flags_wp.o
        14          0          0          0          0         68   __printf_wp.o
         0          0          0          0          0          0   __rtentry.o
        20          0          0          0          0          0   __rtentry2.o
         6          0          0          0          0          0   __rtentry4.o
        52          8          0          0          0          0   __scatter.o
        28          0          0          0          0          0   __scatter_zi.o
        48          6          0          0          0         96   _printf_char_common.o
         6          0          0          0          0          0   _printf_d.o
       120         16          0          0          0         92   _printf_dec.o
         6          0          0          0          0          0   _printf_f.o
      1052          0          0          0          0        148   _printf_fp_dec.o
       128         16          0          0          0         84   _printf_fp_infnan.o
       178          0          0          0          0         88   _printf_intcommon.o
         0          0          0          0          0          0   _printf_percent.o
         4          0          0          0          0          0   _printf_percent_end.o
        10          0          0          0          0         68   _sputc.o
       228          4        148          0          0         96   bigflt0.o
      1936        128          0          0          0        672   btod.o
        18          0          0          0          0         80   exit.o
         6          0          0          0          0        152   heapauxi.o
         0          0          0          0          0          0   indicate_semi.o
        44         10         28          0          0         76   lc_numeric_c.o
         2          0          0          0          0          0   libinit.o
        22          0          0          0          0          0   libinit2.o
         2          0          0          0          0          0   libshutdown.o
         2          0          0          0          0          0   libshutdown2.o
         8          4          0          0         96         68   libspace.o
       138          0          0          0          0         80   lludiv10.o
       238          0          0          0          0        100   lludivv7m.o
        40          6          0          0          0         84   noretval__2sprintf.o
        10          0          0          0          0         76   rt_locale_twolibspace.o
        68          0          0          0          0         68   rt_memclr.o
        78          0          0          0          0         80   rt_memclr_w.o
       138          0          0          0          0         68   rt_memcpy_v6.o
       100          0          0          0          0         80   rt_memcpy_w.o
         2          0          0          0          0          0   rtexit.o
        10          0          0          0          0          0   rtexit2.o
       124          0          0          0          0         88   strcmpv7m_pel.o
        72          0          0          0          0         80   strcpy.o
        62          0          0          0          0         76   strlen.o
        12          4          0          0          0         68   sys_exit.o
        74          0          0          0          0         80   sys_stackheap_outer.o
         2          0          0          0          0         68   use_no_semi.o
        26          0          0          0          0        116   fpinit.o
         4          0          0          0          0        116   printf1.o
         0          0          0          0          0          0   usenofp.o
        48          0          0          0          0        124   fpclassify.o

    ----------------------------------------------------------------------
     10114        406        206        164        168      99672   Library Totals
        20          0          2          0         71          0   (incl. Padding)

    ----------------------------------------------------------------------

      Code (inc. data)   RO Data    RW Data    ZI Data      Debug   Library Name

      4498        200         11        164          1      96272   RTX_CM4F.lib
      5518        206        193          0         96       3044   c_w.l
        30          0          0          0          0        232   fz_wv.l
        48          0          0          0          0        124   m_wv.l

    ----------------------------------------------------------------------
     10114        406        206        164        168      99672   Library Totals

    ----------------------------------------------------------------------

==============================================================================


      Code (inc. data)   RO Data    RW Data    ZI Data      Debug   

     67994       3912      30310      66704      13200     498943   Grand Totals
     67994       3912      30310        644      13200     498943   ELF Image Totals (compressed)
     67994       3912      30310        644          0          0   ROM Totals

==============================================================================

    Total RO  Size (Code + RO Data)                98304 (  96.00kB)
    Total RW  Size (RW Data + ZI Data)             79904 (  78.03kB)
    Total ROM Size (Code + RO Data + RW Data)      98948 (  96.63kB)

==============================================================================

