<html>
<body>
<pre>
<h1>µVision Build Log</h1>
<h2>Tool Versions:</h2>
IDE-Version: ¦ÌVision V5.27.0.0
Copyright (C) 2018 ARM Ltd and ARM Germany GmbH. All rights reserved.
License Information: sd sdshanlei@outlook.com, sd, LIC=BL28T-RYCQZ-F1GPT-R5D8C-NY0SI-A0V5H
 
Tool Versions:
Toolchain:       MDK-ARM Professional  Version: 5.27.0.0
Toolchain Path:  C:\UserProfession\Keil_v5\ARM\ARMCLANG\Bin
C Compiler:      ArmClang.exe V6.11
Assembler:       Armasm.exe V6.11
Linker/Locator:  ArmLink.exe V6.11
Library Manager: ArmAr.exe V6.11
Hex Converter:   FromElf.exe V6.11
CPU DLL:         SARMCM3.DLL V5.27.0.0
Dialog DLL:      DCM.DLL V1.17.2.0
Target DLL:      Segger\JL2CM3.dll V2.99.34.0
Dialog DLL:      TCM.DLL V1.36.1.0
 
<h2>Project:</h2>
C:\Users\sdsha\Desktop\ProDay1\MDKPro\H743Pro.uvprojx
Project File Date:  12/25/2018

<h2>Output:</h2>
*** Using Compiler 'V6.11', folder: 'C:\UserProfession\Keil_v5\ARM\ARMCLANG\Bin'
Build target 'Target 1'
compiling stm32h7xx_it.c...
compiling stm32h7xx_hal_pwr.c...
compiling main.c...
compiling stm32h7xx_hal_cortex.c...
compiling stm32h7xx_hal_pwr_ex.c...
compiling stm32h7xx_hal.c...
compiling stm32h7xx_hal_gpio.c...
assembling startup_stm32h743xx.s...
compiling stm32h7xx_hal_msp.c...
compiling system_stm32h7xx.c...
compiling stm32h7xx_hal_rcc.c...
compiling stm32h7xx_hal_rcc_ex.c...
linking...
Program Size: Code=2744 RO-data=712 RW-data=12 ZI-data=1644  
".\Objects\H743Pro.axf" - 0 Error(s), 0 Warning(s).

<h2>Software Packages used:</h2>

Package Vendor: ARM
                http://www.keil.com/pack/ARM.CMSIS.5.4.0.pack
                ARM.CMSIS.5.4.0
                CMSIS (Cortex Microcontroller Software Interface Standard)
   * Component: CORE Version: 5.1.2

Package Vendor: Keil
                project-path/Keil.FrameworkCubeMX.1.0.0.pack
                Keil.FrameworkCubeMX.1.0.0
                STM32CubeMX generated pack description
   * Component: STM32CubeMX Version: 1.0.0

Package Vendor: Keil
                http://www.keil.com/pack/Keil.STM32H7xx_DFP.2.2.0.pack
                Keil.STM32H7xx_DFP.2.2.0
                STMicroelectronics STM32H7 Series Device Support and Examples
   * Component: STM32Cube Framework Version: 1.1.0
   * Component: Common Version: 1.3.0
   * Component: Cortex Version: 1.3.0
   * Component: GPIO Version: 1.3.0
   * Component: PWR Version: 1.3.0
   * Component: RCC Version: 1.3.0
   * Component: Startup Version: 1.2.0

<h2>Collection of Component include folders:</h2>
  .\RTE\Device\STM32H743VITx
  .\RTE\Device\STM32H743VITx\Drivers\STM32H7xx_HAL_Driver\Inc
  .\RTE\Device\STM32H743VITx\STCubeGenerated\Inc
  .\RTE\_Target_1
  C:\UserProfession\Keil_v5\ARM\PACK\ARM\CMSIS\5.4.0\CMSIS\Core\Include
  C:\UserProfession\Keil_v5\ARM\PACK\Keil\STM32H7xx_DFP\2.2.0\Drivers\CMSIS\Device\ST\STM32H7xx\Include
  C:\UserProfession\Keil_v5\ARM\PACK\Keil\STM32H7xx_DFP\2.2.0\Drivers\STM32H7xx_HAL_Driver\Inc

<h2>Collection of Component Files used:</h2>

   * Component: ::Device:STM32Cube Framework:1.1.0 (API)

   * Component: ARM::CMSIS:CORE:5.1.2

   * Component: Keil::Device:STM32Cube Framework:STM32CubeMX:1.0.0
      Source file:   STCubeGenerated\Src\stm32h7xx_hal_msp.c
      Include file:  STCubeGenerated\Inc\stm32h7xx_hal_conf.h
      Include file:  MX_Device.h

   * Component: Keil::Device:STM32Cube HAL:Common:1.3.0
      Include file:  Drivers\STM32H7xx_HAL_Driver\Inc\stm32h7xx_hal.h
      Source file:   Drivers\STM32H7xx_HAL_Driver\Src\stm32h7xx_hal.c

   * Component: Keil::Device:STM32Cube HAL:Cortex:1.3.0
      Source file:   Drivers\STM32H7xx_HAL_Driver\Src\stm32h7xx_hal_cortex.c

   * Component: Keil::Device:STM32Cube HAL:GPIO:1.3.0
      Source file:   Drivers\STM32H7xx_HAL_Driver\Src\stm32h7xx_hal_gpio.c

   * Component: Keil::Device:STM32Cube HAL:PWR:1.3.0
      Source file:   Drivers\STM32H7xx_HAL_Driver\Src\stm32h7xx_hal_pwr.c
      Source file:   Drivers\STM32H7xx_HAL_Driver\Src\stm32h7xx_hal_pwr_ex.c

   * Component: Keil::Device:STM32Cube HAL:RCC:1.3.0
      Source file:   Drivers\STM32H7xx_HAL_Driver\Src\stm32h7xx_hal_rcc_ex.c
      Source file:   Drivers\STM32H7xx_HAL_Driver\Src\stm32h7xx_hal_rcc.c

   * Component: Keil::Device:Startup:1.2.0
      Source file:   Drivers\CMSIS\Device\ST\STM32H7xx\Source\Templates\system_stm32h7xx.c
      Include file:  Drivers\CMSIS\Device\ST\STM32H7xx\Include\stm32h7xx.h
      Source file:   Drivers\CMSIS\Device\ST\STM32H7xx\Source\Templates\arm\startup_stm32h743xx.s
Build Time Elapsed:  00:00:03
</pre>
</body>
</html>
