Component: ARM Compiler 6.11 Tool: armlink [5d3b3900]

==============================================================================

Section Cross References

    startup_stm32h743xx.o(STACK) refers (Special) to heapauxi.o(.text) for __use_two_region_memory
    startup_stm32h743xx.o(HEAP) refers (Special) to heapauxi.o(.text) for __use_two_region_memory
    startup_stm32h743xx.o(RESET) refers (Special) to heapauxi.o(.text) for __use_two_region_memory
    startup_stm32h743xx.o(RESET) refers to startup_stm32h743xx.o(STACK) for __initial_sp
    startup_stm32h743xx.o(RESET) refers to startup_stm32h743xx.o(.text) for Reset_Handler
    startup_stm32h743xx.o(RESET) refers to lto-llvm-910002.o(.text) for NMI_Handler
    startup_stm32h743xx.o(RESET) refers to irq_cm4f.o(.text) for SVC_Handler
    startup_stm32h743xx.o(.text) refers (Special) to heapauxi.o(.text) for __use_two_region_memory
    startup_stm32h743xx.o(.text) refers to lto-llvm-910002.o(.text) for SystemInit
    startup_stm32h743xx.o(.text) refers to __main.o(!!!main) for __main
    startup_stm32h743xx.o(.text) refers to startup_stm32h743xx.o(HEAP) for Heap_Mem
    startup_stm32h743xx.o(.text) refers to startup_stm32h743xx.o(STACK) for Stack_Mem
    rw_lib.o(i._ath_commit) refers to cust_api_ioctl.o(i.ath_ioctl_handler) for ath_ioctl_handler
    rw_lib.o(i._ath_commit) refers to rw_lib.o(.data) for g_handle
    rw_lib.o(i._ath_set_bgn_mode) refers to cust_api_ioctl.o(i.ath_ioctl_handler) for ath_ioctl_handler
    rw_lib.o(i._ath_set_bgn_mode) refers to rw_lib.o(.data) for g_handle
    rw_lib.o(i._ath_set_bssid) refers to cust_api_ioctl.o(i.ath_ioctl_handler) for ath_ioctl_handler
    rw_lib.o(i._ath_set_bssid) refers to rw_lib.o(.data) for g_handle
    rw_lib.o(i._ath_set_cipher) refers to cust_api_ioctl.o(i.ath_ioctl_handler) for ath_ioctl_handler
    rw_lib.o(i._ath_set_cipher) refers to rw_lib.o(.data) for g_handle
    rw_lib.o(i._ath_set_essid) refers to cust_api_ioctl.o(i.ath_ioctl_handler) for ath_ioctl_handler
    rw_lib.o(i._ath_set_essid) refers to rw_lib.o(.data) for g_handle
    rw_lib.o(i._ath_set_mode) refers to cust_api_ioctl.o(i.ath_ioctl_handler) for ath_ioctl_handler
    rw_lib.o(i._ath_set_mode) refers to rw_lib.o(.data) for g_handle
    rw_lib.o(i._ath_set_passphrase) refers to cust_api_ioctl.o(i.ath_ioctl_handler) for ath_ioctl_handler
    rw_lib.o(i._ath_set_passphrase) refers to rw_lib.o(.data) for g_handle
    rw_lib.o(i._ath_set_pmk) refers to cust_api_ioctl.o(i.ath_ioctl_handler) for ath_ioctl_handler
    rw_lib.o(i._ath_set_pmk) refers to rw_lib.o(.data) for g_handle
    rw_lib.o(i._ath_set_sec_type) refers to cust_api_ioctl.o(i.ath_ioctl_handler) for ath_ioctl_handler
    rw_lib.o(i._ath_set_sec_type) refers to rw_lib.o(.data) for g_handle
    rw_lib.o(i._check_sys_params) refers to strncmp.o(.text) for strncmp
    rw_lib.o(i._clean_filename) refers to strlen.o(.text) for strlen
    rw_lib.o(i._dns_req) refers to rw_dns.o(i.dns_connect) for dns_connect
    rw_lib.o(i._dns_req) refers to rw_dns.o(i.dnsreq_send) for dnsreq_send
    rw_lib.o(i._dns_req) refers to rw_lib.o(i.select) for select
    rw_lib.o(i._dns_req) refers to rw_lib.o(i.shutdown) for shutdown
    rw_lib.o(i._dns_req) refers to rw_dns.o(i.dnsreq_recv) for dnsreq_recv
    rw_lib.o(i._dns_req) refers to rw_lib.o(i.rw_sysSleep) for rw_sysSleep
    rw_lib.o(i._dns_req) refers to rw_lib.o(.bss) for g_sys_params
    rw_lib.o(i._preload_flash) refers to rw_lib.o(i.socket) for socket
    rw_lib.o(i._preload_flash) refers to rw_lib.o(i.bind) for bind
    rw_lib.o(i._preload_flash) refers to rw_lib.o(i.close) for close
    rw_lib.o(i._preload_flash) refers to rw_lib.o(.bss) for g_sys_params
    rw_lib.o(i._set_PowerParam) refers to cust_api_ioctl.o(i.ath_ioctl_handler) for ath_ioctl_handler
    rw_lib.o(i._set_PowerParam) refers to rw_lib.o(.data) for g_handle
    rw_lib.o(i._set_TcpBackoffRetry) refers to cust_api_stack_offload.o(i.custom_ipconfig_set_tcp_exponential_backoff_retry) for custom_ipconfig_set_tcp_exponential_backoff_retry
    rw_lib.o(i._set_TcpBackoffRetry) refers to rw_lib.o(.data) for g_handle
    rw_lib.o(i._set_ap_params) refers to cust_api_ioctl.o(i.ath_ioctl_handler) for ath_ioctl_handler
    rw_lib.o(i._set_ap_params) refers to rw_lib.o(.data) for g_handle
    rw_lib.o(i._set_channel) refers to cust_api_ioctl.o(i.ath_ioctl_handler) for ath_ioctl_handler
    rw_lib.o(i._set_channel) refers to rw_lib.o(.data) for g_handle
    rw_lib.o(i._set_ctycode) refers to rw_lib.o(i._set_ap_params) for _set_ap_params
    rw_lib.o(i._set_power) refers to cust_api_ioctl.o(i.ath_ioctl_handler) for ath_ioctl_handler
    rw_lib.o(i._set_power) refers to rw_lib.o(.data) for g_handle
    rw_lib.o(i._set_scan) refers to cust_api_ioctl.o(i.ath_ioctl_handler) for ath_ioctl_handler
    rw_lib.o(i._set_scan) refers to rw_lib.o(.bss) for g_driver_params
    rw_lib.o(i._set_scan) refers to rw_lib.o(.data) for g_handle
[...]
    Api_RxComplete                           0x08020a11   Thumb Code   306  api_txrx.o(i.Api_RxComplete)
    Api_ScanCompleteEvent                    0x08020b4d   Thumb Code    32  api_wmi_rx.o(i.Api_ScanCompleteEvent)
    Api_SockResponseEventRx                  0x08020b6d   Thumb Code   762  api_stack_offload.o(i.Api_SockResponseEventRx)
    Api_TargetStatsEvent                     0x08020e6d   Thumb Code    40  api_wmi_rx.o(i.Api_TargetStatsEvent)
    Api_TkipMicErrorEvent                    0x08020e95   Thumb Code    28  api_wmi_rx.o(i.Api_TkipMicErrorEvent)
    Api_TxComplete                           0x08020eb1   Thumb Code    62  api_txrx.o(i.Api_TxComplete)
    Api_TxGetStatus                          0x08020ef5   Thumb Code    80  api_txrx.o(i.Api_TxGetStatus)
    Api_WMIInitFinish                        0x08020f49   Thumb Code   206  api_init.o(i.Api_WMIInitFinish)
    Api_WmiTxStart                           0x0802101d   Thumb Code    62  api_txrx.o(i.Api_WmiTxStart)
    Api_WpsProfileEvent                      0x0802105b   Thumb Code   344  api_wmi_rx.o(i.Api_WpsProfileEvent)
    Api_easyconfigEvent                      0x080211b3   Thumb Code    28  api_wmi_rx.o(i.Api_easyconfigEvent)
    Api_ipconfig                             0x080211d1   Thumb Code   326  api_stack_offload.o(i.Api_ipconfig)
    Api_ipconfig_dhcp_pool                   0x0802131d   Thumb Code    80  api_stack_offload.o(i.Api_ipconfig_dhcp_pool)
    Api_ipconfig_set_tcp_exponential_backoff_retry 0x08021371   Thumb Code    64  api_stack_offload.o(i.Api_ipconfig_set_tcp_exponential_backoff_retry)
    Bus_InOutDescriptorSet                   0x0802142d   Thumb Code   178  hw_api.o(i.Bus_InOutDescriptorSet)
    Bus_InOutToken                           0x080214e5   Thumb Code    46  hw_api.o(i.Bus_InOutToken)
    Custom_Api_BssInfoEvent                  0x08021667   Thumb Code   192  cust_api_wmi_rx.o(i.Custom_Api_BssInfoEvent)
    Custom_Api_ConnectEvent                  0x08021727   Thumb Code   220  cust_api_wmi_rx.o(i.Custom_Api_ConnectEvent)
    Custom_Api_DisconnectEvent               0x08021803   Thumb Code   140  cust_api_wmi_rx.o(i.Custom_Api_DisconnectEvent)
    Custom_Api_RSNASuccessEvent              0x0802188f   Thumb Code   162  cust_api_wmi_rx.o(i.Custom_Api_RSNASuccessEvent)
    Custom_Api_ReadyEvent                    0x08021931   Thumb Code    36  cust_api_wmi_rx.o(i.Custom_Api_ReadyEvent)
    Custom_Api_Start                         0x08021955   Thumb Code   208  cust_api_init.o(i.Custom_Api_Start)
    Custom_Api_easyconfigEvent               0x08021a35   Thumb Code   202  cust_api_wmi_rx.o(i.Custom_Api_easyconfigEvent)
    Custom_DeliverFrameToNetworkStack        0x08021b09   Thumb Code    16  cust_api_stack_txrx.o(i.Custom_DeliverFrameToNetworkStack)
    Custom_Driver_ContextDeInit              0x08021b19   Thumb Code   102  cust_driver_main.o(i.Custom_Driver_ContextDeInit)
    Custom_Driver_ContextInit                0x08021b85   Thumb Code    94  cust_driver_main.o(i.Custom_Driver_ContextInit)
    Custom_Driver_CreateThread               0x08021be5   Thumb Code    26  cust_driver_main.o(i.Custom_Driver_CreateThread)
    Custom_Driver_Interrupt_WakeDriver       0x08021c05   Thumb Code    12  cust_driver_main.o(i.Custom_Driver_Interrupt_WakeDriver)
    Custom_Driver_WaitForCondition           0x08021c11   Thumb Code    54  cust_driver_main.o(i.Custom_Driver_WaitForCondition)
    Custom_Driver_WakeDriver                 0x08021c47   Thumb Code    12  cust_driver_main.o(i.Custom_Driver_WakeDriver)
    Custom_Driver_WakeUser                   0x08021c53   Thumb Code    12  cust_driver_main.o(i.Custom_Driver_WakeUser)
    Custom_GetRxRequest                      0x08021c61   Thumb Code   108  cust_driver_main.o(i.Custom_GetRxRequest)
    DRIVER_INT_HANDLE                        0x08021cd5   Thumb Code    22  cust_api_isr.o(i.DRIVER_INT_HANDLE)
    Driver_BootComm                          0x08021e69   Thumb Code   214  driver_init.o(i.Driver_BootComm)
    Driver_CompleteRequest                   0x08021f5d   Thumb Code    84  driver_main.o(i.Driver_CompleteRequest)
    Driver_ContextDeInit                     0x08021fb5   Thumb Code    36  driver_init.o(i.Driver_ContextDeInit)
    Driver_ContextInit                       0x08021fd9   Thumb Code   178  driver_init.o(i.Driver_ContextInit)
    Driver_DeInit                            0x08022091   Thumb Code    80  driver_init.o(i.Driver_DeInit)
    Driver_DropTxDataPackets                 0x080220e1   Thumb Code    98  driver_main.o(i.Driver_DropTxDataPackets)
    Driver_GetTargetInfo                     0x08022143   Thumb Code    12  driver_init.o(i.Driver_GetTargetInfo)
    Driver_Init                              0x08022151   Thumb Code   230  driver_init.o(i.Driver_Init)
    Driver_Main                              0x0802223d   Thumb Code   436  driver_main.o(i.Driver_Main)
    Driver_ReadDataDiag                      0x0802241b   Thumb Code    58  driver_diag.o(i.Driver_ReadDataDiag)
    Driver_ReadRegDiag                       0x08022455   Thumb Code    94  driver_diag.o(i.Driver_ReadRegDiag)
    Driver_RecvPacket                        0x080224b3   Thumb Code    72  driver_txrx.o(i.Driver_RecvPacket)
    Driver_ReportRxBuffStatus                0x080224fb   Thumb Code    36  driver_main.o(i.Driver_ReportRxBuffStatus)
    Driver_RxComplete                        0x08022521   Thumb Code    64  driver_txrx.o(i.Driver_RxComplete)
    Driver_RxReady                           0x08022565   Thumb Code   274  driver_main.o(i.Driver_RxReady)
    Driver_SendPacket                        0x08022681   Thumb Code   114  driver_txrx.o(i.Driver_SendPacket)
    Driver_SubmitTxRequest                   0x08022795   Thumb Code   132  driver_txrx.o(i.Driver_SubmitTxRequest)
    Driver_SubmitTxRequestNoBlock            0x0802281d   Thumb Code   120  driver_txrx.o(i.Driver_SubmitTxRequestNoBlock)
    Driver_TxReady                           0x080229e5   Thumb Code   248  driver_main.o(i.Driver_TxReady)
    Driver_WriteDataDiag                     0x08022ae1   Thumb Code    58  driver_diag.o(i.Driver_WriteDataDiag)
    Driver_WriteRegDiag                      0x08022b1b   Thumb Code    94  driver_diag.o(i.Driver_WriteRegDiag)
    GetDriverContextByInterrupt              0x08022be1   Thumb Code    18  cust_api_init.o(i.GetDriverContextByInterrupt)
    GetDriverContextPtr                      0x08022bf9   Thumb Code    24  cust_api_init.o(i.GetDriverContextPtr)
    HTC_ConnectService                       0x08022c15   Thumb Code   222  htc.o(i.HTC_ConnectService)
    HTC_ProcessCpuInterrupt                  0x08022d39   Thumb Code    94  htc.o(i.HTC_ProcessCpuInterrupt)
    HTC_Start                                0x08022dd9   Thumb Code    58  htc.o(i.HTC_Start)
    HTC_WaitTarget                           0x08022e19   Thumb Code    94  htc.o(i.HTC_WaitTarget)
    HW_DeInit                                0x08022e7d   Thumb Code    14  hw_api.o(i.HW_DeInit)
    HW_EnableDisableSPIIRQ                   0x08022e8b   Thumb Code   108  hw_api.o(i.HW_EnableDisableSPIIRQ)
    HW_Init                                  0x08022ef7   Thumb Code    48  hw_api.o(i.HW_Init)
    HW_InterruptHandler                      0x08022f27   Thumb Code    32  hw_api.o(i.HW_InterruptHandler)
    HW_MsecDelay                             0x08022f47   Thumb Code    18  hw_api.o(i.HW_MsecDelay)
    HW_PowerUpDown                           0x08022f59   Thumb Code    46  hw_api.o(i.HW_PowerUpDown)
    Hcd_ClearCPUInterrupt                    0x08022fc5   Thumb Code    64  spi_hcd.o(i.Hcd_ClearCPUInterrupt)
    Hcd_Deinitialize                         0x08023005   Thumb Code    30  spi_hcd.o(i.Hcd_Deinitialize)
    Hcd_DoPioExternalAccess                  0x08023025   Thumb Code   276  spi_hcd.o(i.Hcd_DoPioExternalAccess)
    Hcd_DoPioInternalAccess                  0x0802313d   Thumb Code    48  spi_hcd.o(i.Hcd_DoPioInternalAccess)
    Hcd_GetLookAhead                         0x0802316d   Thumb Code   200  spi_hcd.o(i.Hcd_GetLookAhead)
    Hcd_GetMboxAddress                       0x08023239   Thumb Code    44  spi_hcd.o(i.Hcd_GetMboxAddress)
    Hcd_Init                                 0x08023269   Thumb Code   382  spi_hcd.o(i.Hcd_Init)
    Hcd_ProgramWriteBufferWaterMark          0x080233f1   Thumb Code   248  spi_hcd.o(i.Hcd_ProgramWriteBufferWaterMark)
    Hcd_RefreshWriteBufferSpace              0x080234ed   Thumb Code    28  spi_hcd.o(i.Hcd_RefreshWriteBufferSpace)
    Hcd_Request                              0x08023509   Thumb Code   126  spi_hcd.o(i.Hcd_Request)
    Hcd_SpiInterrupt                         0x08023589   Thumb Code   356  spi_hcd.o(i.Hcd_SpiInterrupt)
    Hcd_UnmaskSPIInterrupts                  0x08023701   Thumb Code    56  spi_hcd.o(i.Hcd_UnmaskSPIInterrupts)
    Htc_GetCreditCounterUpdate               0x0802378d   Thumb Code   126  htc.o(i.Htc_GetCreditCounterUpdate)
    Htc_PrepareRecvPacket                    0x0802384d   Thumb Code    72  htc.o(i.Htc_PrepareRecvPacket)
    Htc_ProcessRecvHeader                    0x0802395d   Thumb Code   272  htc.o(i.Htc_ProcessRecvHeader)
    Htc_ProcessTxComplete                    0x08023bc1   Thumb Code    16  htc.o(i.Htc_ProcessTxComplete)
    Htc_ReadCreditCounter                    0x08023bd1   Thumb Code    80  htc.o(i.Htc_ReadCreditCounter)
    Htc_RxComplete                           0x08023c61   Thumb Code    34  htc.o(i.Htc_RxComplete)
    Htc_SendPacket                           0x08023cc5   Thumb Code   162  htc.o(i.Htc_SendPacket)
    Util_Freq2ieee                           0x08023f51   Thumb Code    70  util.o(i.Util_Freq2ieee)
    Util_GetEndpoint                         0x08023f97   Thumb Code    18  util.o(i.Util_GetEndpoint)
    Util_Ieee2freq                           0x08023fa9   Thumb Code    66  util.o(i.Util_Ieee2freq)
    __ARM_fpclassify                         0x08023feb   Thumb Code    48  fpclassify.o(i.__ARM_fpclassify)
    _ascii_to_hex                            0x0802401b   Thumb Code    54  rw_lib.o(i._ascii_to_hex)
    _is_digit                                0x080242d9   Thumb Code    14  __printf_wp.o(i._is_digit)
    a_free                                   0x0802456d   Thumb Code    24  cust_driver_netbuf.o(i.a_free)
    a_malloc                                 0x08024585   Thumb Code    34  cust_driver_netbuf.o(i.a_malloc)
    a_malloc_init                            0x080245a7   Thumb Code     2  cust_driver_netbuf.o(i.a_malloc_init)
    a_netbuf_alloc                           0x080245a9   Thumb Code   102  cust_driver_netbuf.o(i.a_netbuf_alloc)
    a_netbuf_alloc_raw                       0x0802460f   Thumb Code    86  cust_driver_netbuf.o(i.a_netbuf_alloc_raw)
    a_netbuf_configure                       0x08024665   Thumb Code    52  cust_driver_netbuf.o(i.a_netbuf_configure)
    a_netbuf_dequeue                         0x08024699   Thumb Code    46  driver_netbuf.o(i.a_netbuf_dequeue)
    a_netbuf_enqueue                         0x080246c7   Thumb Code    26  driver_netbuf.o(i.a_netbuf_enqueue)
    a_netbuf_free                            0x080246e1   Thumb Code    68  cust_driver_netbuf.o(i.a_netbuf_free)
    a_netbuf_free_rx_pool                    0x08024725   Thumb Code    62  cust_driver_netbuf.o(i.a_netbuf_free_rx_pool)
    a_netbuf_free_tx_pool                    0x08024763   Thumb Code     2  cust_driver_netbuf.o(i.a_netbuf_free_tx_pool)
    a_netbuf_get_fragment                    0x08024765   Thumb Code    86  cust_driver_netbuf.o(i.a_netbuf_get_fragment)
    a_netbuf_init                            0x080247bb   Thumb Code    30  cust_driver_netbuf.o(i.a_netbuf_init)
    a_netbuf_pull                            0x080247d9   Thumb Code    42  cust_driver_netbuf.o(i.a_netbuf_pull)
    a_netbuf_push                            0x08024809   Thumb Code    42  cust_driver_netbuf.o(i.a_netbuf_push)
    a_netbuf_put                             0x08024839   Thumb Code    76  cust_driver_netbuf.o(i.a_netbuf_put)
    a_netbuf_queue_init                      0x08024889   Thumb Code    10  driver_netbuf.o(i.a_netbuf_queue_init)
    a_netbuf_reinit                          0x08024893   Thumb Code    62  cust_driver_netbuf.o(i.a_netbuf_reinit)
    a_netbuf_set_rx_pool                     0x080248d1   Thumb Code    10  cust_driver_netbuf.o(i.a_netbuf_set_rx_pool)
    a_netbuf_tailroom                        0x080248db   Thumb Code    12  cust_driver_netbuf.o(i.a_netbuf_tailroom)
    a_netbuf_to_data                         0x080248e7   Thumb Code     6  cust_driver_netbuf.o(i.a_netbuf_to_data)
    a_netbuf_to_len                          0x080248ed   Thumb Code    72  cust_driver_netbuf.o(i.a_netbuf_to_len)
    a_netbuf_trim                            0x08024935   Thumb Code    42  cust_driver_netbuf.o(i.a_netbuf_trim)
    aggr_deinit                              0x08024965   Thumb Code     2  rcv_aggr.o(i.aggr_deinit)
    aggr_init                                0x08024969   Thumb Code    12  rcv_aggr.o(i.aggr_init)
    aggr_recv_addba_req_evt                  0x08024979   Thumb Code    64  rcv_aggr.o(i.aggr_recv_addba_req_evt)
    aggr_recv_delba_req_evt                  0x080249bd   Thumb Code    34  rcv_aggr.o(i.aggr_recv_delba_req_evt)
    aggr_reset_state                         0x080249e5   Thumb Code    26  rcv_aggr.o(i.aggr_reset_state)
    assert_func                              0x08024a05   Thumb Code    26  rw_lib.o(i.assert_func)
    ath_ioctl_handler                        0x08024a25   Thumb Code  2106  cust_api_ioctl.o(i.ath_ioctl_handler)
    blockForResponse                         0x0802525f   Thumb Code   188  cust_api_stack_offload.o(i.blockForResponse)
    clear_socket_context                     0x0802531d   Thumb Code    72  api_stack_offload.o(i.clear_socket_context)
    custom_ipconfig_set_tcp_exponential_backoff_retry 0x08025369   Thumb Code    48  cust_api_stack_offload.o(i.custom_ipconfig_set_tcp_exponential_backoff_retry)
    custom_receive_tcpip                     0x08025399   Thumb Code   170  cust_api_stack_txrx.o(i.custom_receive_tcpip)
    custom_socket_context_deinit             0x08025449   Thumb Code    86  cust_api_stack_offload.o(i.custom_socket_context_deinit)
    custom_socket_context_init               0x080254a9   Thumb Code   104  cust_api_stack_offload.o(i.custom_socket_context_init)
    default_native_free_fn                   0x08025519   Thumb Code    36  cust_driver_netbuf.o(i.default_native_free_fn)
    find_socket_context                      0x08025781   Thumb Code    54  api_stack_offload.o(i.find_socket_context)
    isSocketBlocked                          0x080257bd   Thumb Code    10  cust_api_stack_offload.o(i.isSocketBlocked)
    rw_getLibVersion                         0x080258ad   Thumb Code   100  rw_lib.o(i.rw_getLibVersion)
    rw_getMacAddr                            0x08025931   Thumb Code    42  rw_lib.o(i.rw_getMacAddr)
    rw_ipConfig                              0x08025961   Thumb Code   294  rw_lib.o(i.rw_ipConfig)
    rw_sysDriverInit                         0x08025a95   Thumb Code   134  rw_lib.o(i.rw_sysDriverInit)
    rw_wlanConnect                           0x08025b29   Thumb Code   724  rw_lib.o(i.rw_wlanConnect)
    rw_wlanGetScanInfo                       0x08025e0d   Thumb Code    66  rw_lib.o(i.rw_wlanGetScanInfo)
    send_stack_init                          0x08025f37   Thumb Code    52  api_stack_offload.o(i.send_stack_init)
    socket_context_deinit                    0x08025f6d   Thumb Code    42  api_stack_offload.o(i.socket_context_deinit)
    socket_context_init                      0x08025f9d   Thumb Code   110  api_stack_offload.o(i.socket_context_init)
    t_ipconfig                               0x08026011   Thumb Code    78  cust_api_stack_offload.o(i.t_ipconfig)
    t_ipconfig_dhcp_pool                     0x0802605f   Thumb Code    62  cust_api_stack_offload.o(i.t_ipconfig_dhcp_pool)
    txpkt_free                               0x0802609d   Thumb Code    46  cust_api_stack_offload.o(i.txpkt_free)
    unblock                                  0x080260cb   Thumb Code    62  cust_api_stack_offload.o(i.unblock)
    wmi_allow_aggr_cmd                       0x08026123   Thumb Code    62  wmi.o(i.wmi_allow_aggr_cmd)
    wmi_ap_profile_commit                    0x08026161   Thumb Code    74  wmi.o(i.wmi_ap_profile_commit)
    wmi_ap_set_param                         0x080261ab   Thumb Code   408  wmi.o(i.wmi_ap_set_param)
    wmi_bssfilter_cmd                        0x08026373   Thumb Code    74  wmi.o(i.wmi_bssfilter_cmd)
    wmi_cmd_send                             0x080263bd   Thumb Code   116  wmi.o(i.wmi_cmd_send)
    wmi_connect_cmd                          0x08026471   Thumb Code   176  wmi.o(i.wmi_connect_cmd)
    wmi_control_rx                           0x08026605   Thumb Code   636  wmi.o(i.wmi_control_rx)
    wmi_data_hdr_remove                      0x080268c1   Thumb Code    32  wmi.o(i.wmi_data_hdr_remove)
    wmi_disconnect_cmd                       0x0802693b   Thumb Code    18  wmi.o(i.wmi_disconnect_cmd)
    wmi_get_pmk_cmd                          0x08026a39   Thumb Code    16  wmi.o(i.wmi_get_pmk_cmd)
    wmi_get_power_mode_cmd                   0x08026a65   Thumb Code     8  wmi.o(i.wmi_get_power_mode_cmd)
    wmi_get_stats_cmd                        0x08026a6d   Thumb Code    14  wmi.o(i.wmi_get_stats_cmd)
    wmi_init                                 0x08026a7b   Thumb Code    74  wmi.o(i.wmi_init)
    wmi_listeninterval_cmd                   0x08026ac5   Thumb Code    64  wmi.o(i.wmi_listeninterval_cmd)
    wmi_pmparams_cmd                         0x08026b05   Thumb Code    94  wmi.o(i.wmi_pmparams_cmd)
    wmi_powermode_cmd                        0x08026b63   Thumb Code    64  wmi.o(i.wmi_powermode_cmd)
    wmi_probedSsid_cmd                       0x08026ba5   Thumb Code   144  wmi.o(i.wmi_probedSsid_cmd)
    wmi_promiscuous_cmd                      0x08026c39   Thumb Code    62  wmi.o(i.wmi_promiscuous_cmd)
    wmi_qos_state_init                       0x08026c77   Thumb Code    70  wmi.o(i.wmi_qos_state_init)
    wmi_scanparams_cmd                       0x08026d59   Thumb Code   110  wmi.o(i.wmi_scanparams_cmd)
    wmi_set_channelParams_cmd                0x08026dc7   Thumb Code   118  wmi.o(i.wmi_set_channelParams_cmd)
    wmi_set_channel_cmd                      0x08026e3d   Thumb Code    62  wmi.o(i.wmi_set_channel_cmd)
    wmi_set_control_ep                       0x08026e7d   Thumb Code    30  wmi.o(i.wmi_set_control_ep)
    wmi_set_ht_cap_cmd                       0x08026edd   Thumb Code   106  wmi.o(i.wmi_set_ht_cap_cmd)
    wmi_set_passphrase_cmd                   0x08026f47   Thumb Code   104  wmi.o(i.wmi_set_passphrase_cmd)
    wmi_set_pmk_cmd                          0x08026faf   Thumb Code    74  wmi.o(i.wmi_set_pmk_cmd)
    wmi_shutdown                             0x08026ff9   Thumb Code    28  wmi.o(i.wmi_shutdown)
    wmi_socket_cmd                           0x08027039   Thumb Code   108  wmi.o(i.wmi_socket_cmd)
    wmi_startscan_cmd                        0x080270e5   Thumb Code   134  wmi.o(i.wmi_startscan_cmd)
    wmi_storerecall_configure_cmd            0x08027181   Thumb Code    74  wmi.o(i.wmi_storerecall_configure_cmd)
    wmi_wps_start_cmd                        0x0802720d   Thumb Code    70  wmi.o(i.wmi_wps_start_cmd)
    _get_lc_numeric                          0x08027301   Thumb Code    44  lc_numeric_c.o(locale$$code)
    _fp_init                                 0x0802732d   Thumb Code    26  fpinit.o(x$fpl$fpinit)
    __fplib_config_fpu_vfp                   0x08027345   Thumb Code     0  fpinit.o(x$fpl$fpinit)
    __fplib_config_pureend_doubles           0x08027345   Thumb Code     0  fpinit.o(x$fpl$fpinit)
    _printf_fp_dec                           0x08027347   Thumb Code     4  printf1.o(x$fpl$printf1)
    __I$use$fp                               0x0802734a   Number         0  usenofp.o(x$fpl$usenofp)
    osRtxConfig                              0x0802e558   Data         104  lto-llvm-910002.o(.rodata)
    osRtxUserSVC                             0x0802e5e4   Data           4  lto-llvm-910002.o(.rodata)
    os_cb_sections                           0x0802e5e8   Data          56  lto-llvm-910002.o(.rodata)
    EventRecorderInfo                        0x0802e620   Data          24  lto-llvm-910002.o(.rodata)
    Region$$Table$$Base                      0x0802ed68   Number         0  anon$$obj.o(Region$$Table)
    Region$$Table$$Limit                     0x0802ed98   Number         0  anon$$obj.o(Region$$Table)



==============================================================================

Memory Map of the image

  Image Entry point : 0x08000299

  Load Region LR_IROM1 (Base: 0x08000000, Size: 0x0003f440, Max: 0x00200000, ABSOLUTE, COMPRESSED[0x0002f084])

    Execution Region RW_ITCM (Exec base: 0x00000000, Load base: 0x0802edc0, Size: 0x00004e60, Max: 0x00010000, ABSOLUTE, COMPRESSED[0x000000c0])

    Exec Addr    Load Addr    Size         Type   Attr      Idx    E Section Name        Object

    0x00000000   COMPRESSED   0x00000004   Data   RW          200    .data               rak_wifi_os_ARM_CM4F.lib(rw_lib.o)
    0x00000004   COMPRESSED   0x00000008   Data   RW         1055    .data               rak_wifi_os_ARM_CM4F.lib(cust_api_init.o)
    0x0000000c   COMPRESSED   0x00000004   Data   RW         1225    .data               rak_wifi_os_ARM_CM4F.lib(cust_api_stack_offload.o)
    0x00000010   COMPRESSED   0x00000008   Data   RW         2238    .data               rak_wifi_os_ARM_CM4F.lib(wmi.o)
    0x00000018   COMPRESSED   0x00000001   Data   RW         2727    .data               rak_wifi_os_ARM_CM4F.lib(cust_driver_netbuf.o)
    0x00000019   COMPRESSED   0x00000003   PAD
    0x0000001c   COMPRESSED   0x00000584   Data   RW         3712    .data               lto-llvm-910002.o
    0x000005a0   COMPRESSED   0x000000a4   Data   RW          648    .data.os            RTX_CM4F.lib(rtx_kernel.o)
    0x00000644   COMPRESSED   0x0000003c   PAD
    0x00000680        -       0x00000078   Zero   RW          198    .bss                rak_wifi_os_ARM_CM4F.lib(rw_lib.o)
    0x000006f8        -       0x0000020c   Zero   RW         1053    .bss                rak_wifi_os_ARM_CM4F.lib(cust_api_init.o)
    0x00000904        -       0x00000024   Zero   RW         1972    .bss                rak_wifi_os_ARM_CM4F.lib(api_stack_offload.o)
    0x00000928        -       0x00000028   Zero   RW         2625    .bss                rak_wifi_os_ARM_CM4F.lib(cust_driver_main.o)
    0x00000950        -       0x00000014   Zero   RW         3330    .bss                rak_wifi_os_ARM_CM4F.lib(rcv_aggr.o)
    0x00000964        -       0x00000060   Zero   RW         3561    .bss                c_w.l(libspace.o)
    0x000009c4   COMPRESSED   0x00000004   PAD
    0x000009c8        -       0x00002648   Zero   RW         3710    .bss                lto-llvm-910002.o
    0x00003010        -       0x00000001   Zero   RW         1544    .bss.PendST         RTX_CM4F.lib(os_systick.o)
    0x00003011   COMPRESSED   0x0000002f   PAD
    0x00003040        -       0x000004a4   Zero   RW         3719    .bss.noinit         lto-llvm-910002.o
    0x000034e4   COMPRESSED   0x00000004   PAD
    0x000034e8        -       0x00001040   Zero   RW         3715    .bss.os             lto-llvm-910002.o
    0x00004528        -       0x000001f0   Zero   RW         3718    .bss.os.libspace    lto-llvm-910002.o
    0x00004718        -       0x00000044   Zero   RW         3716    .bss.os.thread.cb   lto-llvm-910002.o
    0x0000475c   COMPRESSED   0x00000004   PAD
    0x00004760        -       0x00000100   Zero   RW         3717    .bss.os.thread.stack  lto-llvm-910002.o
    0x00004860        -       0x00000200   Zero   RW          131    HEAP                startup_stm32h743xx.o
    0x00004a60        -       0x00000400   Zero   RW          130    STACK               startup_stm32h743xx.o


    Execution Region ER_IROM1 (Exec base: 0x08000000, Load base: 0x08000000, Size: 0x0002edb4, Max: 0x00200000, ABSOLUTE)

    Exec Addr    Load Addr    Size         Type   Attr      Idx    E Section Name        Object

    0x08000000   0x08000000   0x00000298   Data   RO          132    RESET               startup_stm32h743xx.o
    0x08000298   0x08000298   0x00000008   Code   RO         3481  * !!!main             c_w.l(__main.o)
    0x080002a0   0x080002a0   0x00000034   Code   RO         3750    !!!scatter          c_w.l(__scatter.o)
    0x080002d4   0x080002d4   0x0000005a   Code   RO         3748    !!dczerorl2         c_w.l(__dczerorl2.o)
    0x0800032e   0x0800032e   0x00000002   PAD
    0x08000330   0x08000330   0x0000001c   Code   RO         3752    !!handler_zi        c_w.l(__scatter_zi.o)
    0x0800034c   0x0800034c   0x00000000   Code   RO         3458    .ARM.Collect$$_printf_percent$$00000000  c_w.l(_printf_percent.o)
    0x0800034c   0x0800034c   0x00000006   Code   RO         3457    .ARM.Collect$$_printf_percent$$00000003  c_w.l(_printf_f.o)
    0x08000352   0x08000352   0x00000006   Code   RO         3456    .ARM.Collect$$_printf_percent$$00000009  c_w.l(_printf_d.o)
    0x08000358   0x08000358   0x00000004   Code   RO         3496    .ARM.Collect$$_printf_percent$$00000017  c_w.l(_printf_percent_end.o)
    0x0800035c   0x0800035c   0x00000002   Code   RO         3572    .ARM.Collect$$libinit$$00000000  c_w.l(libinit.o)
    0x0800035e   0x0800035e   0x00000004   Code   RO         3573    .ARM.Collect$$libinit$$00000001  c_w.l(libinit2.o)
    0x08000362   0x08000362   0x00000000   Code   RO         3576    .ARM.Collect$$libinit$$00000004  c_w.l(libinit2.o)
    0x08000362   0x08000362   0x00000000   Code   RO         3579    .ARM.Collect$$libinit$$0000000A  c_w.l(libinit2.o)
    0x08000362   0x08000362   0x00000000   Code   RO         3581    .ARM.Collect$$libinit$$0000000C  c_w.l(libinit2.o)
    0x08000362   0x08000362   0x00000000   Code   RO         3583    .ARM.Collect$$libinit$$0000000E  c_w.l(libinit2.o)
    0x08000362   0x08000362   0x00000006   Code   RO         3584    .ARM.Collect$$libinit$$0000000F  c_w.l(libinit2.o)
    0x08000368   0x08000368   0x00000000   Code   RO         3586    .ARM.Collect$$libinit$$00000011  c_w.l(libinit2.o)
    0x08000368   0x08000368   0x00000000   Code   RO         3588    .ARM.Collect$$libinit$$00000013  c_w.l(libinit2.o)
    0x08000368   0x08000368   0x00000000   Code   RO         3590    .ARM.Collect$$libinit$$00000015  c_w.l(libinit2.o)
    0x08000368   0x08000368   0x0000000a   Code   RO         3591    .ARM.Collect$$libinit$$00000016  c_w.l(libinit2.o)
    0x08000372   0x08000372   0x00000000   Code   RO         3592    .ARM.Collect$$libinit$$00000017  c_w.l(libinit2.o)
    0x08000372   0x08000372   0x00000000   Code   RO         3594    .ARM.Collect$$libinit$$00000019  c_w.l(libinit2.o)
    0x08000372   0x08000372   0x00000000   Code   RO         3596    .ARM.Collect$$libinit$$0000001B  c_w.l(libinit2.o)
    0x08000372   0x08000372   0x00000000   Code   RO         3598    .ARM.Collect$$libinit$$0000001D  c_w.l(libinit2.o)
    0x08000372   0x08000372   0x00000000   Code   RO         3600    .ARM.Collect$$libinit$$0000001F  c_w.l(libinit2.o)
    0x08000372   0x08000372   0x00000000   Code   RO         3602    .ARM.Collect$$libinit$$00000021  c_w.l(libinit2.o)
    0x08000372   0x08000372   0x00000000   Code   RO         3604    .ARM.Collect$$libinit$$00000023  c_w.l(libinit2.o)
    0x08000372   0x08000372   0x00000000   Code   RO         3606    .ARM.Collect$$libinit$$00000025  c_w.l(libinit2.o)
    0x08000372   0x08000372   0x00000000   Code   RO         3610    .ARM.Collect$$libinit$$0000002C  c_w.l(libinit2.o)
    0x08000372   0x08000372   0x00000000   Code   RO         3612    .ARM.Collect$$libinit$$0000002E  c_w.l(libinit2.o)
    0x08000372   0x08000372   0x00000000   Code   RO         3614    .ARM.Collect$$libinit$$00000030  c_w.l(libinit2.o)
    0x08000372   0x08000372   0x00000000   Code   RO         3616    .ARM.Collect$$libinit$$00000032  c_w.l(libinit2.o)
    0x08000372   0x08000372   0x00000002   Code   RO         3617    .ARM.Collect$$libinit$$00000033  c_w.l(libinit2.o)
    0x08000374   0x08000374   0x00000002   Code   RO         3653    .ARM.Collect$$libshutdown$$00000000  c_w.l(libshutdown.o)
    0x08000376   0x08000376   0x00000000   Code   RO         3664    .ARM.Collect$$libshutdown$$00000002  c_w.l(libshutdown2.o)
    0x08000376   0x08000376   0x00000000   Code   RO         3666    .ARM.Collect$$libshutdown$$00000004  c_w.l(libshutdown2.o)
    0x08000376   0x08000376   0x00000000   Code   RO         3669    .ARM.Collect$$libshutdown$$00000007  c_w.l(libshutdown2.o)
    0x08000376   0x08000376   0x00000000   Code   RO         3672    .ARM.Collect$$libshutdown$$0000000A  c_w.l(libshutdown2.o)
    0x08000376   0x08000376   0x00000000   Code   RO         3674    .ARM.Collect$$libshutdown$$0000000C  c_w.l(libshutdown2.o)
    0x08000376   0x08000376   0x00000000   Code   RO         3677    .ARM.Collect$$libshutdown$$0000000F  c_w.l(libshutdown2.o)
    0x08000376   0x08000376   0x00000002   Code   RO         3678    .ARM.Collect$$libshutdown$$00000010  c_w.l(libshutdown2.o)
    0x08000378   0x08000378   0x00000000   Code   RO         3485    .ARM.Collect$$rtentry$$00000000  c_w.l(__rtentry.o)
    0x08000378   0x08000378   0x00000000   Code   RO         3498    .ARM.Collect$$rtentry$$00000002  c_w.l(__rtentry2.o)
    0x08000378   0x08000378   0x00000006   Code   RO         3510    .ARM.Collect$$rtentry$$00000004  c_w.l(__rtentry4.o)
    0x0800037e   0x0800037e   0x00000008   Code   RO         3499    .ARM.Collect$$rtentry$$00000008  c_w.l(__rtentry2.o)
    0x08000386   0x08000386   0x00000004   Code   RO         3501    .ARM.Collect$$rtentry$$0000000A  c_w.l(__rtentry2.o)
    0x0800038a   0x0800038a   0x00000000   Code   RO         3503    .ARM.Collect$$rtentry$$0000000C  c_w.l(__rtentry2.o)
    0x0800038a   0x0800038a   0x00000008   Code   RO         3504    .ARM.Collect$$rtentry$$0000000D  c_w.l(__rtentry2.o)
    0x08000392   0x08000392   0x00000002   Code   RO         3618    .ARM.Collect$$rtexit$$00000000  c_w.l(rtexit.o)
    0x08000394   0x08000394   0x00000000   Code   RO         3627    .ARM.Collect$$rtexit$$00000002  c_w.l(rtexit2.o)
    0x08000394   0x08000394   0x00000004   Code   RO         3628    .ARM.Collect$$rtexit$$00000003  c_w.l(rtexit2.o)
    0x08000398   0x08000398   0x00000006   Code   RO         3629    .ARM.Collect$$rtexit$$00000004  c_w.l(rtexit2.o)
    0x0800039e   0x0800039e   0x00000002   PAD
    0x080003a0   0x080003a0   0x00000040   Code   RO          133    .text               startup_stm32h743xx.o
    0x080003e0   0x080003e0   0x000000c4   Code   RO          931    .text               RTX_CM4F.lib(irq_cm4f.o)
    0x080004a4   0x080004a4   0x0000002c   Code   RO         3428    .text               c_w.l(__2sprintf.o)
    0x080004d0   0x080004d0   0x00000078   Code   RO         3434    .text               c_w.l(_printf_dec.o)
    0x08000548   0x08000548   0x00000138   Code   RO         3448    .text               c_w.l(__printf_flags_wp.o)
    0x08000680   0x08000680   0x00000058   Code   RO         3459    .text               c_w.l(memcmp.o)
    0x080006d8   0x080006d8   0x00000048   Code   RO         3461    .text               c_w.l(strcpy.o)
    0x08000720   0x08000720   0x0000003e   Code   RO         3463    .text               c_w.l(strlen.o)
    0x0800075e   0x0800075e   0x00000096   Code   RO         3465    .text               c_w.l(strncmp.o)
    0x080007f4   0x080007f4   0x0000008a   Code   RO         3467    .text               c_w.l(rt_memcpy_v6.o)
    0x0800087e   0x0800087e   0x00000064   Code   RO         3469    .text               c_w.l(rt_memcpy_w.o)
    0x080008e2   0x080008e2   0x00000044   Code   RO         3471    .text               c_w.l(rt_memclr.o)
    0x08000926   0x08000926   0x0000004e   Code   RO         3473    .text               c_w.l(rt_memclr_w.o)
    0x08000974   0x08000974   0x00000056   Code   RO         3475    .text               c_w.l(strncpy.o)
    0x080009ca   0x080009ca   0x00000006   PAD
    0x080009d0   0x080009d0   0x0000007c   Code   RO         3477    .text               c_w.l(strcmpv7m_pel.o)
    0x08000a4c   0x08000a4c   0x00000006   Code   RO         3479    .text               c_w.l(heapauxi.o)
    0x08000a52   0x08000a52   0x000000b2   Code   RO         3486    .text               c_w.l(_printf_intcommon.o)
    0x08000b04   0x08000b04   0x0000041c   Code   RO         3488    .text               c_w.l(_printf_fp_dec.o)
    0x08000f20   0x08000f20   0x00000030   Code   RO         3492    .text               c_w.l(_printf_char_common.o)
    0x08000f50   0x08000f50   0x0000000a   Code   RO         3494    .text               c_w.l(_sputc.o)
    0x08000f5a   0x08000f5a   0x0000000a   Code   RO         3517    .text               c_w.l(rt_locale_twolibspace.o)
    0x08000f64   0x08000f64   0x0000008a   Code   RO         3519    .text               c_w.l(lludiv10.o)
    0x08000fee   0x08000fee   0x00000002   PAD
    0x08000ff0   0x08000ff0   0x00000080   Code   RO         3521    .text               c_w.l(_printf_fp_infnan.o)
    0x08001070   0x08001070   0x000000e4   Code   RO         3525    .text               c_w.l(bigflt0.o)
    0x08001154   0x08001154   0x00000008   Code   RO         3560    .text               c_w.l(libspace.o)
    0x0800115c   0x0800115c   0x0000004a   Code   RO         3563    .text               c_w.l(sys_stackheap_outer.o)
    0x080011a6   0x080011a6   0x00000012   Code   RO         3567    .text               c_w.l(exit.o)
    0x080011b8   0x080011b8   0x0000000c   Code   RO         3639    .text               c_w.l(sys_exit.o)
    0x080011c4   0x080011c4   0x00000002   Code   RO         3654    .text               c_w.l(use_no_semi.o)
    0x080011c6   0x080011c6   0x00000000   Code   RO         3656    .text               c_w.l(indicate_semi.o)
    0x080011c6   0x080011c6   0x00000002   PAD
    0x080011c8   0x080011c8   0x0001d25c   Code   RO         3705    .text               lto-llvm-910002.o
    0x0801e424   0x0801e424   0x000000ee   Code   RO         3728    .text               c_w.l(lludivv7m.o)
    0x0801e512   0x0801e512   0x00000084   Code   RO         3730    .text               c_w.l(rt_memmove_v6.o)
    0x0801e596   0x0801e596   0x00000010   Code   RO         3732    .text               c_w.l(aeabi_memset.o)
    0x0801e5a6   0x0801e5a6   0x0000007a   Code   RO         3738    .text               c_w.l(rt_memmove_w.o)
    0x0801e620   0x0801e620   0x0000006a   Code   RO          836    .text.EventFlagsCheck  RTX_CM4F.lib(rtx_evflags.o)
    0x0801e68a   0x0801e68a   0x00000002   PAD
    0x0801e68c   0x0801e68c   0x00000008   Code   RO         1532    .text.OS_Tick_AcknowledgeIRQ  RTX_CM4F.lib(os_systick.o)
    0x0801e694   0x0801e694   0x00000024   Code   RO         1528    .text.OS_Tick_Enable  RTX_CM4F.lib(os_systick.o)
    0x0801e6b8   0x0801e6b8   0x00000006   Code   RO         1534    .text.OS_Tick_GetIRQn  RTX_CM4F.lib(os_systick.o)
    0x0801e6be   0x0801e6be   0x00000002   PAD
    0x0801e6c0   0x0801e6c0   0x00000040   Code   RO         1526    .text.OS_Tick_Setup  RTX_CM4F.lib(os_systick.o)
    0x0801e700   0x0801e700   0x0000006a   Code   RO          740    .text.ThreadFlagsCheck  RTX_CM4F.lib(rtx_thread.o)
    0x0801e76a   0x0801e76a   0x00000002   PAD
    0x0801e76c   0x0801e76c   0x00000024   Code   RO          795    .text.osDelay       RTX_CM4F.lib(rtx_delay.o)
    0x0801e790   0x0801e790   0x00000024   Code   RO          814    .text.osEventFlagsNew  RTX_CM4F.lib(rtx_evflags.o)
    0x0801e7b4   0x0801e7b4   0x00000030   Code   RO          601    .text.osKernelGetState  RTX_CM4F.lib(rtx_kernel.o)
    0x0801e7e4   0x0801e7e4   0x00000028   Code   RO          617    .text.osKernelGetTickCount  RTX_CM4F.lib(rtx_kernel.o)
    0x0801e80c   0x0801e80c   0x0000002c   Code   RO          595    .text.osKernelInitialize  RTX_CM4F.lib(rtx_kernel.o)
    0x0801e838   0x0801e838   0x00000024   Code   RO          605    .text.osKernelStart  RTX_CM4F.lib(rtx_kernel.o)
    0x0801e85c   0x0801e85c   0x00000024   Code   RO          863    .text.osMutexAcquire  RTX_CM4F.lib(rtx_mutex.o)
    0x0801e880   0x0801e880   0x00000024   Code   RO          869    .text.osMutexDelete  RTX_CM4F.lib(rtx_mutex.o)
    0x0801e8a4   0x0801e8a4   0x00000024   Code   RO          859    .text.osMutexNew    RTX_CM4F.lib(rtx_mutex.o)
    0x0801e8c8   0x0801e8c8   0x00000024   Code   RO          865    .text.osMutexRelease  RTX_CM4F.lib(rtx_mutex.o)
    0x0801e8ec   0x0801e8ec   0x00000032   Code   RO          834    .text.osRtxEventFlagsPostProcess  RTX_CM4F.lib(rtx_evflags.o)
    0x0801e91e   0x0801e91e   0x00000080   Code   RO         1439    .text.osRtxMemoryAlloc  RTX_CM4F.lib(rtx_memory.o)
    0x0801e99e   0x0801e99e   0x00000052   Code   RO         1441    .text.osRtxMemoryFree  RTX_CM4F.lib(rtx_memory.o)
    0x0801e9f0   0x0801e9f0   0x00000036   Code   RO         1437    .text.osRtxMemoryInit  RTX_CM4F.lib(rtx_memory.o)
    0x0801ea26   0x0801ea26   0x00000038   Code   RO         1456    .text.osRtxMemoryPoolAlloc  RTX_CM4F.lib(rtx_mempool.o)
    0x0801ea5e   0x0801ea5e   0x00000048   Code   RO         1458    .text.osRtxMemoryPoolFree  RTX_CM4F.lib(rtx_mempool.o)
    0x0801eaa6   0x0801eaa6   0x00000054   Code   RO         1454    .text.osRtxMemoryPoolInit  RTX_CM4F.lib(rtx_mempool.o)
    0x0801eafa   0x0801eafa   0x00000044   Code   RO          857    .text.osRtxMutexOwnerRelease  RTX_CM4F.lib(rtx_mutex.o)
    0x0801eb3e   0x0801eb3e   0x00000002   PAD
    0x0801eb40   0x0801eb40   0x00000090   Code   RO         1511    .text.osRtxPendSV_Handler  RTX_CM4F.lib(rtx_system.o)
    0x0801ebd0   0x0801ebd0   0x00000070   Code   RO         1513    .text.osRtxPostProcess  RTX_CM4F.lib(rtx_system.o)
    0x0801ec40   0x0801ec40   0x0000003a   Code   RO          910    .text.osRtxSemaphorePostProcess  RTX_CM4F.lib(rtx_semaphore.o)
    0x0801ec7a   0x0801ec7a   0x00000002   PAD
    0x0801ec7c   0x0801ec7c   0x00000034   Code   RO          680    .text.osRtxThreadBlock  RTX_CM4F.lib(rtx_thread.o)
    0x0801ecb0   0x0801ecb0   0x00000088   Code   RO          688    .text.osRtxThreadDelayInsert  RTX_CM4F.lib(rtx_thread.o)
    0x0801ed38   0x0801ed38   0x00000054   Code   RO          684    .text.osRtxThreadDelayRemove  RTX_CM4F.lib(rtx_thread.o)
    0x0801ed8c   0x0801ed8c   0x00000034   Code   RO          670    .text.osRtxThreadDelayTick  RTX_CM4F.lib(rtx_thread.o)
    0x0801edc0   0x0801edc0   0x0000005c   Code   RO          678    .text.osRtxThreadDispatch  RTX_CM4F.lib(rtx_thread.o)
    0x0801ee1c   0x0801ee1c   0x00000058   Code   RO          764    .text.osRtxThreadFree  RTX_CM4F.lib(rtx_thread.o)
    0x0801ee74   0x0801ee74   0x00000016   Code   RO          662    .text.osRtxThreadListGet  RTX_CM4F.lib(rtx_thread.o)
    0x0801ee8a   0x0801ee8a   0x0000002c   Code   RO          660    .text.osRtxThreadListPut  RTX_CM4F.lib(rtx_thread.o)
    0x0801eeb6   0x0801eeb6   0x00000014   Code   RO          666    .text.osRtxThreadListRemove  RTX_CM4F.lib(rtx_thread.o)
    0x0801eeca   0x0801eeca   0x00000028   Code   RO          664    .text.osRtxThreadListSort  RTX_CM4F.lib(rtx_thread.o)
    0x0801eef2   0x0801eef2   0x0000002a   Code   RO          738    .text.osRtxThreadPostProcess  RTX_CM4F.lib(rtx_thread.o)
    0x0801ef1c   0x0801ef1c   0x00000010   Code   RO          668    .text.osRtxThreadReadyPut  RTX_CM4F.lib(rtx_thread.o)
    0x0801ef2c   0x0801ef2c   0x00000024   Code   RO          676    .text.osRtxThreadStackCheck  RTX_CM4F.lib(rtx_thread.o)
    0x0801ef50   0x0801ef50   0x00000058   Code   RO          690    .text.osRtxThreadStartup  RTX_CM4F.lib(rtx_thread.o)
    0x0801efa8   0x0801efa8   0x0000000c   Code   RO          674    .text.osRtxThreadSwitch  RTX_CM4F.lib(rtx_thread.o)
    0x0801efb4   0x0801efb4   0x00000038   Code   RO          686    .text.osRtxThreadWaitEnter  RTX_CM4F.lib(rtx_thread.o)
    0x0801efec   0x0801efec   0x00000032   Code   RO          682    .text.osRtxThreadWaitExit  RTX_CM4F.lib(rtx_thread.o)
    0x0801f01e   0x0801f01e   0x00000002   PAD
    0x0801f020   0x0801f020   0x00000070   Code   RO         1509    .text.osRtxTick_Handler  RTX_CM4F.lib(rtx_system.o)
    0x0801f090   0x0801f090   0x00000058   Code   RO          898    .text.osSemaphoreAcquire  RTX_CM4F.lib(rtx_semaphore.o)
    0x0801f0e8   0x0801f0e8   0x00000024   Code   RO          906    .text.osSemaphoreDelete  RTX_CM4F.lib(rtx_semaphore.o)
    0x0801f10c   0x0801f10c   0x00000024   Code   RO          894    .text.osSemaphoreNew  RTX_CM4F.lib(rtx_semaphore.o)
    0x0801f130   0x0801f130   0x00000064   Code   RO          900    .text.osSemaphoreRelease  RTX_CM4F.lib(rtx_semaphore.o)
    0x0801f194   0x0801f194   0x0000000c   Code   RO          722    .text.osThreadExit  RTX_CM4F.lib(rtx_thread.o)
    0x0801f1a0   0x0801f1a0   0x00000058   Code   RO          730    .text.osThreadFlagsSet  RTX_CM4F.lib(rtx_thread.o)
    0x0801f1f8   0x0801f1f8   0x00000024   Code   RO          736    .text.osThreadFlagsWait  RTX_CM4F.lib(rtx_thread.o)
    0x0801f21c   0x0801f21c   0x00000028   Code   RO          698    .text.osThreadGetId  RTX_CM4F.lib(rtx_thread.o)
    0x0801f244   0x0801f244   0x00000024   Code   RO          694    .text.osThreadNew   RTX_CM4F.lib(rtx_thread.o)
    0x0801f268   0x0801f268   0x00000024   Code   RO          724    .text.osThreadTerminate  RTX_CM4F.lib(rtx_thread.o)
    0x0801f28c   0x0801f28c   0x00000014   Code   RO          799    .text.svcRtxDelay   RTX_CM4F.lib(rtx_delay.o)
    0x0801f2a0   0x0801f2a0   0x00000068   Code   RO          832    .text.svcRtxEventFlagsNew  RTX_CM4F.lib(rtx_evflags.o)
    0x0801f308   0x0801f308   0x0000000c   Code   RO          603    .text.svcRtxKernelGetState  RTX_CM4F.lib(rtx_kernel.o)
    0x0801f314   0x0801f314   0x0000000c   Code   RO          619    .text.svcRtxKernelGetTickCount  RTX_CM4F.lib(rtx_kernel.o)
    0x0801f320   0x0801f320   0x00000170   Code   RO          633    .text.svcRtxKernelInitialize  RTX_CM4F.lib(rtx_kernel.o)
    0x0801f490   0x0801f490   0x00000088   Code   RO          635    .text.svcRtxKernelStart  RTX_CM4F.lib(rtx_kernel.o)
    0x0801f518   0x0801f518   0x00000094   Code   RO          875    .text.svcRtxMutexAcquire  RTX_CM4F.lib(rtx_mutex.o)
    0x0801f5ac   0x0801f5ac   0x000000c4   Code   RO          881    .text.svcRtxMutexDelete  RTX_CM4F.lib(rtx_mutex.o)
    0x0801f670   0x0801f670   0x0000006c   Code   RO          871    .text.svcRtxMutexNew  RTX_CM4F.lib(rtx_mutex.o)
    0x0801f6dc   0x0801f6dc   0x000000b0   Code   RO          877    .text.svcRtxMutexRelease  RTX_CM4F.lib(rtx_mutex.o)
    0x0801f78c   0x0801f78c   0x00000058   Code   RO          914    .text.svcRtxSemaphoreAcquire  RTX_CM4F.lib(rtx_semaphore.o)
    0x0801f7e4   0x0801f7e4   0x00000060   Code   RO          918    .text.svcRtxSemaphoreDelete  RTX_CM4F.lib(rtx_semaphore.o)
    0x0801f844   0x0801f844   0x00000080   Code   RO          908    .text.svcRtxSemaphoreNew  RTX_CM4F.lib(rtx_semaphore.o)
    0x0801f8c4   0x0801f8c4   0x00000054   Code   RO          916    .text.svcRtxSemaphoreRelease  RTX_CM4F.lib(rtx_semaphore.o)
    0x0801f918   0x0801f918   0x00000064   Code   RO          768    .text.svcRtxThreadExit  RTX_CM4F.lib(rtx_thread.o)
    0x0801f97c   0x0801f97c   0x00000066   Code   RO          776    .text.svcRtxThreadFlagsSet  RTX_CM4F.lib(rtx_thread.o)
    0x0801f9e2   0x0801f9e2   0x00000002   PAD
    0x0801f9e4   0x0801f9e4   0x00000048   Code   RO          782    .text.svcRtxThreadFlagsWait  RTX_CM4F.lib(rtx_thread.o)
    0x0801fa2c   0x0801fa2c   0x0000000c   Code   RO          700    .text.svcRtxThreadGetId  RTX_CM4F.lib(rtx_thread.o)
    0x0801fa38   0x0801fa38   0x000001dc   Code   RO          692    .text.svcRtxThreadNew  RTX_CM4F.lib(rtx_thread.o)
    0x0801fc14   0x0801fc14   0x000000bc   Code   RO          770    .text.svcRtxThreadTerminate  RTX_CM4F.lib(rtx_thread.o)
    0x0801fcd0   0x0801fcd0   0x0000003e   Code   RO         3528    CL$$btod_d2e        c_w.l(btod.o)
    0x0801fd0e   0x0801fd0e   0x00000046   Code   RO         3530    CL$$btod_d2e_denorm_low  c_w.l(btod.o)
    0x0801fd54   0x0801fd54   0x00000060   Code   RO         3529    CL$$btod_d2e_norm_op1  c_w.l(btod.o)
    0x0801fdb4   0x0801fdb4   0x00000338   Code   RO         3538    CL$$btod_div_common  c_w.l(btod.o)
    0x080200ec   0x080200ec   0x000000dc   Code   RO         3535    CL$$btod_e2e        c_w.l(btod.o)
    0x080201c8   0x080201c8   0x0000002a   Code   RO         3532    CL$$btod_ediv       c_w.l(btod.o)
    0x080201f2   0x080201f2   0x0000002a   Code   RO         3531    CL$$btod_emul       c_w.l(btod.o)
    0x0802021c   0x0802021c   0x00000244   Code   RO         3537    CL$$btod_mult_common  c_w.l(btod.o)
    0x08020460   0x08020460   0x00000020   Code   RO         2925    i.Api_AggrRecvAddbaReqEvent  rak_wifi_os_ARM_CM4F.lib(api_wmi_rx.o)
    0x08020480   0x08020480   0x00000014   Code   RO         2926    i.Api_AggrRecvDelbaReqEvent  rak_wifi_os_ARM_CM4F.lib(api_wmi_rx.o)
    0x08020494   0x08020494   0x00000014   Code   RO         2928    i.Api_BssInfoEvent  rak_wifi_os_ARM_CM4F.lib(api_wmi_rx.o)
    0x080204a8   0x080204a8   0x00000078   Code   RO         2930    i.Api_ConnectEvent  rak_wifi_os_ARM_CM4F.lib(api_wmi_rx.o)
    0x08020520   0x08020520   0x0000014c   Code   RO         1598    i.Api_ConnectWiFi   rak_wifi_os_ARM_CM4F.lib(api_ioctl.o)
    0x0802066c   0x0802066c   0x00000036   Code   RO         1555    i.Api_DeInitFinish  rak_wifi_os_ARM_CM4F.lib(api_init.o)
    0x080206a2   0x080206a2   0x00000006   Code   RO         1556    i.Api_DeInitStart   rak_wifi_os_ARM_CM4F.lib(api_init.o)
    0x080206a8   0x080206a8   0x00000088   Code   RO         2931    i.Api_DisconnectEvent  rak_wifi_os_ARM_CM4F.lib(api_wmi_rx.o)
    0x08020730   0x08020730   0x00000054   Code   RO         1599    i.Api_DisconnectWiFi  rak_wifi_os_ARM_CM4F.lib(api_ioctl.o)
    0x08020784   0x08020784   0x00000048   Code   RO         1600    i.Api_DriverAccessCheck  rak_wifi_os_ARM_CM4F.lib(api_ioctl.o)
    0x080207cc   0x080207cc   0x00000028   Code   RO         2932    i.Api_GetPmkEvent   rak_wifi_os_ARM_CM4F.lib(api_wmi_rx.o)
    0x080207f4   0x080207f4   0x00000044   Code   RO         1557    i.Api_InitFinish    rak_wifi_os_ARM_CM4F.lib(api_init.o)
    0x08020838   0x08020838   0x0000002e   Code   RO         1558    i.Api_InitStart     rak_wifi_os_ARM_CM4F.lib(api_init.o)
    0x08020866   0x08020866   0x00000002   PAD
    0x08020868   0x08020868   0x00000168   Code   RO         1601    i.Api_ParseInfoElem  rak_wifi_os_ARM_CM4F.lib(api_ioctl.o)
    0x080209d0   0x080209d0   0x00000010   Code   RO         2933    i.Api_RSNASuccessEvent  rak_wifi_os_ARM_CM4F.lib(api_wmi_rx.o)
    0x080209e0   0x080209e0   0x0000002c   Code   RO         2934    i.Api_ReadyEvent    rak_wifi_os_ARM_CM4F.lib(api_wmi_rx.o)
    0x08020a0c   0x08020a0c   0x00000002   Code   RO         2935    i.Api_RegDomainEvent  rak_wifi_os_ARM_CM4F.lib(api_wmi_rx.o)
    0x08020a0e   0x08020a0e   0x00000002   PAD
    0x08020a10   0x08020a10   0x0000013c   Code   RO         1677    i.Api_RxComplete    rak_wifi_os_ARM_CM4F.lib(api_txrx.o)
    0x08020b4c   0x08020b4c   0x00000020   Code   RO         2936    i.Api_ScanCompleteEvent  rak_wifi_os_ARM_CM4F.lib(api_wmi_rx.o)
    0x08020b6c   0x08020b6c   0x00000300   Code   RO         1945    i.Api_SockResponseEventRx  rak_wifi_os_ARM_CM4F.lib(api_stack_offload.o)
    0x08020e6c   0x08020e6c   0x00000028   Code   RO         2937    i.Api_TargetStatsEvent  rak_wifi_os_ARM_CM4F.lib(api_wmi_rx.o)
    0x08020e94   0x08020e94   0x0000001c   Code   RO         2938    i.Api_TkipMicErrorEvent  rak_wifi_os_ARM_CM4F.lib(api_wmi_rx.o)
    0x08020eb0   0x08020eb0   0x00000044   Code   RO         1678    i.Api_TxComplete    rak_wifi_os_ARM_CM4F.lib(api_txrx.o)
    0x08020ef4   0x08020ef4   0x00000054   Code   RO         1679    i.Api_TxGetStatus   rak_wifi_os_ARM_CM4F.lib(api_txrx.o)
    0x08020f48   0x08020f48   0x000000d4   Code   RO         1559    i.Api_WMIInitFinish  rak_wifi_os_ARM_CM4F.lib(api_init.o)
    0x0802101c   0x0802101c   0x0000003e   Code   RO         1680    i.Api_WmiTxStart    rak_wifi_os_ARM_CM4F.lib(api_txrx.o)
    0x0802105a   0x0802105a   0x00000158   Code   RO         2939    i.Api_WpsProfileEvent  rak_wifi_os_ARM_CM4F.lib(api_wmi_rx.o)
    0x080211b2   0x080211b2   0x0000001c   Code   RO         2940    i.Api_easyconfigEvent  rak_wifi_os_ARM_CM4F.lib(api_wmi_rx.o)
    0x080211ce   0x080211ce   0x00000002   PAD
    0x080211d0   0x080211d0   0x0000014c   Code   RO         1953    i.Api_ipconfig      rak_wifi_os_ARM_CM4F.lib(api_stack_offload.o)
    0x0802131c   0x0802131c   0x00000054   Code   RO         1954    i.Api_ipconfig_dhcp_pool  rak_wifi_os_ARM_CM4F.lib(api_stack_offload.o)
    0x08021370   0x08021370   0x00000044   Code   RO         1957    i.Api_ipconfig_set_tcp_exponential_backoff_retry  rak_wifi_os_ARM_CM4F.lib(api_stack_offload.o)
    0x080213b4   0x080213b4   0x00000078   Code   RO         2614    i.Atheros_Driver_Task  rak_wifi_os_ARM_CM4F.lib(cust_driver_main.o)
    0x0802142c   0x0802142c   0x000000b8   Code   RO          978    i.Bus_InOutDescriptorSet  rak_wifi_os_ARM_CM4F.lib(hw_api.o)
    0x080214e4   0x080214e4   0x0000002e   Code   RO          979    i.Bus_InOutToken    rak_wifi_os_ARM_CM4F.lib(hw_api.o)
    0x08021512   0x08021512   0x00000002   PAD
    0x08021514   0x08021514   0x00000034   Code   RO         1046    i.ClearDriverContextPtr  rak_wifi_os_ARM_CM4F.lib(cust_api_init.o)
    0x08021548   0x08021548   0x00000068   Code   RO         3093    i.ConfigureByteSwap  rak_wifi_os_ARM_CM4F.lib(spi_hcd.o)
    0x080215b0   0x080215b0   0x000000b6   Code   RO         1772    i.ConnectService    rak_wifi_os_ARM_CM4F.lib(driver_init.o)
    0x08021666   0x08021666   0x000000c0   Code   RO         3369    i.Custom_Api_BssInfoEvent  rak_wifi_os_ARM_CM4F.lib(cust_api_wmi_rx.o)
    0x08021726   0x08021726   0x000000dc   Code   RO         3370    i.Custom_Api_ConnectEvent  rak_wifi_os_ARM_CM4F.lib(cust_api_wmi_rx.o)
    0x08021802   0x08021802   0x0000008c   Code   RO         3371    i.Custom_Api_DisconnectEvent  rak_wifi_os_ARM_CM4F.lib(cust_api_wmi_rx.o)
    0x0802188e   0x0802188e   0x000000a2   Code   RO         3372    i.Custom_Api_RSNASuccessEvent  rak_wifi_os_ARM_CM4F.lib(cust_api_wmi_rx.o)
    0x08021930   0x08021930   0x00000024   Code   RO         3373    i.Custom_Api_ReadyEvent  rak_wifi_os_ARM_CM4F.lib(cust_api_wmi_rx.o)
    0x08021954   0x08021954   0x000000e0   Code   RO         1048    i.Custom_Api_Start  rak_wifi_os_ARM_CM4F.lib(cust_api_init.o)
    0x08021a34   0x08021a34   0x000000d4   Code   RO         3374    i.Custom_Api_easyconfigEvent  rak_wifi_os_ARM_CM4F.lib(cust_api_wmi_rx.o)
    0x08021b08   0x08021b08   0x00000010   Code   RO         2901    i.Custom_DeliverFrameToNetworkStack  rak_wifi_os_ARM_CM4F.lib(cust_api_stack_txrx.o)
    0x08021b18   0x08021b18   0x0000006c   Code   RO         2615    i.Custom_Driver_ContextDeInit  rak_wifi_os_ARM_CM4F.lib(cust_driver_main.o)
    0x08021b84   0x08021b84   0x0000005e   Code   RO         2616    i.Custom_Driver_ContextInit  rak_wifi_os_ARM_CM4F.lib(cust_driver_main.o)
    0x08021be2   0x08021be2   0x00000002   PAD
    0x08021be4   0x08021be4   0x00000020   Code   RO         2617    i.Custom_Driver_CreateThread  rak_wifi_os_ARM_CM4F.lib(cust_driver_main.o)
    0x08021c04   0x08021c04   0x0000000c   Code   RO         2619    i.Custom_Driver_Interrupt_WakeDriver  rak_wifi_os_ARM_CM4F.lib(cust_driver_main.o)
    0x08021c10   0x08021c10   0x00000036   Code   RO         2620    i.Custom_Driver_WaitForCondition  rak_wifi_os_ARM_CM4F.lib(cust_driver_main.o)
    0x08021c46   0x08021c46   0x0000000c   Code   RO         2621    i.Custom_Driver_WakeDriver  rak_wifi_os_ARM_CM4F.lib(cust_driver_main.o)
    0x08021c52   0x08021c52   0x0000000c   Code   RO         2622    i.Custom_Driver_WakeUser  rak_wifi_os_ARM_CM4F.lib(cust_driver_main.o)
    0x08021c5e   0x08021c5e   0x00000002   Code   RO         2623    i.Custom_FreeRxRequest  rak_wifi_os_ARM_CM4F.lib(cust_driver_main.o)
    0x08021c60   0x08021c60   0x00000074   Code   RO         2624    i.Custom_GetRxRequest  rak_wifi_os_ARM_CM4F.lib(cust_driver_main.o)
    0x08021cd4   0x08021cd4   0x00000016   Code   RO          573    i.DRIVER_INT_HANDLE  rak_wifi_os_ARM_CM4F.lib(cust_api_isr.o)
    0x08021cea   0x08021cea   0x000000c4   Code   RO         3094    i.DoDMAOp           rak_wifi_os_ARM_CM4F.lib(spi_hcd.o)
    0x08021dae   0x08021dae   0x00000064   Code   RO         3095    i.DoPioReadInternal  rak_wifi_os_ARM_CM4F.lib(spi_hcd.o)
    0x08021e12   0x08021e12   0x00000054   Code   RO         3096    i.DoPioWriteInternal  rak_wifi_os_ARM_CM4F.lib(spi_hcd.o)
    0x08021e66   0x08021e66   0x00000002   PAD
    0x08021e68   0x08021e68   0x000000f4   Code   RO         1773    i.Driver_BootComm   rak_wifi_os_ARM_CM4F.lib(driver_init.o)
    0x08021f5c   0x08021f5c   0x00000058   Code   RO         3040    i.Driver_CompleteRequest  rak_wifi_os_ARM_CM4F.lib(driver_main.o)
    0x08021fb4   0x08021fb4   0x00000024   Code   RO         1774    i.Driver_ContextDeInit  rak_wifi_os_ARM_CM4F.lib(driver_init.o)
    0x08021fd8   0x08021fd8   0x000000b8   Code   RO         1775    i.Driver_ContextInit  rak_wifi_os_ARM_CM4F.lib(driver_init.o)
    0x08022090   0x08022090   0x00000050   Code   RO         1776    i.Driver_DeInit     rak_wifi_os_ARM_CM4F.lib(driver_init.o)
    0x080220e0   0x080220e0   0x00000062   Code   RO         3041    i.Driver_DropTxDataPackets  rak_wifi_os_ARM_CM4F.lib(driver_main.o)
    0x08022142   0x08022142   0x0000000c   Code   RO         1777    i.Driver_GetTargetInfo  rak_wifi_os_ARM_CM4F.lib(driver_init.o)
    0x0802214e   0x0802214e   0x00000002   PAD
    0x08022150   0x08022150   0x000000ec   Code   RO         1778    i.Driver_Init       rak_wifi_os_ARM_CM4F.lib(driver_init.o)
    0x0802223c   0x0802223c   0x000001b8   Code   RO         3042    i.Driver_Main       rak_wifi_os_ARM_CM4F.lib(driver_main.o)
    0x080223f4   0x080223f4   0x00000026   Code   RO         1888    i.Driver_PostProcessRequest  rak_wifi_os_ARM_CM4F.lib(driver_txrx.o)
    0x0802241a   0x0802241a   0x0000003a   Code   RO         1722    i.Driver_ReadDataDiag  rak_wifi_os_ARM_CM4F.lib(driver_diag.o)
    0x08022454   0x08022454   0x0000005e   Code   RO         1723    i.Driver_ReadRegDiag  rak_wifi_os_ARM_CM4F.lib(driver_diag.o)
    0x080224b2   0x080224b2   0x00000048   Code   RO         1889    i.Driver_RecvPacket  rak_wifi_os_ARM_CM4F.lib(driver_txrx.o)
    0x080224fa   0x080224fa   0x00000024   Code   RO         3043    i.Driver_ReportRxBuffStatus  rak_wifi_os_ARM_CM4F.lib(driver_main.o)
    0x0802251e   0x0802251e   0x00000002   PAD
    0x08022520   0x08022520   0x00000044   Code   RO         1890    i.Driver_RxComplete  rak_wifi_os_ARM_CM4F.lib(driver_txrx.o)
    0x08022564   0x08022564   0x0000011c   Code   RO         3044    i.Driver_RxReady    rak_wifi_os_ARM_CM4F.lib(driver_main.o)
    0x08022680   0x08022680   0x00000072   Code   RO         1891    i.Driver_SendPacket  rak_wifi_os_ARM_CM4F.lib(driver_txrx.o)
    0x080226f2   0x080226f2   0x000000a0   Code   RO         1724    i.Driver_SetAddressWindowRegister  rak_wifi_os_ARM_CM4F.lib(driver_diag.o)
    0x08022792   0x08022792   0x00000002   PAD
    0x08022794   0x08022794   0x00000088   Code   RO         1892    i.Driver_SubmitTxRequest  rak_wifi_os_ARM_CM4F.lib(driver_txrx.o)
    0x0802281c   0x0802281c   0x0000007c   Code   RO         1893    i.Driver_SubmitTxRequestNoBlock  rak_wifi_os_ARM_CM4F.lib(driver_txrx.o)
    0x08022898   0x08022898   0x00000118   Code   RO         1779    i.Driver_TargReset  rak_wifi_os_ARM_CM4F.lib(driver_init.o)
    0x080229b0   0x080229b0   0x00000034   Code   RO         1894    i.Driver_TxComplete  rak_wifi_os_ARM_CM4F.lib(driver_txrx.o)
    0x080229e4   0x080229e4   0x000000fc   Code   RO         3045    i.Driver_TxReady    rak_wifi_os_ARM_CM4F.lib(driver_main.o)
    0x08022ae0   0x08022ae0   0x0000003a   Code   RO         1725    i.Driver_WriteDataDiag  rak_wifi_os_ARM_CM4F.lib(driver_diag.o)
    0x08022b1a   0x08022b1a   0x0000005e   Code   RO         1726    i.Driver_WriteRegDiag  rak_wifi_os_ARM_CM4F.lib(driver_diag.o)
    0x08022b78   0x08022b78   0x00000068   Code   RO         3097    i.EnableDisableSPIIRQHwDetect  rak_wifi_os_ARM_CM4F.lib(spi_hcd.o)
    0x08022be0   0x08022be0   0x00000018   Code   RO         1049    i.GetDriverContextByInterrupt  rak_wifi_os_ARM_CM4F.lib(cust_api_init.o)
    0x08022bf8   0x08022bf8   0x0000001c   Code   RO         1050    i.GetDriverContextPtr  rak_wifi_os_ARM_CM4F.lib(cust_api_init.o)
    0x08022c14   0x08022c14   0x00000124   Code   RO         3234    i.HTC_ConnectService  rak_wifi_os_ARM_CM4F.lib(htc.o)
    0x08022d38   0x08022d38   0x000000a0   Code   RO         3235    i.HTC_ProcessCpuInterrupt  rak_wifi_os_ARM_CM4F.lib(htc.o)
    0x08022dd8   0x08022dd8   0x00000040   Code   RO         3236    i.HTC_Start         rak_wifi_os_ARM_CM4F.lib(htc.o)
    0x08022e18   0x08022e18   0x00000064   Code   RO         3237    i.HTC_WaitTarget    rak_wifi_os_ARM_CM4F.lib(htc.o)
    0x08022e7c   0x08022e7c   0x0000000e   Code   RO          981    i.HW_DeInit         rak_wifi_os_ARM_CM4F.lib(hw_api.o)
    0x08022e8a   0x08022e8a   0x0000006c   Code   RO          982    i.HW_EnableDisableSPIIRQ  rak_wifi_os_ARM_CM4F.lib(hw_api.o)
    0x08022ef6   0x08022ef6   0x00000030   Code   RO          983    i.HW_Init           rak_wifi_os_ARM_CM4F.lib(hw_api.o)
    0x08022f26   0x08022f26   0x00000020   Code   RO          984    i.HW_InterruptHandler  rak_wifi_os_ARM_CM4F.lib(hw_api.o)
    0x08022f46   0x08022f46   0x00000012   Code   RO          985    i.HW_MsecDelay      rak_wifi_os_ARM_CM4F.lib(hw_api.o)
    0x08022f58   0x08022f58   0x0000002e   Code   RO          986    i.HW_PowerUpDown    rak_wifi_os_ARM_CM4F.lib(hw_api.o)
    0x08022f86   0x08022f86   0x00000002   PAD
    0x08022f88   0x08022f88   0x0000003c   Code   RO         3098    i.HandleExternalReadDone  rak_wifi_os_ARM_CM4F.lib(spi_hcd.o)
    0x08022fc4   0x08022fc4   0x00000040   Code   RO         3099    i.Hcd_ClearCPUInterrupt  rak_wifi_os_ARM_CM4F.lib(spi_hcd.o)
    0x08023004   0x08023004   0x0000001e   Code   RO         3100    i.Hcd_Deinitialize  rak_wifi_os_ARM_CM4F.lib(spi_hcd.o)
    0x08023022   0x08023022   0x00000002   PAD
    0x08023024   0x08023024   0x00000118   Code   RO         3101    i.Hcd_DoPioExternalAccess  rak_wifi_os_ARM_CM4F.lib(spi_hcd.o)
    0x0802313c   0x0802313c   0x00000030   Code   RO         3102    i.Hcd_DoPioInternalAccess  rak_wifi_os_ARM_CM4F.lib(spi_hcd.o)
    0x0802316c   0x0802316c   0x000000cc   Code   RO         3104    i.Hcd_GetLookAhead  rak_wifi_os_ARM_CM4F.lib(spi_hcd.o)
    0x08023238   0x08023238   0x00000030   Code   RO         3105    i.Hcd_GetMboxAddress  rak_wifi_os_ARM_CM4F.lib(spi_hcd.o)
    0x08023268   0x08023268   0x00000188   Code   RO         3106    i.Hcd_Init          rak_wifi_os_ARM_CM4F.lib(spi_hcd.o)
    0x080233f0   0x080233f0   0x000000fc   Code   RO         3107    i.Hcd_ProgramWriteBufferWaterMark  rak_wifi_os_ARM_CM4F.lib(spi_hcd.o)
    0x080234ec   0x080234ec   0x0000001c   Code   RO         3108    i.Hcd_RefreshWriteBufferSpace  rak_wifi_os_ARM_CM4F.lib(spi_hcd.o)
    0x08023508   0x08023508   0x0000007e   Code   RO         3110    i.Hcd_Request       rak_wifi_os_ARM_CM4F.lib(spi_hcd.o)
    0x08023586   0x08023586   0x00000002   PAD
    0x08023588   0x08023588   0x00000168   Code   RO         3111    i.Hcd_SpiInterrupt  rak_wifi_os_ARM_CM4F.lib(spi_hcd.o)
    0x080236f0   0x080236f0   0x00000010   Code   RO         3112    i.Hcd_TransferData  rak_wifi_os_ARM_CM4F.lib(spi_hcd.o)
    0x08023700   0x08023700   0x00000038   Code   RO         3113    i.Hcd_UnmaskSPIInterrupts  rak_wifi_os_ARM_CM4F.lib(spi_hcd.o)
    0x08023738   0x08023738   0x00000052   Code   RO         3238    i.Htc_DistributeCredits  rak_wifi_os_ARM_CM4F.lib(htc.o)
    0x0802378a   0x0802378a   0x00000002   PAD
    0x0802378c   0x0802378c   0x000000c0   Code   RO         3239    i.Htc_GetCreditCounterUpdate  rak_wifi_os_ARM_CM4F.lib(htc.o)
    0x0802384c   0x0802384c   0x00000048   Code   RO         3240    i.Htc_PrepareRecvPacket  rak_wifi_os_ARM_CM4F.lib(htc.o)
    0x08023894   0x08023894   0x000000c8   Code   RO         3241    i.Htc_ProcessCreditRpt  rak_wifi_os_ARM_CM4F.lib(htc.o)
    0x0802395c   0x0802395c   0x00000150   Code   RO         3242    i.Htc_ProcessRecvHeader  rak_wifi_os_ARM_CM4F.lib(htc.o)
    0x08023aac   0x08023aac   0x00000114   Code   RO         3243    i.Htc_ProcessTrailer  rak_wifi_os_ARM_CM4F.lib(htc.o)
    0x08023bc0   0x08023bc0   0x00000010   Code   RO         3244    i.Htc_ProcessTxComplete  rak_wifi_os_ARM_CM4F.lib(htc.o)
    0x08023bd0   0x08023bd0   0x00000090   Code   RO         3245    i.Htc_ReadCreditCounter  rak_wifi_os_ARM_CM4F.lib(htc.o)
    0x08023c60   0x08023c60   0x00000064   Code   RO         3246    i.Htc_RxComplete    rak_wifi_os_ARM_CM4F.lib(htc.o)
    0x08023cc4   0x08023cc4   0x000000e4   Code   RO         3247    i.Htc_SendPacket    rak_wifi_os_ARM_CM4F.lib(htc.o)
    0x08023da8   0x08023da8   0x00000002   Code   RO         1602    i.Install_static_wep_keys  rak_wifi_os_ARM_CM4F.lib(api_ioctl.o)
    0x08023daa   0x08023daa   0x00000038   Code   RO         3114    i.MaskSPIInterrupts  rak_wifi_os_ARM_CM4F.lib(spi_hcd.o)
    0x08023de2   0x08023de2   0x00000028   Code   RO         3116    i.ResetWriteBufferWaterMark  rak_wifi_os_ARM_CM4F.lib(spi_hcd.o)
    0x08023e0a   0x08023e0a   0x00000002   PAD
    0x08023e0c   0x08023e0c   0x00000034   Code   RO         1051    i.SetDriverContextPtr  rak_wifi_os_ARM_CM4F.lib(cust_api_init.o)
    0x08023e40   0x08023e40   0x00000110   Code   RO         1780    i.SetupServices     rak_wifi_os_ARM_CM4F.lib(driver_init.o)
    0x08023f50   0x08023f50   0x00000046   Code   RO         2128    i.Util_Freq2ieee    rak_wifi_os_ARM_CM4F.lib(util.o)
    0x08023f96   0x08023f96   0x00000012   Code   RO         2129    i.Util_GetEndpoint  rak_wifi_os_ARM_CM4F.lib(util.o)
    0x08023fa8   0x08023fa8   0x00000042   Code   RO         2130    i.Util_Ieee2freq    rak_wifi_os_ARM_CM4F.lib(util.o)
    0x08023fea   0x08023fea   0x00000030   Code   RO         3558    i.__ARM_fpclassify  m_wv.l(fpclassify.o)
    0x0802401a   0x0802401a   0x00000036   Code   RO          140    i._ascii_to_hex     rak_wifi_os_ARM_CM4F.lib(rw_lib.o)
    0x08024050   0x08024050   0x00000028   Code   RO          141    i._ath_commit       rak_wifi_os_ARM_CM4F.lib(rw_lib.o)
    0x08024078   0x08024078   0x00000030   Code   RO          143    i._ath_set_bssid    rak_wifi_os_ARM_CM4F.lib(rw_lib.o)
    0x080240a8   0x080240a8   0x00000030   Code   RO          144    i._ath_set_cipher   rak_wifi_os_ARM_CM4F.lib(rw_lib.o)
    0x080240d8   0x080240d8   0x00000030   Code   RO          145    i._ath_set_essid    rak_wifi_os_ARM_CM4F.lib(rw_lib.o)
    0x08024108   0x08024108   0x00000040   Code   RO          146    i._ath_set_mode     rak_wifi_os_ARM_CM4F.lib(rw_lib.o)
    0x08024148   0x08024148   0x00000030   Code   RO          147    i._ath_set_passphrase  rak_wifi_os_ARM_CM4F.lib(rw_lib.o)
    0x08024178   0x08024178   0x00000030   Code   RO          148    i._ath_set_pmk      rak_wifi_os_ARM_CM4F.lib(rw_lib.o)
    0x080241a8   0x080241a8   0x00000034   Code   RO          149    i._ath_set_sec_type  rak_wifi_os_ARM_CM4F.lib(rw_lib.o)
    0x080241dc   0x080241dc   0x000000d4   Code   RO          151    i._check_sys_params  rak_wifi_os_ARM_CM4F.lib(rw_lib.o)
    0x080242b0   0x080242b0   0x00000028   Code   RO          152    i._clean_filename   rak_wifi_os_ARM_CM4F.lib(rw_lib.o)
    0x080242d8   0x080242d8   0x0000000e   Code   RO         3446    i._is_digit         c_w.l(__printf_wp.o)
    0x080242e6   0x080242e6   0x00000002   PAD
    0x080242e8   0x080242e8   0x0000005c   Code   RO          155    i._set_PowerParam   rak_wifi_os_ARM_CM4F.lib(rw_lib.o)
    0x08024344   0x08024344   0x00000020   Code   RO          156    i._set_TcpBackoffRetry  rak_wifi_os_ARM_CM4F.lib(rw_lib.o)
    0x08024364   0x08024364   0x00000038   Code   RO          157    i._set_ap_params    rak_wifi_os_ARM_CM4F.lib(rw_lib.o)
    0x0802439c   0x0802439c   0x0000004c   Code   RO          158    i._set_channel      rak_wifi_os_ARM_CM4F.lib(rw_lib.o)
    0x080243e8   0x080243e8   0x00000064   Code   RO          159    i._set_ctycode      rak_wifi_os_ARM_CM4F.lib(rw_lib.o)
    0x0802444c   0x0802444c   0x00000034   Code   RO          160    i._set_power        rak_wifi_os_ARM_CM4F.lib(rw_lib.o)
    0x08024480   0x08024480   0x00000074   Code   RO          161    i._set_scan         rak_wifi_os_ARM_CM4F.lib(rw_lib.o)
    0x080244f4   0x080244f4   0x00000078   Code   RO          162    i._set_str_pmk      rak_wifi_os_ARM_CM4F.lib(rw_lib.o)
    0x0802456c   0x0802456c   0x00000018   Code   RO         2698    i.a_free            rak_wifi_os_ARM_CM4F.lib(cust_driver_netbuf.o)
    0x08024584   0x08024584   0x00000022   Code   RO         2699    i.a_malloc          rak_wifi_os_ARM_CM4F.lib(cust_driver_netbuf.o)
    0x080245a6   0x080245a6   0x00000002   Code   RO         2700    i.a_malloc_init     rak_wifi_os_ARM_CM4F.lib(cust_driver_netbuf.o)
    0x080245a8   0x080245a8   0x00000066   Code   RO         2701    i.a_netbuf_alloc    rak_wifi_os_ARM_CM4F.lib(cust_driver_netbuf.o)
    0x0802460e   0x0802460e   0x00000056   Code   RO         2702    i.a_netbuf_alloc_raw  rak_wifi_os_ARM_CM4F.lib(cust_driver_netbuf.o)
    0x08024664   0x08024664   0x00000034   Code   RO         2704    i.a_netbuf_configure  rak_wifi_os_ARM_CM4F.lib(cust_driver_netbuf.o)
    0x08024698   0x08024698   0x0000002e   Code   RO         1858    i.a_netbuf_dequeue  rak_wifi_os_ARM_CM4F.lib(driver_netbuf.o)
    0x080246c6   0x080246c6   0x0000001a   Code   RO         1859    i.a_netbuf_enqueue  rak_wifi_os_ARM_CM4F.lib(driver_netbuf.o)
    0x080246e0   0x080246e0   0x00000044   Code   RO         2706    i.a_netbuf_free     rak_wifi_os_ARM_CM4F.lib(cust_driver_netbuf.o)
    0x08024724   0x08024724   0x0000003e   Code   RO         2707    i.a_netbuf_free_rx_pool  rak_wifi_os_ARM_CM4F.lib(cust_driver_netbuf.o)
    0x08024762   0x08024762   0x00000002   Code   RO         2708    i.a_netbuf_free_tx_pool  rak_wifi_os_ARM_CM4F.lib(cust_driver_netbuf.o)
    0x08024764   0x08024764   0x00000056   Code   RO         2709    i.a_netbuf_get_fragment  rak_wifi_os_ARM_CM4F.lib(cust_driver_netbuf.o)
    0x080247ba   0x080247ba   0x0000001e   Code   RO         2711    i.a_netbuf_init     rak_wifi_os_ARM_CM4F.lib(cust_driver_netbuf.o)
    0x080247d8   0x080247d8   0x00000030   Code   RO         2712    i.a_netbuf_pull     rak_wifi_os_ARM_CM4F.lib(cust_driver_netbuf.o)
    0x08024808   0x08024808   0x00000030   Code   RO         2714    i.a_netbuf_push     rak_wifi_os_ARM_CM4F.lib(cust_driver_netbuf.o)
    0x08024838   0x08024838   0x00000050   Code   RO         2716    i.a_netbuf_put      rak_wifi_os_ARM_CM4F.lib(cust_driver_netbuf.o)
    0x08024888   0x08024888   0x0000000a   Code   RO         1861    i.a_netbuf_queue_init  rak_wifi_os_ARM_CM4F.lib(driver_netbuf.o)
    0x08024892   0x08024892   0x0000003e   Code   RO         2718    i.a_netbuf_reinit   rak_wifi_os_ARM_CM4F.lib(cust_driver_netbuf.o)
    0x080248d0   0x080248d0   0x0000000a   Code   RO         2719    i.a_netbuf_set_rx_pool  rak_wifi_os_ARM_CM4F.lib(cust_driver_netbuf.o)
    0x080248da   0x080248da   0x0000000c   Code   RO         2721    i.a_netbuf_tailroom  rak_wifi_os_ARM_CM4F.lib(cust_driver_netbuf.o)
    0x080248e6   0x080248e6   0x00000006   Code   RO         2722    i.a_netbuf_to_data  rak_wifi_os_ARM_CM4F.lib(cust_driver_netbuf.o)
    0x080248ec   0x080248ec   0x00000048   Code   RO         2723    i.a_netbuf_to_len   rak_wifi_os_ARM_CM4F.lib(cust_driver_netbuf.o)
    0x08024934   0x08024934   0x00000030   Code   RO         2724    i.a_netbuf_trim     rak_wifi_os_ARM_CM4F.lib(cust_driver_netbuf.o)
    0x08024964   0x08024964   0x00000002   Code   RO         3324    i.aggr_deinit       rak_wifi_os_ARM_CM4F.lib(rcv_aggr.o)
    0x08024966   0x08024966   0x00000002   PAD
    0x08024968   0x08024968   0x00000010   Code   RO         3325    i.aggr_init         rak_wifi_os_ARM_CM4F.lib(rcv_aggr.o)
    0x08024978   0x08024978   0x00000044   Code   RO         3327    i.aggr_recv_addba_req_evt  rak_wifi_os_ARM_CM4F.lib(rcv_aggr.o)
    0x080249bc   0x080249bc   0x00000028   Code   RO         3328    i.aggr_recv_delba_req_evt  rak_wifi_os_ARM_CM4F.lib(rcv_aggr.o)
    0x080249e4   0x080249e4   0x00000020   Code   RO         3329    i.aggr_reset_state  rak_wifi_os_ARM_CM4F.lib(rcv_aggr.o)
    0x08024a04   0x08024a04   0x00000020   Code   RO          166    i.assert_func       rak_wifi_os_ARM_CM4F.lib(rw_lib.o)
    0x08024a24   0x08024a24   0x0000083a   Code   RO         1139    i.ath_ioctl_handler  rak_wifi_os_ARM_CM4F.lib(cust_api_ioctl.o)
    0x0802525e   0x0802525e   0x000000bc   Code   RO         1188    i.blockForResponse  rak_wifi_os_ARM_CM4F.lib(cust_api_stack_offload.o)
    0x0802531a   0x0802531a   0x00000002   PAD
    0x0802531c   0x0802531c   0x0000004c   Code   RO         1965    i.clear_socket_context  rak_wifi_os_ARM_CM4F.lib(api_stack_offload.o)
    0x08025368   0x08025368   0x00000030   Code   RO         1195    i.custom_ipconfig_set_tcp_exponential_backoff_retry  rak_wifi_os_ARM_CM4F.lib(cust_api_stack_offload.o)
    0x08025398   0x08025398   0x000000b0   Code   RO         2902    i.custom_receive_tcpip  rak_wifi_os_ARM_CM4F.lib(cust_api_stack_txrx.o)
    0x08025448   0x08025448   0x00000060   Code   RO         1197    i.custom_socket_context_deinit  rak_wifi_os_ARM_CM4F.lib(cust_api_stack_offload.o)
    0x080254a8   0x080254a8   0x00000070   Code   RO         1198    i.custom_socket_context_init  rak_wifi_os_ARM_CM4F.lib(cust_api_stack_offload.o)
    0x08025518   0x08025518   0x00000024   Code   RO         2725    i.default_native_free_fn  rak_wifi_os_ARM_CM4F.lib(cust_driver_netbuf.o)
    0x0802553c   0x0802553c   0x00000018   Code   RO         1895    i.driver_lock_mutex  rak_wifi_os_ARM_CM4F.lib(driver_txrx.o)
    0x08025554   0x08025554   0x00000018   Code   RO         2941    i.driver_lock_mutex  rak_wifi_os_ARM_CM4F.lib(api_wmi_rx.o)
    0x0802556c   0x0802556c   0x00000018   Code   RO         3046    i.driver_lock_mutex  rak_wifi_os_ARM_CM4F.lib(driver_main.o)
    0x08025584   0x08025584   0x00000018   Code   RO         3375    i.driver_lock_mutex  rak_wifi_os_ARM_CM4F.lib(cust_api_wmi_rx.o)
    0x0802559c   0x0802559c   0x00000016   Code   RO         1896    i.driver_unlock_mutex  rak_wifi_os_ARM_CM4F.lib(driver_txrx.o)
    0x080255b2   0x080255b2   0x00000016   Code   RO         2942    i.driver_unlock_mutex  rak_wifi_os_ARM_CM4F.lib(api_wmi_rx.o)
    0x080255c8   0x080255c8   0x00000016   Code   RO         3047    i.driver_unlock_mutex  rak_wifi_os_ARM_CM4F.lib(driver_main.o)
    0x080255de   0x080255de   0x00000016   Code   RO         3376    i.driver_unlock_mutex  rak_wifi_os_ARM_CM4F.lib(cust_api_wmi_rx.o)
    0x080255f4   0x080255f4   0x0000018c   Code   RO         3377    i.fill_scan_info    rak_wifi_os_ARM_CM4F.lib(cust_api_wmi_rx.o)
    0x08025780   0x08025780   0x0000003c   Code   RO         1966    i.find_socket_context  rak_wifi_os_ARM_CM4F.lib(api_stack_offload.o)
    0x080257bc   0x080257bc   0x0000000a   Code   RO         1202    i.isSocketBlocked   rak_wifi_os_ARM_CM4F.lib(cust_api_stack_offload.o)
    0x080257c6   0x080257c6   0x00000038   Code   RO         1681    i.query_credit_deficit  rak_wifi_os_ARM_CM4F.lib(api_txrx.o)
    0x080257fe   0x080257fe   0x00000002   PAD
    0x08025800   0x08025800   0x00000040   Code   RO         1603    i.rsn_auth_parse    rak_wifi_os_ARM_CM4F.lib(api_ioctl.o)
    0x08025840   0x08025840   0x0000006c   Code   RO         1604    i.rsn_cipher_parse  rak_wifi_os_ARM_CM4F.lib(api_ioctl.o)
    0x080258ac   0x080258ac   0x00000084   Code   RO          178    i.rw_getLibVersion  rak_wifi_os_ARM_CM4F.lib(rw_lib.o)
    0x08025930   0x08025930   0x00000030   Code   RO          179    i.rw_getMacAddr     rak_wifi_os_ARM_CM4F.lib(rw_lib.o)
    0x08025960   0x08025960   0x00000134   Code   RO          182    i.rw_ipConfig       rak_wifi_os_ARM_CM4F.lib(rw_lib.o)
    0x08025a94   0x08025a94   0x00000094   Code   RO          187    i.rw_sysDriverInit  rak_wifi_os_ARM_CM4F.lib(rw_lib.o)
    0x08025b28   0x08025b28   0x000002e4   Code   RO          190    i.rw_wlanConnect    rak_wifi_os_ARM_CM4F.lib(rw_lib.o)
    0x08025e0c   0x08025e0c   0x00000050   Code   RO          191    i.rw_wlanGetScanInfo  rak_wifi_os_ARM_CM4F.lib(rw_lib.o)
    0x08025e5c   0x08025e5c   0x000000da   Code   RO         1605    i.security_ie_parse  rak_wifi_os_ARM_CM4F.lib(api_ioctl.o)
    0x08025f36   0x08025f36   0x00000034   Code   RO         1969    i.send_stack_init   rak_wifi_os_ARM_CM4F.lib(api_stack_offload.o)
    0x08025f6a   0x08025f6a   0x00000002   PAD
    0x08025f6c   0x08025f6c   0x00000030   Code   RO         1970    i.socket_context_deinit  rak_wifi_os_ARM_CM4F.lib(api_stack_offload.o)
    0x08025f9c   0x08025f9c   0x00000074   Code   RO         1971    i.socket_context_init  rak_wifi_os_ARM_CM4F.lib(api_stack_offload.o)
    0x08026010   0x08026010   0x0000004e   Code   RO         1210    i.t_ipconfig        rak_wifi_os_ARM_CM4F.lib(cust_api_stack_offload.o)
    0x0802605e   0x0802605e   0x0000003e   Code   RO         1211    i.t_ipconfig_dhcp_pool  rak_wifi_os_ARM_CM4F.lib(cust_api_stack_offload.o)
    0x0802609c   0x0802609c   0x0000002e   Code   RO         1223    i.txpkt_free        rak_wifi_os_ARM_CM4F.lib(cust_api_stack_offload.o)
    0x080260ca   0x080260ca   0x0000003e   Code   RO         1224    i.unblock           rak_wifi_os_ARM_CM4F.lib(cust_api_stack_offload.o)
    0x08026108   0x08026108   0x0000001a   Code   RO         2163    i.wmi_addba_req_event_rx  rak_wifi_os_ARM_CM4F.lib(wmi.o)
    0x08026122   0x08026122   0x0000003e   Code   RO         2164    i.wmi_allow_aggr_cmd  rak_wifi_os_ARM_CM4F.lib(wmi.o)
    0x08026160   0x08026160   0x0000004a   Code   RO         2165    i.wmi_ap_profile_commit  rak_wifi_os_ARM_CM4F.lib(wmi.o)
    0x080261aa   0x080261aa   0x00000198   Code   RO         2166    i.wmi_ap_set_param  rak_wifi_os_ARM_CM4F.lib(wmi.o)
    0x08026342   0x08026342   0x00000030   Code   RO         2168    i.wmi_bssInfo_event_rx  rak_wifi_os_ARM_CM4F.lib(wmi.o)
    0x08026372   0x08026372   0x0000004a   Code   RO         2169    i.wmi_bssfilter_cmd  rak_wifi_os_ARM_CM4F.lib(wmi.o)
    0x080263bc   0x080263bc   0x000000b4   Code   RO         2171    i.wmi_cmd_send      rak_wifi_os_ARM_CM4F.lib(wmi.o)
    0x08026470   0x08026470   0x000000b0   Code   RO         2172    i.wmi_connect_cmd   rak_wifi_os_ARM_CM4F.lib(wmi.o)
    0x08026520   0x08026520   0x000000e4   Code   RO         2173    i.wmi_connect_event_rx  rak_wifi_os_ARM_CM4F.lib(wmi.o)
    0x08026604   0x08026604   0x000002bc   Code   RO         2174    i.wmi_control_rx    rak_wifi_os_ARM_CM4F.lib(wmi.o)
    0x080268c0   0x080268c0   0x00000060   Code   RO         2176    i.wmi_data_hdr_remove  rak_wifi_os_ARM_CM4F.lib(wmi.o)
    0x08026920   0x08026920   0x0000001a   Code   RO         2177    i.wmi_delba_req_event_rx  rak_wifi_os_ARM_CM4F.lib(wmi.o)
    0x0802693a   0x0802693a   0x00000012   Code   RO         2180    i.wmi_disconnect_cmd  rak_wifi_os_ARM_CM4F.lib(wmi.o)
    0x0802694c   0x0802694c   0x00000044   Code   RO         2181    i.wmi_disconnect_event_rx  rak_wifi_os_ARM_CM4F.lib(wmi.o)
    0x08026990   0x08026990   0x0000002a   Code   RO         2184    i.wmi_easyconfig_event_rx  rak_wifi_os_ARM_CM4F.lib(wmi.o)
    0x080269ba   0x080269ba   0x00000002   PAD
    0x080269bc   0x080269bc   0x0000007c   Code   RO         2185    i.wmi_errorEvent_rx  rak_wifi_os_ARM_CM4F.lib(wmi.o)
    0x08026a38   0x08026a38   0x00000010   Code   RO         2190    i.wmi_get_pmk_cmd   rak_wifi_os_ARM_CM4F.lib(wmi.o)
    0x08026a48   0x08026a48   0x0000001c   Code   RO         2191    i.wmi_get_pmk_event_rx  rak_wifi_os_ARM_CM4F.lib(wmi.o)
    0x08026a64   0x08026a64   0x00000008   Code   RO         2192    i.wmi_get_power_mode_cmd  rak_wifi_os_ARM_CM4F.lib(wmi.o)
    0x08026a6c   0x08026a6c   0x0000000e   Code   RO         2194    i.wmi_get_stats_cmd  rak_wifi_os_ARM_CM4F.lib(wmi.o)
    0x08026a7a   0x08026a7a   0x0000004a   Code   RO         2198    i.wmi_init          rak_wifi_os_ARM_CM4F.lib(wmi.o)
    0x08026ac4   0x08026ac4   0x00000040   Code   RO         2200    i.wmi_listeninterval_cmd  rak_wifi_os_ARM_CM4F.lib(wmi.o)
    0x08026b04   0x08026b04   0x0000005e   Code   RO         2203    i.wmi_pmparams_cmd  rak_wifi_os_ARM_CM4F.lib(wmi.o)
    0x08026b62   0x08026b62   0x00000040   Code   RO         2204    i.wmi_powermode_cmd  rak_wifi_os_ARM_CM4F.lib(wmi.o)
    0x08026ba2   0x08026ba2   0x00000002   PAD
    0x08026ba4   0x08026ba4   0x00000094   Code   RO         2205    i.wmi_probedSsid_cmd  rak_wifi_os_ARM_CM4F.lib(wmi.o)
    0x08026c38   0x08026c38   0x0000003e   Code   RO         2206    i.wmi_promiscuous_cmd  rak_wifi_os_ARM_CM4F.lib(wmi.o)
    0x08026c76   0x08026c76   0x00000046   Code   RO         2207    i.wmi_qos_state_init  rak_wifi_os_ARM_CM4F.lib(wmi.o)
    0x08026cbc   0x08026cbc   0x0000002c   Code   RO         2208    i.wmi_ready_event_rx  rak_wifi_os_ARM_CM4F.lib(wmi.o)
    0x08026ce8   0x08026ce8   0x00000022   Code   RO         2210    i.wmi_regDomain_event_rx  rak_wifi_os_ARM_CM4F.lib(wmi.o)
    0x08026d0a   0x08026d0a   0x0000002a   Code   RO         2211    i.wmi_rsna_4way_rx  rak_wifi_os_ARM_CM4F.lib(wmi.o)
    0x08026d34   0x08026d34   0x00000024   Code   RO         2212    i.wmi_scanComplete_rx  rak_wifi_os_ARM_CM4F.lib(wmi.o)
    0x08026d58   0x08026d58   0x0000006e   Code   RO         2213    i.wmi_scanparams_cmd  rak_wifi_os_ARM_CM4F.lib(wmi.o)
    0x08026dc6   0x08026dc6   0x00000076   Code   RO         2214    i.wmi_set_channelParams_cmd  rak_wifi_os_ARM_CM4F.lib(wmi.o)
    0x08026e3c   0x08026e3c   0x0000003e   Code   RO         2215    i.wmi_set_channel_cmd  rak_wifi_os_ARM_CM4F.lib(wmi.o)
    0x08026e7a   0x08026e7a   0x00000002   PAD
    0x08026e7c   0x08026e7c   0x00000060   Code   RO         2216    i.wmi_set_control_ep  rak_wifi_os_ARM_CM4F.lib(wmi.o)
    0x08026edc   0x08026edc   0x0000006a   Code   RO         2218    i.wmi_set_ht_cap_cmd  rak_wifi_os_ARM_CM4F.lib(wmi.o)
    0x08026f46   0x08026f46   0x00000068   Code   RO         2220    i.wmi_set_passphrase_cmd  rak_wifi_os_ARM_CM4F.lib(wmi.o)
    0x08026fae   0x08026fae   0x0000004a   Code   RO         2221    i.wmi_set_pmk_cmd   rak_wifi_os_ARM_CM4F.lib(wmi.o)
    0x08026ff8   0x08026ff8   0x0000001c   Code   RO         2225    i.wmi_shutdown      rak_wifi_os_ARM_CM4F.lib(wmi.o)
    0x08027014   0x08027014   0x00000022   Code   RO         2226    i.wmi_simple_cmd    rak_wifi_os_ARM_CM4F.lib(wmi.o)
    0x08027036   0x08027036   0x00000002   PAD
    0x08027038   0x08027038   0x000000ac   Code   RO         2227    i.wmi_socket_cmd    rak_wifi_os_ARM_CM4F.lib(wmi.o)
    0x080270e4   0x080270e4   0x00000086   Code   RO         2228    i.wmi_startscan_cmd  rak_wifi_os_ARM_CM4F.lib(wmi.o)
    0x0802716a   0x0802716a   0x00000016   Code   RO         2229    i.wmi_statsEvent_rx  rak_wifi_os_ARM_CM4F.lib(wmi.o)
    0x08027180   0x08027180   0x0000004a   Code   RO         2230    i.wmi_storerecall_configure_cmd  rak_wifi_os_ARM_CM4F.lib(wmi.o)
    0x080271ca   0x080271ca   0x00000024   Code   RO         2234    i.wmi_tkip_micerr_event_rx  rak_wifi_os_ARM_CM4F.lib(wmi.o)
    0x080271ee   0x080271ee   0x0000001e   Code   RO         2235    i.wmi_wps_profile_event_rx  rak_wifi_os_ARM_CM4F.lib(wmi.o)
    0x0802720c   0x0802720c   0x00000046   Code   RO         2236    i.wmi_wps_start_cmd  rak_wifi_os_ARM_CM4F.lib(wmi.o)
    0x08027252   0x08027252   0x00000002   PAD
    0x08027254   0x08027254   0x00000040   Code   RO         1606    i.wpa_auth_parse    rak_wifi_os_ARM_CM4F.lib(api_ioctl.o)
    0x08027294   0x08027294   0x0000006c   Code   RO         1607    i.wpa_cipher_parse  rak_wifi_os_ARM_CM4F.lib(api_ioctl.o)
    0x08027300   0x08027300   0x0000002c   Code   RO         3553    locale$$code        c_w.l(lc_numeric_c.o)
    0x0802732c   0x0802732c   0x0000001a   Code   RO         3624    x$fpl$fpinit        fz_wv.l(fpinit.o)
    0x08027346   0x08027346   0x00000004   Code   RO         3483    x$fpl$printf1       fz_wv.l(printf1.o)
    0x0802734a   0x0802734a   0x00000000   Code   RO         3557    x$fpl$usenofp       fz_wv.l(usenofp.o)
    0x0802734a   0x0802734a   0x00000011   Data   RO         3449    .constdata          c_w.l(__printf_flags_wp.o)
    0x0802735b   0x0802735b   0x00000001   PAD
    0x0802735c   0x0802735c   0x00000094   Data   RO         3526    .constdata          c_w.l(bigflt0.o)
    0x080273f0   0x080273f0   0x00000049   Data   RO          987    .conststring        rak_wifi_os_ARM_CM4F.lib(hw_api.o)
    0x08027439   0x08027439   0x00000003   PAD
    0x0802743c   0x0802743c   0x00000051   Data   RO         1054    .conststring        rak_wifi_os_ARM_CM4F.lib(cust_api_init.o)
    0x0802748d   0x0802748d   0x00000003   PAD
    0x08027490   0x08027490   0x0000004c   Data   RO         1560    .conststring        rak_wifi_os_ARM_CM4F.lib(api_init.o)
    0x080274dc   0x080274dc   0x0000004c   Data   RO         1682    .conststring        rak_wifi_os_ARM_CM4F.lib(api_txrx.o)
    0x08027528   0x08027528   0x00000048   Data   RO         1782    .conststring        rak_wifi_os_ARM_CM4F.lib(driver_init.o)
    0x08027570   0x08027570   0x00000048   Data   RO         1897    .conststring        rak_wifi_os_ARM_CM4F.lib(driver_txrx.o)
    0x080275b8   0x080275b8   0x0000004d   Data   RO         2626    .conststring        rak_wifi_os_ARM_CM4F.lib(cust_driver_main.o)
    0x08027605   0x08027605   0x00000003   PAD
    0x08027608   0x08027608   0x0000004f   Data   RO         2726    .conststring        rak_wifi_os_ARM_CM4F.lib(cust_driver_netbuf.o)
    0x08027657   0x08027657   0x00000001   PAD
    0x08027658   0x08027658   0x00000048   Data   RO         3048    .conststring        rak_wifi_os_ARM_CM4F.lib(driver_main.o)
    0x080276a0   0x080276a0   0x00000041   Data   RO         3117    .conststring        rak_wifi_os_ARM_CM4F.lib(spi_hcd.o)
    0x080276e1   0x080276e1   0x00000003   PAD
    0x080276e4   0x080276e4   0x00000046   Data   RO         3331    .conststring        rak_wifi_os_ARM_CM4F.lib(rcv_aggr.o)
    0x0802772a   0x0802772a   0x00000002   PAD
    0x0802772c   0x0802772c   0x00006f24   Data   RO         3708    .rodata             lto-llvm-910002.o
    0x0802e650   0x0802e650   0x00000020   Data   RO         3714    .rodata.cst16       lto-llvm-910002.o
    0x0802e670   0x0802e670   0x00000010   Data   RO         3713    .rodata.cst8        lto-llvm-910002.o
    0x0802e680   0x0802e680   0x000006db   Data   RO         3709    .rodata.str1.1      lto-llvm-910002.o
    0x0802ed5b   0x0802ed5b   0x00000001   PAD
    0x0802ed5c   0x0802ed5c   0x0000000b   Data   RO          647    .rodata.str1.4      RTX_CM4F.lib(rtx_kernel.o)
    0x0802ed67   0x0802ed67   0x00000001   PAD
    0x0802ed68   0x0802ed68   0x00000030   Data   RO         3747    Region$$Table       anon$$obj.o
    0x0802ed98   0x0802ed98   0x0000001c   Data   RO         3552    locale$$data        c_w.l(lc_numeric_c.o)


    Execution Region IRAM_DTCM (Exec base: 0x20000000, Load base: 0x0802ee80, Size: 0x00000000, Max: 0x00020000, ABSOLUTE)

    **** No section assigned to this execution region ****


    Execution Region IRAM_AXIM (Exec base: 0x24000000, Load base: 0x0802ee80, Size: 0x00000000, Max: 0x00080000, ABSOLUTE)

    **** No section assigned to this execution region ****


    Execution Region IRAM_FBALLOC (Exec base: 0x30000000, Load base: 0x0802ee80, Size: 0x00000000, Max: 0x00040000, ABSOLUTE)

    **** No section assigned to this execution region ****


    Execution Region IRAM_JPEG (Exec base: 0x30040000, Load base: 0x0802ee80, Size: 0x00000000, Max: 0x00008000, ABSOLUTE)

    **** No section assigned to this execution region ****


    Execution Region IRAM_LIB (Exec base: 0x38000000, Load base: 0x0802ee80, Size: 0x00010000, Max: 0x00010000, ABSOLUTE, COMPRESSED[0x00000204])

    Exec Addr    Load Addr    Size         Type   Attr      Idx    E Section Name        Object

    0x38000000   COMPRESSED   0x00010000   Data   RW         3711    .RAM_RTE            lto-llvm-910002.o


==============================================================================

Image component sizes


      Code (inc. data)   RO Data    RW Data    ZI Data      Debug   Object Name

    119388       2808      30255      66948      15968     609065   lto-llvm-910002.o
        64         26        664          0       1536        896   startup_stm32h743xx.o

    ----------------------------------------------------------------------
    119452       2834      30968      66948      17512     609961   Object Totals
         0          0         48          0          0          0   (incl. Generated)
         0          0          1          0          8          0   (incl. Padding)

    ----------------------------------------------------------------------

      Code (inc. data)   RO Data    RW Data    ZI Data      Debug   Library Member Name

       196         12          0          0          0        544   irq_cm4f.o
       114         20          0          0          1       3637   os_systick.o
        56          4          0          0          0       3110   rtx_delay.o
       296          8          0          0          0      14090   rtx_evflags.o
       696         44         11        164          0      18879   rtx_kernel.o
       264          0          0          0          0       2733   rtx_memory.o
       212          0          0          0          0      17095   rtx_mempool.o
       840         28          0          0          0      10275   rtx_mutex.o
       714         28          0          0          0      11729   rtx_semaphore.o
       368         20          0          0          0       5693   rtx_system.o
      2234         84          0          0          0      34306   rtx_thread.o
        44          6          0          0          0         84   __2sprintf.o
        90          0          0          0          0          0   __dczerorl2.o
         8          0          0          0          0         68   __main.o
       312          4         17          0          0         92   __printf_flags_wp.o
        14          0          0          0          0         68   __printf_wp.o
         0          0          0          0          0          0   __rtentry.o
        20          0          0          0          0          0   __rtentry2.o
         6          0          0          0          0          0   __rtentry4.o
        52          8          0          0          0          0   __scatter.o
        28          0          0          0          0          0   __scatter_zi.o
        48          6          0          0          0         96   _printf_char_common.o
         6          0          0          0          0          0   _printf_d.o
       120         16          0          0          0         92   _printf_dec.o
         6          0          0          0          0          0   _printf_f.o
      1052          0          0          0          0        148   _printf_fp_dec.o
       128         16          0          0          0         84   _printf_fp_infnan.o
       178          0          0          0          0         88   _printf_intcommon.o
         0          0          0          0          0          0   _printf_percent.o
         4          0          0          0          0          0   _printf_percent_end.o
        10          0          0          0          0         68   _sputc.o
        16          0          0          0          0         68   aeabi_memset.o
       228          4        148          0          0         96   bigflt0.o
      1936        128          0          0          0        672   btod.o
        18          0          0          0          0         80   exit.o
         6          0          0          0          0        152   heapauxi.o
         0          0          0          0          0          0   indicate_semi.o
        44         10         28          0          0         76   lc_numeric_c.o
         2          0          0          0          0          0   libinit.o
        22          0          0          0          0          0   libinit2.o
         2          0          0          0          0          0   libshutdown.o
         2          0          0          0          0          0   libshutdown2.o
         8          4          0          0         96         68   libspace.o
       138          0          0          0          0         80   lludiv10.o
       238          0          0          0          0        100   lludivv7m.o
        88          0          0          0          0         76   memcmp.o
        10          0          0          0          0         76   rt_locale_twolibspace.o
        68          0          0          0          0         68   rt_memclr.o
        78          0          0          0          0         80   rt_memclr_w.o
       138          0          0          0          0         68   rt_memcpy_v6.o
       100          0          0          0          0         80   rt_memcpy_w.o
       132          0          0          0          0         68   rt_memmove_v6.o
       122          0          0          0          0         80   rt_memmove_w.o
         2          0          0          0          0          0   rtexit.o
        10          0          0          0          0          0   rtexit2.o
       124          0          0          0          0         88   strcmpv7m_pel.o
        72          0          0          0          0         80   strcpy.o
        62          0          0          0          0         76   strlen.o
       150          0          0          0          0         80   strncmp.o
        86          0          0          0          0         76   strncpy.o
        12          4          0          0          0         68   sys_exit.o
        74          0          0          0          0         80   sys_stackheap_outer.o
         2          0          0          0          0         68   use_no_semi.o
        26          0          0          0          0        116   fpinit.o
         4          0          0          0          0        116   printf1.o
         0          0          0          0          0          0   usenofp.o
        48          0          0          0          0        124   fpclassify.o
       386         10         76          0          0       4886   api_init.o
      1412         38          0          0          0      12867   api_ioctl.o
      1604         58          0          0         36      12119   api_stack_offload.o
       586         20         76          0          0       5309   api_txrx.o
       948          0          0          0          0      13646   api_wmi_rx.o
       380         40         81          8        524      55111   cust_api_init.o
      2106        128          0          0          0      11774   cust_api_ioctl.o
        22          0          0          0          0        656   cust_api_isr.o
       702         18          0          4          0      18731   cust_api_stack_offload.o
       192          6          0          0          0       3031   cust_api_stack_txrx.o
      1404         10          0          0          0       9456   cust_api_wmi_rx.o
       562         24         77          0         40      13234   cust_driver_main.o
       970         22         79          1          0      19777   cust_driver_netbuf.o
       464          0          0          0          0       5352   driver_diag.o
      1526         70         72          0          0      11557   driver_init.o
      1244         22         72          0          0       7652   driver_main.o
        82          0          0          0          0       2556   driver_netbuf.o
       650         18         72          0          0       7697   driver_txrx.o
      2262        610          0          0          0      12983   htc.o
       496          6         73          0          0       9989   hw_api.o
       158         20         70          0         20       4389   rcv_aggr.o
         0          0          0          0          0       1918   rw_dns.o
      2834        210          0          4        120      81535   rw_lib.o
      2648         44         65          0          0      18189   spi_hcd.o
       154          0          0          0          0       2557   util.o
      4418        406          0          8          0      43860   wmi.o

    ----------------------------------------------------------------------
     40470       2234       1034        192        948     516770   Library Totals
        76          0         17          3        111          0   (incl. Padding)

    ----------------------------------------------------------------------

      Code (inc. data)   RO Data    RW Data    ZI Data      Debug   Library Name

      5990        248         11        164          1     122091   RTX_CM4F.lib
      6116        206        193          0         96       3492   c_w.l
        30          0          0          0          0        232   fz_wv.l
        48          0          0          0          0        124   m_wv.l
     28210       1780        813         25        740     390831   rak_wifi_os_ARM_CM4F.lib

    ----------------------------------------------------------------------
     40470       2234       1034        192        948     516770   Library Totals

    ----------------------------------------------------------------------

==============================================================================


      Code (inc. data)   RO Data    RW Data    ZI Data      Debug   

    159922       5068      32002      67140      18460    1098795   Grand Totals
    159922       5068      32002        708      18460    1098795   ELF Image Totals (compressed)
    159922       5068      32002        708          0          0   ROM Totals

==============================================================================

    Total RO  Size (Code + RO Data)               191924 ( 187.43kB)
    Total RW  Size (RW Data + ZI Data)             85600 (  83.59kB)
    Total ROM Size (Code + RO Data + RW Data)     192632 ( 188.12kB)

==============================================================================

