<!doctype html public "-//w3c//dtd html 4.0 transitional//en">
<html><head>
<title>Static Call Graph - [.\Objects\H743Pro.axf]</title></head>
<body><HR>
<H1>Static Call Graph for image .\Objects\H743Pro.axf</H1><HR>
<BR><P>#&#060CALLGRAPH&#062# ARM Linker, 6110004: Last Updated: Wed Jan 23 19:45:27 2019
<BR><P>
<H3>Maximum Stack Usage =        760 bytes + Unknown(Functions without stacksize, Cycles, Untraceable Function Pointers)</H3><H3>
Call chain for Maximum Stack Depth:</H3>
ThreadTaskGUI &rArr; refr_monitor &rArr; lv_label_set_text &rArr; lv_label_refr_text &rArr; RTE_MEM_Alloc &rArr; RTE_LOG_ADD &rArr; RTE_Vprintf &rArr; RTE_Assert &rArr; RTE_Printf &rArr;  RTE_Vprintf (Cycle)
<P>
<H3>
Functions with no stack information
</H3><UL>
 <LI><a href="#[1ad]">__user_initial_stackheap</a>
</UL>
</UL>
<P>
<H3>
Mutually Recursive functions
</H3> <LI><a href="#[83]">ADC3_IRQHandler</a>&nbsp;&nbsp;&nbsp;&rArr;&nbsp;&nbsp;&nbsp;<a href="#[83]">ADC3_IRQHandler</a><BR>
 <LI><a href="#[264]">osRtxErrorNotify</a>&nbsp;&nbsp;&nbsp;&rArr;&nbsp;&nbsp;&nbsp;<a href="#[264]">osRtxErrorNotify</a><BR>
 <LI><a href="#[4]">HardFault_Handler</a>&nbsp;&nbsp;&nbsp;&rArr;&nbsp;&nbsp;&nbsp;<a href="#[4]">HardFault_Handler</a><BR>
 <LI><a href="#[5]">MemManage_Handler</a>&nbsp;&nbsp;&nbsp;&rArr;&nbsp;&nbsp;&nbsp;<a href="#[5]">MemManage_Handler</a><BR>
 <LI><a href="#[6]">BusFault_Handler</a>&nbsp;&nbsp;&nbsp;&rArr;&nbsp;&nbsp;&nbsp;<a href="#[6]">BusFault_Handler</a><BR>
 <LI><a href="#[7]">UsageFault_Handler</a>&nbsp;&nbsp;&nbsp;&rArr;&nbsp;&nbsp;&nbsp;<a href="#[7]">UsageFault_Handler</a><BR>
 <LI><a href="#[1c4]">RTE_Printf</a>&nbsp;&nbsp;&nbsp;&rArr;&nbsp;&nbsp;&nbsp;<a href="#[1cc]">RTE_Vprintf</a><BR>
 <LI><a href="#[320]">Hcd_UnmaskSPIInterrupts</a>&nbsp;&nbsp;&nbsp;&rArr;&nbsp;&nbsp;&nbsp;<a href="#[31c]">MaskSPIInterrupts</a><BR>
 <LI><a href="#[208]">refresh_childen_position</a>&nbsp;&nbsp;&nbsp;&rArr;&nbsp;&nbsp;&nbsp;<a href="#[208]">refresh_childen_position</a><BR>
 <LI><a href="#[20a]">delete_children</a>&nbsp;&nbsp;&nbsp;&rArr;&nbsp;&nbsp;&nbsp;<a href="#[20a]">delete_children</a><BR>
 <LI><a href="#[205]">refresh_childen_style</a>&nbsp;&nbsp;&nbsp;&rArr;&nbsp;&nbsp;&nbsp;<a href="#[205]">refresh_childen_style</a><BR>
 <LI><a href="#[210]">lv_refr_obj</a>&nbsp;&nbsp;&nbsp;&rArr;&nbsp;&nbsp;&nbsp;<a href="#[210]">lv_refr_obj</a><BR>
 <LI><a href="#[20f]">lv_refr_get_top_obj</a>&nbsp;&nbsp;&nbsp;&rArr;&nbsp;&nbsp;&nbsp;<a href="#[20f]">lv_refr_get_top_obj</a><BR>
 <LI><a href="#[202]">indev_search_obj</a>&nbsp;&nbsp;&nbsp;&rArr;&nbsp;&nbsp;&nbsp;<a href="#[202]">indev_search_obj</a><BR>
</UL>
<P>
<H3>
Function Pointers
</H3><UL>
 <LI><a href="#[83]">ADC3_IRQHandler</a> from startup_stm32h743xx.o(.text) referenced from startup_stm32h743xx.o(RESET)
 <LI><a href="#[1e]">ADC_IRQHandler</a> from startup_stm32h743xx.o(.text) referenced from startup_stm32h743xx.o(RESET)
 <LI><a href="#[16a]">Atheros_Driver_Task</a> from cust_driver_main.o(i.Atheros_Driver_Task) referenced from cust_driver_main.o(i.Custom_Driver_CreateThread)
 <LI><a href="#[85]">BDMA_Channel0_IRQHandler</a> from startup_stm32h743xx.o(.text) referenced from startup_stm32h743xx.o(RESET)
 <LI><a href="#[86]">BDMA_Channel1_IRQHandler</a> from startup_stm32h743xx.o(.text) referenced from startup_stm32h743xx.o(RESET)
 <LI><a href="#[87]">BDMA_Channel2_IRQHandler</a> from startup_stm32h743xx.o(.text) referenced from startup_stm32h743xx.o(RESET)
 <LI><a href="#[88]">BDMA_Channel3_IRQHandler</a> from startup_stm32h743xx.o(.text) referenced from startup_stm32h743xx.o(RESET)
 <LI><a href="#[89]">BDMA_Channel4_IRQHandler</a> from startup_stm32h743xx.o(.text) referenced from startup_stm32h743xx.o(RESET)
 <LI><a href="#[8a]">BDMA_Channel5_IRQHandler</a> from startup_stm32h743xx.o(.text) referenced from startup_stm32h743xx.o(RESET)
 <LI><a href="#[8b]">BDMA_Channel6_IRQHandler</a> from startup_stm32h743xx.o(.text) referenced from startup_stm32h743xx.o(RESET)
 <LI><a href="#[8c]">BDMA_Channel7_IRQHandler</a> from startup_stm32h743xx.o(.text) referenced from startup_stm32h743xx.o(RESET)
 <LI><a href="#[f9]">Board_GUI_TouchScan</a> from lto-llvm-d6c0fa.o(.text) referenced 2 times from lto-llvm-d6c0fa.o(.text)
 <LI><a href="#[f8]">Board_LCD_FillFrameNormal</a> from lto-llvm-d6c0fa.o(.text) referenced 2 times from lto-llvm-d6c0fa.o(.text)
 <LI><a href="#[f7]">Board_LCD_Map</a> from lto-llvm-d6c0fa.o(.text) referenced 2 times from lto-llvm-d6c0fa.o(.text)
 <LI><a href="#[a7]">Board_Spi1_MSPDeInitCallback</a> from lto-llvm-d6c0fa.o(.text) referenced 2 times from lto-llvm-d6c0fa.o(.text)
 <LI><a href="#[a6]">Board_Spi1_MSPInitCallback</a> from lto-llvm-d6c0fa.o(.text) referenced 2 times from lto-llvm-d6c0fa.o(.text)
 <LI><a href="#[a5]">Board_Spi4_MSPDeInitCallback</a> from lto-llvm-d6c0fa.o(.text) referenced 2 times from lto-llvm-d6c0fa.o(.text)
 <LI><a href="#[a4]">Board_Spi4_MSPInitCallback</a> from lto-llvm-d6c0fa.o(.text) referenced 2 times from lto-llvm-d6c0fa.o(.text)
 <LI><a href="#[9e]">Board_Uart1_MSPDeInitCallback</a> from lto-llvm-d6c0fa.o(.text) referenced 2 times from lto-llvm-d6c0fa.o(.text)
 <LI><a href="#[9f]">Board_Uart1_MSPInitCallback</a> from lto-llvm-d6c0fa.o(.text) referenced 2 times from lto-llvm-d6c0fa.o(.text)
 <LI><a href="#[105]">Board_WIFI_Assert</a> from lto-llvm-d6c0fa.o(.text) referenced 2 times from lto-llvm-d6c0fa.o(.text)
 <LI><a href="#[101]">Board_WIFI_Delay</a> from lto-llvm-d6c0fa.o(.text) referenced 2 times from lto-llvm-d6c0fa.o(.text)
 <LI><a href="#[102]">Board_WIFI_Free</a> from lto-llvm-d6c0fa.o(.text) referenced 2 times from lto-llvm-d6c0fa.o(.text)
 <LI><a href="#[fb]">Board_WIFI_GetTick</a> from lto-llvm-d6c0fa.o(.text) referenced 2 times from lto-llvm-d6c0fa.o(.text)
 <LI><a href="#[fd]">Board_WIFI_InterfaceDeInit</a> from lto-llvm-d6c0fa.o(.text) referenced 2 times from lto-llvm-d6c0fa.o(.text)
 <LI><a href="#[fc]">Board_WIFI_InterfaceInit</a> from lto-llvm-d6c0fa.o(.text) referenced 2 times from lto-llvm-d6c0fa.o(.text)
 <LI><a href="#[104]">Board_WIFI_InterruptSet</a> from lto-llvm-d6c0fa.o(.text) referenced 2 times from lto-llvm-d6c0fa.o(.text)
 <LI><a href="#[103]">Board_WIFI_Malloc</a> from lto-llvm-d6c0fa.o(.text) referenced 2 times from lto-llvm-d6c0fa.o(.text)
 <LI><a href="#[ff]">Board_WIFI_PowerSet</a> from lto-llvm-d6c0fa.o(.text) referenced 2 times from lto-llvm-d6c0fa.o(.text)
 <LI><a href="#[fe]">Board_WIFI_SPITransRec</a> from lto-llvm-d6c0fa.o(.text) referenced 2 times from lto-llvm-d6c0fa.o(.text)
 <LI><a href="#[6]">BusFault_Handler</a> from lto-llvm-d6c0fa.o(.text) referenced from startup_stm32h743xx.o(RESET)
 <LI><a href="#[64]">CEC_IRQHandler</a> from startup_stm32h743xx.o(.text) referenced from startup_stm32h743xx.o(RESET)
 <LI><a href="#[8d]">COMP1_IRQHandler</a> from startup_stm32h743xx.o(.text) referenced from startup_stm32h743xx.o(RESET)
 <LI><a href="#[93]">CRS_IRQHandler</a> from startup_stm32h743xx.o(.text) referenced from startup_stm32h743xx.o(RESET)
 <LI><a href="#[16b]">Custom_FreeRxRequest</a> from cust_driver_main.o(i.Custom_FreeRxRequest) referenced from cust_driver_main.o(i.Custom_GetRxRequest)
 <LI><a href="#[55]">DCMI_IRQHandler</a> from startup_stm32h743xx.o(.text) referenced from startup_stm32h743xx.o(RESET)
 <LI><a href="#[74]">DFSDM1_FLT0_IRQHandler</a> from startup_stm32h743xx.o(.text) referenced from startup_stm32h743xx.o(RESET)
 <LI><a href="#[75]">DFSDM1_FLT1_IRQHandler</a> from startup_stm32h743xx.o(.text) referenced from startup_stm32h743xx.o(RESET)
 <LI><a href="#[76]">DFSDM1_FLT2_IRQHandler</a> from startup_stm32h743xx.o(.text) referenced from startup_stm32h743xx.o(RESET)
 <LI><a href="#[77]">DFSDM1_FLT3_IRQHandler</a> from startup_stm32h743xx.o(.text) referenced from startup_stm32h743xx.o(RESET)
 <LI><a href="#[17]">DMA1_Stream0_IRQHandler</a> from lto-llvm-d6c0fa.o(.text) referenced from startup_stm32h743xx.o(RESET)
 <LI><a href="#[18]">DMA1_Stream1_IRQHandler</a> from startup_stm32h743xx.o(.text) referenced from startup_stm32h743xx.o(RESET)
 <LI><a href="#[19]">DMA1_Stream2_IRQHandler</a> from lto-llvm-d6c0fa.o(.text) referenced from startup_stm32h743xx.o(RESET)
 <LI><a href="#[1a]">DMA1_Stream3_IRQHandler</a> from lto-llvm-d6c0fa.o(.text) referenced from startup_stm32h743xx.o(RESET)
 <LI><a href="#[1b]">DMA1_Stream4_IRQHandler</a> from lto-llvm-d6c0fa.o(.text) referenced from startup_stm32h743xx.o(RESET)
 <LI><a href="#[1c]">DMA1_Stream5_IRQHandler</a> from startup_stm32h743xx.o(.text) referenced from startup_stm32h743xx.o(RESET)
 <LI><a href="#[1d]">DMA1_Stream6_IRQHandler</a> from startup_stm32h743xx.o(.text) referenced from startup_stm32h743xx.o(RESET)
 <LI><a href="#[3a]">DMA1_Stream7_IRQHandler</a> from startup_stm32h743xx.o(.text) referenced from startup_stm32h743xx.o(RESET)
 <LI><a href="#[60]">DMA2D_IRQHandler</a> from startup_stm32h743xx.o(.text) referenced from startup_stm32h743xx.o(RESET)
 <LI><a href="#[43]">DMA2_Stream0_IRQHandler</a> from startup_stm32h743xx.o(.text) referenced from startup_stm32h743xx.o(RESET)
 <LI><a href="#[44]">DMA2_Stream1_IRQHandler</a> from startup_stm32h743xx.o(.text) referenced from startup_stm32h743xx.o(RESET)
 <LI><a href="#[45]">DMA2_Stream2_IRQHandler</a> from startup_stm32h743xx.o(.text) referenced from startup_stm32h743xx.o(RESET)
 <LI><a href="#[46]">DMA2_Stream3_IRQHandler</a> from startup_stm32h743xx.o(.text) referenced from startup_stm32h743xx.o(RESET)
 <LI><a href="#[47]">DMA2_Stream4_IRQHandler</a> from startup_stm32h743xx.o(.text) referenced from startup_stm32h743xx.o(RESET)
 <LI><a href="#[4b]">DMA2_Stream5_IRQHandler</a> from startup_stm32h743xx.o(.text) referenced from startup_stm32h743xx.o(RESET)
 <LI><a href="#[4c]">DMA2_Stream6_IRQHandler</a> from startup_stm32h743xx.o(.text) referenced from startup_stm32h743xx.o(RESET)
 <LI><a href="#[4d]">DMA2_Stream7_IRQHandler</a> from startup_stm32h743xx.o(.text) referenced from startup_stm32h743xx.o(RESET)
 <LI><a href="#[6c]">DMAMUX1_OVR_IRQHandler</a> from startup_stm32h743xx.o(.text) referenced from startup_stm32h743xx.o(RESET)
 <LI><a href="#[84]">DMAMUX2_OVR_IRQHandler</a> from startup_stm32h743xx.o(.text) referenced from startup_stm32h743xx.o(RESET)
 <LI><a href="#[9]">DebugMon_Handler</a> from lto-llvm-d6c0fa.o(.text) referenced from startup_stm32h743xx.o(RESET)
 <LI><a href="#[16c]">Driver_RxComplete</a> from driver_txrx.o(i.Driver_RxComplete) referenced from driver_main.o(i.Driver_RxReady)
 <LI><a href="#[16d]">Driver_TxComplete</a> from driver_txrx.o(i.Driver_TxComplete) referenced from driver_txrx.o(i.Driver_SubmitTxRequest)
 <LI><a href="#[16d]">Driver_TxComplete</a> from driver_txrx.o(i.Driver_TxComplete) referenced from driver_txrx.o(i.Driver_SubmitTxRequestNoBlock)
 <LI><a href="#[48]">ETH_IRQHandler</a> from startup_stm32h743xx.o(.text) referenced from startup_stm32h743xx.o(RESET)
 <LI><a href="#[49]">ETH_WKUP_IRQHandler</a> from startup_stm32h743xx.o(.text) referenced from startup_stm32h743xx.o(RESET)
 <LI><a href="#[12]">EXTI0_IRQHandler</a> from startup_stm32h743xx.o(.text) referenced from startup_stm32h743xx.o(RESET)
 <LI><a href="#[34]">EXTI15_10_IRQHandler</a> from startup_stm32h743xx.o(.text) referenced from startup_stm32h743xx.o(RESET)
 <LI><a href="#[13]">EXTI1_IRQHandler</a> from startup_stm32h743xx.o(.text) referenced from startup_stm32h743xx.o(RESET)
 <LI><a href="#[14]">EXTI2_IRQHandler</a> from startup_stm32h743xx.o(.text) referenced from startup_stm32h743xx.o(RESET)
 <LI><a href="#[15]">EXTI3_IRQHandler</a> from startup_stm32h743xx.o(.text) referenced from startup_stm32h743xx.o(RESET)
 <LI><a href="#[16]">EXTI4_IRQHandler</a> from lto-llvm-d6c0fa.o(.text) referenced from startup_stm32h743xx.o(RESET)
 <LI><a href="#[23]">EXTI9_5_IRQHandler</a> from startup_stm32h743xx.o(.text) referenced from startup_stm32h743xx.o(RESET)
 <LI><a href="#[1f]">FDCAN1_IT0_IRQHandler</a> from startup_stm32h743xx.o(.text) referenced from startup_stm32h743xx.o(RESET)
 <LI><a href="#[21]">FDCAN1_IT1_IRQHandler</a> from startup_stm32h743xx.o(.text) referenced from startup_stm32h743xx.o(RESET)
 <LI><a href="#[20]">FDCAN2_IT0_IRQHandler</a> from startup_stm32h743xx.o(.text) referenced from startup_stm32h743xx.o(RESET)
 <LI><a href="#[22]">FDCAN2_IT1_IRQHandler</a> from startup_stm32h743xx.o(.text) referenced from startup_stm32h743xx.o(RESET)
 <LI><a href="#[4a]">FDCAN_CAL_IRQHandler</a> from startup_stm32h743xx.o(.text) referenced from startup_stm32h743xx.o(RESET)
 <LI><a href="#[10]">FLASH_IRQHandler</a> from startup_stm32h743xx.o(.text) referenced from startup_stm32h743xx.o(RESET)
 <LI><a href="#[3b]">FMC_IRQHandler</a> from startup_stm32h743xx.o(.text) referenced from startup_stm32h743xx.o(RESET)
 <LI><a href="#[57]">FPU_IRQHandler</a> from startup_stm32h743xx.o(.text) referenced from startup_stm32h743xx.o(RESET)
 <LI><a href="#[11a]">GUI_CPU_TimerCallback</a> from lto-llvm-d6c0fa.o(.text) referenced 2 times from lto-llvm-d6c0fa.o(.text)
 <LI><a href="#[73]">HRTIM1_FLT_IRQHandler</a> from startup_stm32h743xx.o(.text) referenced from startup_stm32h743xx.o(RESET)
 <LI><a href="#[6d]">HRTIM1_Master_IRQHandler</a> from startup_stm32h743xx.o(.text) referenced from startup_stm32h743xx.o(RESET)
 <LI><a href="#[6e]">HRTIM1_TIMA_IRQHandler</a> from startup_stm32h743xx.o(.text) referenced from startup_stm32h743xx.o(RESET)
 <LI><a href="#[6f]">HRTIM1_TIMB_IRQHandler</a> from startup_stm32h743xx.o(.text) referenced from startup_stm32h743xx.o(RESET)
 <LI><a href="#[70]">HRTIM1_TIMC_IRQHandler</a> from startup_stm32h743xx.o(.text) referenced from startup_stm32h743xx.o(RESET)
 <LI><a href="#[71]">HRTIM1_TIMD_IRQHandler</a> from startup_stm32h743xx.o(.text) referenced from startup_stm32h743xx.o(RESET)
 <LI><a href="#[72]">HRTIM1_TIME_IRQHandler</a> from startup_stm32h743xx.o(.text) referenced from startup_stm32h743xx.o(RESET)
 <LI><a href="#[82]">HSEM1_IRQHandler</a> from startup_stm32h743xx.o(.text) referenced from startup_stm32h743xx.o(RESET)
 <LI><a href="#[4]">HardFault_Handler</a> from lto-llvm-d6c0fa.o(.text) referenced from startup_stm32h743xx.o(RESET)
 <LI><a href="#[2c]">I2C1_ER_IRQHandler</a> from startup_stm32h743xx.o(.text) referenced from startup_stm32h743xx.o(RESET)
 <LI><a href="#[2b]">I2C1_EV_IRQHandler</a> from startup_stm32h743xx.o(.text) referenced from startup_stm32h743xx.o(RESET)
 <LI><a href="#[2e]">I2C2_ER_IRQHandler</a> from startup_stm32h743xx.o(.text) referenced from startup_stm32h743xx.o(RESET)
 <LI><a href="#[2d]">I2C2_EV_IRQHandler</a> from startup_stm32h743xx.o(.text) referenced from startup_stm32h743xx.o(RESET)
 <LI><a href="#[50]">I2C3_ER_IRQHandler</a> from startup_stm32h743xx.o(.text) referenced from startup_stm32h743xx.o(RESET)
 <LI><a href="#[4f]">I2C3_EV_IRQHandler</a> from startup_stm32h743xx.o(.text) referenced from startup_stm32h743xx.o(RESET)
 <LI><a href="#[66]">I2C4_ER_IRQHandler</a> from startup_stm32h743xx.o(.text) referenced from startup_stm32h743xx.o(RESET)
 <LI><a href="#[65]">I2C4_EV_IRQHandler</a> from startup_stm32h743xx.o(.text) referenced from startup_stm32h743xx.o(RESET)
 <LI><a href="#[7f]">JPEG_IRQHandler</a> from startup_stm32h743xx.o(.text) referenced from startup_stm32h743xx.o(RESET)
 <LI><a href="#[e3]">LEDTimer_Callback</a> from lto-llvm-d6c0fa.o(.text) referenced 2 times from lto-llvm-d6c0fa.o(.text)
 <LI><a href="#[63]">LPTIM1_IRQHandler</a> from startup_stm32h743xx.o(.text) referenced from startup_stm32h743xx.o(RESET)
 <LI><a href="#[8e]">LPTIM2_IRQHandler</a> from startup_stm32h743xx.o(.text) referenced from startup_stm32h743xx.o(RESET)
 <LI><a href="#[8f]">LPTIM3_IRQHandler</a> from startup_stm32h743xx.o(.text) referenced from startup_stm32h743xx.o(RESET)
 <LI><a href="#[90]">LPTIM4_IRQHandler</a> from startup_stm32h743xx.o(.text) referenced from startup_stm32h743xx.o(RESET)
 <LI><a href="#[91]">LPTIM5_IRQHandler</a> from startup_stm32h743xx.o(.text) referenced from startup_stm32h743xx.o(RESET)
 <LI><a href="#[92]">LPUART1_IRQHandler</a> from startup_stm32h743xx.o(.text) referenced from startup_stm32h743xx.o(RESET)
 <LI><a href="#[5f]">LTDC_ER_IRQHandler</a> from startup_stm32h743xx.o(.text) referenced from startup_stm32h743xx.o(RESET)
 <LI><a href="#[5e]">LTDC_IRQHandler</a> from startup_stm32h743xx.o(.text) referenced from startup_stm32h743xx.o(RESET)
 <LI><a href="#[7e]">MDIOS_IRQHandler</a> from startup_stm32h743xx.o(.text) referenced from startup_stm32h743xx.o(RESET)
 <LI><a href="#[7d]">MDIOS_WKUP_IRQHandler</a> from startup_stm32h743xx.o(.text) referenced from startup_stm32h743xx.o(RESET)
 <LI><a href="#[80]">MDMA_IRQHandler</a> from startup_stm32h743xx.o(.text) referenced from startup_stm32h743xx.o(RESET)
 <LI><a href="#[5]">MemManage_Handler</a> from lto-llvm-d6c0fa.o(.text) referenced from startup_stm32h743xx.o(RESET)
 <LI><a href="#[3]">NMI_Handler</a> from lto-llvm-d6c0fa.o(.text) referenced from startup_stm32h743xx.o(RESET)
 <LI><a href="#[69]">OTG_FS_EP1_IN_IRQHandler</a> from startup_stm32h743xx.o(.text) referenced from startup_stm32h743xx.o(RESET)
 <LI><a href="#[68]">OTG_FS_EP1_OUT_IRQHandler</a> from startup_stm32h743xx.o(.text) referenced from startup_stm32h743xx.o(RESET)
 <LI><a href="#[6b]">OTG_FS_IRQHandler</a> from startup_stm32h743xx.o(.text) referenced from startup_stm32h743xx.o(RESET)
 <LI><a href="#[6a]">OTG_FS_WKUP_IRQHandler</a> from startup_stm32h743xx.o(.text) referenced from startup_stm32h743xx.o(RESET)
 <LI><a href="#[52]">OTG_HS_EP1_IN_IRQHandler</a> from startup_stm32h743xx.o(.text) referenced from startup_stm32h743xx.o(RESET)
 <LI><a href="#[51]">OTG_HS_EP1_OUT_IRQHandler</a> from startup_stm32h743xx.o(.text) referenced from startup_stm32h743xx.o(RESET)
 <LI><a href="#[54]">OTG_HS_IRQHandler</a> from startup_stm32h743xx.o(.text) referenced from startup_stm32h743xx.o(RESET)
 <LI><a href="#[53]">OTG_HS_WKUP_IRQHandler</a> from startup_stm32h743xx.o(.text) referenced from startup_stm32h743xx.o(RESET)
 <LI><a href="#[d]">PVD_AVD_IRQHandler</a> from startup_stm32h743xx.o(.text) referenced from startup_stm32h743xx.o(RESET)
 <LI><a href="#[a]">PendSV_Handler</a> from irq_cm4f.o(.text) referenced from startup_stm32h743xx.o(RESET)
 <LI><a href="#[62]">QUADSPI_IRQHandler</a> from startup_stm32h743xx.o(.text) referenced from startup_stm32h743xx.o(RESET)
 <LI><a href="#[11]">RCC_IRQHandler</a> from startup_stm32h743xx.o(.text) referenced from startup_stm32h743xx.o(RESET)
 <LI><a href="#[56]">RNG_IRQHandler</a> from startup_stm32h743xx.o(.text) referenced from startup_stm32h743xx.o(RESET)
 <LI><a href="#[35]">RTC_Alarm_IRQHandler</a> from startup_stm32h743xx.o(.text) referenced from startup_stm32h743xx.o(RESET)
 <LI><a href="#[f]">RTC_WKUP_IRQHandler</a> from startup_stm32h743xx.o(.text) referenced from startup_stm32h743xx.o(RESET)
 <LI><a href="#[a3]">RTE_Puts</a> from lto-llvm-d6c0fa.o(.text) referenced 2 times from lto-llvm-d6c0fa.o(.text)
 <LI><a href="#[9b]">RTE_Shell_CMD_Help</a> from lto-llvm-d6c0fa.o(.text) referenced 2 times from lto-llvm-d6c0fa.o(.text)
 <LI><a href="#[9c]">RTE_Shell_CMD_RTEInfor</a> from lto-llvm-d6c0fa.o(.text) referenced 2 times from lto-llvm-d6c0fa.o(.text)
 <LI><a href="#[9d]">RTE_Shell_Poll</a> from lto-llvm-d6c0fa.o(.text) referenced 2 times from lto-llvm-d6c0fa.o(.text)
 <LI><a href="#[2]">Reset_Handler</a> from startup_stm32h743xx.o(.text) referenced from startup_stm32h743xx.o(RESET)
 <LI><a href="#[5d]">SAI1_IRQHandler</a> from startup_stm32h743xx.o(.text) referenced from startup_stm32h743xx.o(RESET)
 <LI><a href="#[61]">SAI2_IRQHandler</a> from startup_stm32h743xx.o(.text) referenced from startup_stm32h743xx.o(RESET)
 <LI><a href="#[78]">SAI3_IRQHandler</a> from startup_stm32h743xx.o(.text) referenced from startup_stm32h743xx.o(RESET)
 <LI><a href="#[94]">SAI4_IRQHandler</a> from startup_stm32h743xx.o(.text) referenced from startup_stm32h743xx.o(RESET)
 <LI><a href="#[3c]">SDMMC1_IRQHandler</a> from lto-llvm-d6c0fa.o(.text) referenced from startup_stm32h743xx.o(RESET)
 <LI><a href="#[81]">SDMMC2_IRQHandler</a> from startup_stm32h743xx.o(.text) referenced from startup_stm32h743xx.o(RESET)
 <LI><a href="#[16e]">SD_initialize</a> from lto-llvm-d6c0fa.o(.text) referenced from lto-llvm-d6c0fa.o(.rodata)
 <LI><a href="#[172]">SD_ioctl</a> from lto-llvm-d6c0fa.o(.text) referenced from lto-llvm-d6c0fa.o(.rodata)
 <LI><a href="#[170]">SD_read</a> from lto-llvm-d6c0fa.o(.text) referenced from lto-llvm-d6c0fa.o(.rodata)
 <LI><a href="#[16f]">SD_status</a> from lto-llvm-d6c0fa.o(.text) referenced from lto-llvm-d6c0fa.o(.rodata)
 <LI><a href="#[171]">SD_write</a> from lto-llvm-d6c0fa.o(.text) referenced from lto-llvm-d6c0fa.o(.rodata)
 <LI><a href="#[67]">SPDIF_RX_IRQHandler</a> from startup_stm32h743xx.o(.text) referenced from startup_stm32h743xx.o(RESET)
 <LI><a href="#[2f]">SPI1_IRQHandler</a> from lto-llvm-d6c0fa.o(.text) referenced from startup_stm32h743xx.o(RESET)
 <LI><a href="#[30]">SPI2_IRQHandler</a> from startup_stm32h743xx.o(.text) referenced from startup_stm32h743xx.o(RESET)
 <LI><a href="#[3e]">SPI3_IRQHandler</a> from startup_stm32h743xx.o(.text) referenced from startup_stm32h743xx.o(RESET)
 <LI><a href="#[5a]">SPI4_IRQHandler</a> from lto-llvm-d6c0fa.o(.text) referenced from startup_stm32h743xx.o(RESET)
 <LI><a href="#[5b]">SPI5_IRQHandler</a> from startup_stm32h743xx.o(.text) referenced from startup_stm32h743xx.o(RESET)
 <LI><a href="#[5c]">SPI6_IRQHandler</a> from startup_stm32h743xx.o(.text) referenced from startup_stm32h743xx.o(RESET)
 <LI><a href="#[142]">SPI_2linesRxISR_16BIT</a> from lto-llvm-d6c0fa.o(.text) referenced 2 times from lto-llvm-d6c0fa.o(.text)
 <LI><a href="#[141]">SPI_2linesRxISR_32BIT</a> from lto-llvm-d6c0fa.o(.text) referenced 2 times from lto-llvm-d6c0fa.o(.text)
 <LI><a href="#[143]">SPI_2linesRxISR_8BIT</a> from lto-llvm-d6c0fa.o(.text) referenced 2 times from lto-llvm-d6c0fa.o(.text)
 <LI><a href="#[145]">SPI_2linesTxISR_16BIT</a> from lto-llvm-d6c0fa.o(.text) referenced 2 times from lto-llvm-d6c0fa.o(.text)
 <LI><a href="#[140]">SPI_2linesTxISR_32BIT</a> from lto-llvm-d6c0fa.o(.text) referenced 2 times from lto-llvm-d6c0fa.o(.text)
 <LI><a href="#[144]">SPI_2linesTxISR_8BIT</a> from lto-llvm-d6c0fa.o(.text) referenced 2 times from lto-llvm-d6c0fa.o(.text)
 <LI><a href="#[149]">SPI_DMAAbortOnError</a> from lto-llvm-d6c0fa.o(.text) referenced 4 times from lto-llvm-d6c0fa.o(.text)
 <LI><a href="#[148]">SPI_DMAError</a> from lto-llvm-d6c0fa.o(.text) referenced 2 times from lto-llvm-d6c0fa.o(.text)
 <LI><a href="#[147]">SPI_DMAHalfTransmitCplt</a> from lto-llvm-d6c0fa.o(.text) referenced 2 times from lto-llvm-d6c0fa.o(.text)
 <LI><a href="#[146]">SPI_DMATransmitCplt</a> from lto-llvm-d6c0fa.o(.text) referenced 2 times from lto-llvm-d6c0fa.o(.text)
 <LI><a href="#[ae]">SPI_RxISR_16BIT</a> from lto-llvm-d6c0fa.o(.text) referenced 2 times from lto-llvm-d6c0fa.o(.text)
 <LI><a href="#[af]">SPI_RxISR_32BIT</a> from lto-llvm-d6c0fa.o(.text) referenced 2 times from lto-llvm-d6c0fa.o(.text)
 <LI><a href="#[ad]">SPI_RxISR_8BIT</a> from lto-llvm-d6c0fa.o(.text) referenced 2 times from lto-llvm-d6c0fa.o(.text)
 <LI><a href="#[ac]">SPI_TxISR_16BIT</a> from lto-llvm-d6c0fa.o(.text) referenced 4 times from lto-llvm-d6c0fa.o(.text)
 <LI><a href="#[ab]">SPI_TxISR_32BIT</a> from lto-llvm-d6c0fa.o(.text) referenced 4 times from lto-llvm-d6c0fa.o(.text)
 <LI><a href="#[aa]">SPI_TxISR_8BIT</a> from lto-llvm-d6c0fa.o(.text) referenced 4 times from lto-llvm-d6c0fa.o(.text)
 <LI><a href="#[8]">SVC_Handler</a> from irq_cm4f.o(.text) referenced from startup_stm32h743xx.o(RESET)
 <LI><a href="#[79]">SWPMI1_IRQHandler</a> from startup_stm32h743xx.o(.text) referenced from startup_stm32h743xx.o(RESET)
 <LI><a href="#[132]">ServerCloseCheckCallback</a> from lto-llvm-d6c0fa.o(.text) referenced 2 times from lto-llvm-d6c0fa.o(.text)
 <LI><a href="#[131]">ServerOpenCheckCallback</a> from lto-llvm-d6c0fa.o(.text) referenced 2 times from lto-llvm-d6c0fa.o(.text)
 <LI><a href="#[b]">SysTick_Handler</a> from irq_cm4f.o(.text) referenced from rtx_kernel.o(.text.svcRtxKernelStart)
 <LI><a href="#[b]">SysTick_Handler</a> from irq_cm4f.o(.text) referenced from startup_stm32h743xx.o(RESET)
 <LI><a href="#[96]">SystemInit</a> from lto-llvm-d6c0fa.o(.text) referenced from startup_stm32h743xx.o(.text)
 <LI><a href="#[e4]">SystemStaticsTimer_Callback</a> from lto-llvm-d6c0fa.o(.text) referenced 2 times from lto-llvm-d6c0fa.o(.text)
 <LI><a href="#[e]">TAMP_STAMP_IRQHandler</a> from startup_stm32h743xx.o(.text) referenced from startup_stm32h743xx.o(RESET)
 <LI><a href="#[12c]">TCPServer_close_action_animation</a> from lto-llvm-d6c0fa.o(.text) referenced 2 times from lto-llvm-d6c0fa.o(.text)
 <LI><a href="#[130]">TCPServer_close_action_animation_cb</a> from lto-llvm-d6c0fa.o(.text) referenced 2 times from lto-llvm-d6c0fa.o(.text)
 <LI><a href="#[7a]">TIM15_IRQHandler</a> from startup_stm32h743xx.o(.text) referenced from startup_stm32h743xx.o(RESET)
 <LI><a href="#[7b]">TIM16_IRQHandler</a> from startup_stm32h743xx.o(.text) referenced from startup_stm32h743xx.o(RESET)
 <LI><a href="#[7c]">TIM17_IRQHandler</a> from startup_stm32h743xx.o(.text) referenced from startup_stm32h743xx.o(RESET)
 <LI><a href="#[24]">TIM1_BRK_IRQHandler</a> from startup_stm32h743xx.o(.text) referenced from startup_stm32h743xx.o(RESET)
 <LI><a href="#[27]">TIM1_CC_IRQHandler</a> from startup_stm32h743xx.o(.text) referenced from startup_stm32h743xx.o(RESET)
 <LI><a href="#[26]">TIM1_TRG_COM_IRQHandler</a> from startup_stm32h743xx.o(.text) referenced from startup_stm32h743xx.o(RESET)
 <LI><a href="#[25]">TIM1_UP_IRQHandler</a> from startup_stm32h743xx.o(.text) referenced from startup_stm32h743xx.o(RESET)
 <LI><a href="#[28]">TIM2_IRQHandler</a> from startup_stm32h743xx.o(.text) referenced from startup_stm32h743xx.o(RESET)
 <LI><a href="#[29]">TIM3_IRQHandler</a> from startup_stm32h743xx.o(.text) referenced from startup_stm32h743xx.o(RESET)
 <LI><a href="#[2a]">TIM4_IRQHandler</a> from startup_stm32h743xx.o(.text) referenced from startup_stm32h743xx.o(RESET)
 <LI><a href="#[3d]">TIM5_IRQHandler</a> from startup_stm32h743xx.o(.text) referenced from startup_stm32h743xx.o(RESET)
 <LI><a href="#[41]">TIM6_DAC_IRQHandler</a> from startup_stm32h743xx.o(.text) referenced from startup_stm32h743xx.o(RESET)
 <LI><a href="#[42]">TIM7_IRQHandler</a> from startup_stm32h743xx.o(.text) referenced from startup_stm32h743xx.o(RESET)
 <LI><a href="#[36]">TIM8_BRK_TIM12_IRQHandler</a> from startup_stm32h743xx.o(.text) referenced from startup_stm32h743xx.o(RESET)
 <LI><a href="#[39]">TIM8_CC_IRQHandler</a> from startup_stm32h743xx.o(.text) referenced from startup_stm32h743xx.o(RESET)
 <LI><a href="#[38]">TIM8_TRG_COM_TIM14_IRQHandler</a> from startup_stm32h743xx.o(.text) referenced from startup_stm32h743xx.o(RESET)
 <LI><a href="#[37]">TIM8_UP_TIM13_IRQHandler</a> from startup_stm32h743xx.o(.text) referenced from startup_stm32h743xx.o(RESET)
 <LI><a href="#[e5]">ThreadTaskGUI</a> from lto-llvm-d6c0fa.o(.text) referenced 2 times from lto-llvm-d6c0fa.o(.text)
 <LI><a href="#[a8]">ThreadTaskSYS</a> from lto-llvm-d6c0fa.o(.text) referenced 2 times from lto-llvm-d6c0fa.o(.text)
 <LI><a href="#[e6]">ThreadTaskWIFI</a> from lto-llvm-d6c0fa.o(.text) referenced 2 times from lto-llvm-d6c0fa.o(.text)
 <LI><a href="#[3f]">UART4_IRQHandler</a> from startup_stm32h743xx.o(.text) referenced from startup_stm32h743xx.o(RESET)
 <LI><a href="#[40]">UART5_IRQHandler</a> from startup_stm32h743xx.o(.text) referenced from startup_stm32h743xx.o(RESET)
 <LI><a href="#[58]">UART7_IRQHandler</a> from startup_stm32h743xx.o(.text) referenced from startup_stm32h743xx.o(RESET)
 <LI><a href="#[59]">UART8_IRQHandler</a> from startup_stm32h743xx.o(.text) referenced from startup_stm32h743xx.o(RESET)
 <LI><a href="#[a9]">UART_DMAAbortOnError</a> from lto-llvm-d6c0fa.o(.text) referenced 2 times from lto-llvm-d6c0fa.o(.text)
 <LI><a href="#[a2]">UART_DMAError</a> from lto-llvm-d6c0fa.o(.text) referenced 4 times from lto-llvm-d6c0fa.o(.text)
 <LI><a href="#[a0]">UART_DMAReceiveCplt</a> from lto-llvm-d6c0fa.o(.text) referenced 4 times from lto-llvm-d6c0fa.o(.text)
 <LI><a href="#[a1]">UART_DMARxHalfCplt</a> from lto-llvm-d6c0fa.o(.text) referenced 4 times from lto-llvm-d6c0fa.o(.text)
 <LI><a href="#[31]">USART1_IRQHandler</a> from lto-llvm-d6c0fa.o(.text) referenced from startup_stm32h743xx.o(RESET)
 <LI><a href="#[32]">USART2_IRQHandler</a> from startup_stm32h743xx.o(.text) referenced from startup_stm32h743xx.o(RESET)
 <LI><a href="#[33]">USART3_IRQHandler</a> from startup_stm32h743xx.o(.text) referenced from startup_stm32h743xx.o(RESET)
 <LI><a href="#[4e]">USART6_IRQHandler</a> from startup_stm32h743xx.o(.text) referenced from startup_stm32h743xx.o(RESET)
 <LI><a href="#[7]">UsageFault_Handler</a> from lto-llvm-d6c0fa.o(.text) referenced from startup_stm32h743xx.o(RESET)
 <LI><a href="#[100]">User_WIFIConnect_Callback</a> from lto-llvm-d6c0fa.o(.text) referenced 2 times from lto-llvm-d6c0fa.o(.text)
 <LI><a href="#[106]">User_WIFI_WPS_EASY_Callback</a> from lto-llvm-d6c0fa.o(.text) referenced 2 times from lto-llvm-d6c0fa.o(.text)
 <LI><a href="#[95]">WAKEUP_PIN_IRQHandler</a> from startup_stm32h743xx.o(.text) referenced from startup_stm32h743xx.o(RESET)
 <LI><a href="#[111]">WIFI_CLOSERTCPSERVER_Fnction</a> from lto-llvm-d6c0fa.o(.text) referenced 2 times from lto-llvm-d6c0fa.o(.text)
 <LI><a href="#[10a]">WIFI_CONNECT_Fnction</a> from lto-llvm-d6c0fa.o(.text) referenced 2 times from lto-llvm-d6c0fa.o(.text)
 <LI><a href="#[10b]">WIFI_DISCONNECT_Fnction</a> from lto-llvm-d6c0fa.o(.text) referenced 2 times from lto-llvm-d6c0fa.o(.text)
 <LI><a href="#[112]">WIFI_ERROR_Function</a> from lto-llvm-d6c0fa.o(.text) referenced 2 times from lto-llvm-d6c0fa.o(.text)
 <LI><a href="#[10c]">WIFI_GETIP_Fnction</a> from lto-llvm-d6c0fa.o(.text) referenced 2 times from lto-llvm-d6c0fa.o(.text)
 <LI><a href="#[108]">WIFI_IDLE_Function</a> from lto-llvm-d6c0fa.o(.text) referenced 2 times from lto-llvm-d6c0fa.o(.text)
 <LI><a href="#[107]">WIFI_INIT_Function</a> from lto-llvm-d6c0fa.o(.text) referenced 2 times from lto-llvm-d6c0fa.o(.text)
 <LI><a href="#[10d]">WIFI_OPENTCPSERVER_Fnction</a> from lto-llvm-d6c0fa.o(.text) referenced 2 times from lto-llvm-d6c0fa.o(.text)
 <LI><a href="#[109]">WIFI_SCAN_Fnction</a> from lto-llvm-d6c0fa.o(.text) referenced 2 times from lto-llvm-d6c0fa.o(.text)
 <LI><a href="#[10f]">WIFI_TCPSERVERREC_Fnction</a> from lto-llvm-d6c0fa.o(.text) referenced 2 times from lto-llvm-d6c0fa.o(.text)
 <LI><a href="#[110]">WIFI_TCPSERVERSED_Fnction</a> from lto-llvm-d6c0fa.o(.text) referenced 2 times from lto-llvm-d6c0fa.o(.text)
 <LI><a href="#[10e]">WIFI_TCPSERVERWAIT_Fnction</a> from lto-llvm-d6c0fa.o(.text) referenced 2 times from lto-llvm-d6c0fa.o(.text)
 <LI><a href="#[c]">WWDG_IRQHandler</a> from startup_stm32h743xx.o(.text) referenced from startup_stm32h743xx.o(RESET)
 <LI><a href="#[139]">WifiConnectCheckCallback</a> from lto-llvm-d6c0fa.o(.text) referenced 2 times from lto-llvm-d6c0fa.o(.text)
 <LI><a href="#[13c]">WifiDisconnectCheckCallback</a> from lto-llvm-d6c0fa.o(.text) referenced 2 times from lto-llvm-d6c0fa.o(.text)
 <LI><a href="#[13b]">WifiScanCheckCallback</a> from lto-llvm-d6c0fa.o(.text) referenced 2 times from lto-llvm-d6c0fa.o(.text)
 <LI><a href="#[97]">__main</a> from __main.o(!!!main) referenced from startup_stm32h743xx.o(.text)
 <LI><a href="#[9a]">_get_lc_ctype</a> from lc_ctype_c.o(locale$$code) referenced from rt_ctype_table.o(.text)
 <LI><a href="#[99]">_printf_input_char</a> from _printf_char_common.o(.text) referenced from _printf_char_common.o(.text)
 <LI><a href="#[98]">_sputc</a> from _sputc.o(.text) referenced from __2sprintf.o(.text)
 <LI><a href="#[f5]">anim_task</a> from lto-llvm-d6c0fa.o(.text) referenced 2 times from lto-llvm-d6c0fa.o(.text)
 <LI><a href="#[122]">bench_close_action_animation</a> from lto-llvm-d6c0fa.o(.text) referenced 2 times from lto-llvm-d6c0fa.o(.text)
 <LI><a href="#[13e]">bench_close_action_animation_cb</a> from lto-llvm-d6c0fa.o(.text) referenced 2 times from lto-llvm-d6c0fa.o(.text)
 <LI><a href="#[117]">btn_bench_action</a> from lto-llvm-d6c0fa.o(.text) referenced 2 times from lto-llvm-d6c0fa.o(.text)
 <LI><a href="#[fa]">btn_click_action</a> from lto-llvm-d6c0fa.o(.text) referenced 2 times from lto-llvm-d6c0fa.o(.text)
 <LI><a href="#[118]">btn_clock_action</a> from lto-llvm-d6c0fa.o(.text) referenced 2 times from lto-llvm-d6c0fa.o(.text)
 <LI><a href="#[119]">btn_tcpserver_action</a> from lto-llvm-d6c0fa.o(.text) referenced 2 times from lto-llvm-d6c0fa.o(.text)
 <LI><a href="#[116]">btn_wifi_action</a> from lto-llvm-d6c0fa.o(.text) referenced 2 times from lto-llvm-d6c0fa.o(.text)
 <LI><a href="#[124]">clock_close_action_animation</a> from lto-llvm-d6c0fa.o(.text) referenced 2 times from lto-llvm-d6c0fa.o(.text)
 <LI><a href="#[133]">clock_close_action_animation_cb</a> from lto-llvm-d6c0fa.o(.text) referenced 2 times from lto-llvm-d6c0fa.o(.text)
 <LI><a href="#[df]">cursor_blink_anim</a> from lto-llvm-d6c0fa.o(.text) referenced 8 times from lto-llvm-d6c0fa.o(.text)
 <LI><a href="#[b7]">deg_test_inv</a> from lto-llvm-d6c0fa.o(.text) referenced 2 times from lto-llvm-d6c0fa.o(.text)
 <LI><a href="#[b8]">deg_test_norm</a> from lto-llvm-d6c0fa.o(.text) referenced 2 times from lto-llvm-d6c0fa.o(.text)
 <LI><a href="#[113]">gui_input_get_calib</a> from lto-llvm-d6c0fa.o(.text) referenced 2 times from lto-llvm-d6c0fa.o(.text)
 <LI><a href="#[f6]">indev_proc_task</a> from lto-llvm-d6c0fa.o(.text) referenced 2 times from lto-llvm-d6c0fa.o(.text)
 <LI><a href="#[138]">kb_clean_action_animation</a> from lto-llvm-d6c0fa.o(.text) referenced 2 times from lto-llvm-d6c0fa.o(.text)
 <LI><a href="#[137]">kb_ok_action_animation</a> from lto-llvm-d6c0fa.o(.text) referenced 2 times from lto-llvm-d6c0fa.o(.text)
 <LI><a href="#[da]">lv_anim_path_ease_in_out</a> from lto-llvm-d6c0fa.o(.text) referenced 4 times from lto-llvm-d6c0fa.o(.text)
 <LI><a href="#[b6]">lv_anim_path_linear</a> from lto-llvm-d6c0fa.o(.text) referenced 38 times from lto-llvm-d6c0fa.o(.text)
 <LI><a href="#[c5]">lv_anim_path_step</a> from lto-llvm-d6c0fa.o(.text) referenced 10 times from lto-llvm-d6c0fa.o(.text)
 <LI><a href="#[d5]">lv_arc_design</a> from lto-llvm-d6c0fa.o(.text) referenced 2 times from lto-llvm-d6c0fa.o(.text)
 <LI><a href="#[d6]">lv_arc_signal</a> from lto-llvm-d6c0fa.o(.text) referenced 2 times from lto-llvm-d6c0fa.o(.text)
 <LI><a href="#[11d]">lv_bar_design</a> from lto-llvm-d6c0fa.o(.text) referenced 2 times from lto-llvm-d6c0fa.o(.text)
 <LI><a href="#[11c]">lv_bar_signal</a> from lto-llvm-d6c0fa.o(.text) referenced 2 times from lto-llvm-d6c0fa.o(.text)
 <LI><a href="#[ba]">lv_btn_design</a> from lto-llvm-d6c0fa.o(.text) referenced 2 times from lto-llvm-d6c0fa.o(.text)
 <LI><a href="#[bb]">lv_btn_ink_effect_anim</a> from lto-llvm-d6c0fa.o(.text) referenced 16 times from lto-llvm-d6c0fa.o(.text)
 <LI><a href="#[bc]">lv_btn_ink_effect_anim_ready</a> from lto-llvm-d6c0fa.o(.text) referenced 6 times from lto-llvm-d6c0fa.o(.text)
 <LI><a href="#[b9]">lv_btn_signal</a> from lto-llvm-d6c0fa.o(.text) referenced 2 times from lto-llvm-d6c0fa.o(.text)
 <LI><a href="#[be]">lv_btnm_design</a> from lto-llvm-d6c0fa.o(.text) referenced 2 times from lto-llvm-d6c0fa.o(.text)
 <LI><a href="#[bd]">lv_btnm_signal</a> from lto-llvm-d6c0fa.o(.text) referenced 2 times from lto-llvm-d6c0fa.o(.text)
 <LI><a href="#[bf]">lv_cont_signal</a> from lto-llvm-d6c0fa.o(.text) referenced 2 times from lto-llvm-d6c0fa.o(.text)
 <LI><a href="#[127]">lv_ddlist_design</a> from lto-llvm-d6c0fa.o(.text) referenced 2 times from lto-llvm-d6c0fa.o(.text)
 <LI><a href="#[c0]">lv_ddlist_pos_current_option</a> from lto-llvm-d6c0fa.o(.text) referenced 2 times from lto-llvm-d6c0fa.o(.text)
 <LI><a href="#[128]">lv_ddlist_release_action</a> from lto-llvm-d6c0fa.o(.text) referenced 2 times from lto-llvm-d6c0fa.o(.text)
 <LI><a href="#[125]">lv_ddlist_scrl_signal</a> from lto-llvm-d6c0fa.o(.text) referenced 2 times from lto-llvm-d6c0fa.o(.text)
 <LI><a href="#[126]">lv_ddlist_signal</a> from lto-llvm-d6c0fa.o(.text) referenced 2 times from lto-llvm-d6c0fa.o(.text)
 <LI><a href="#[0]">lv_font_get_bitmap_continuous</a> from lto-llvm-d6c0fa.o(.text) referenced 8 times from lto-llvm-d6c0fa.o(.data)
 <LI><a href="#[1]">lv_font_get_width_continuous</a> from lto-llvm-d6c0fa.o(.text) referenced 8 times from lto-llvm-d6c0fa.o(.data)
 <LI><a href="#[c2]">lv_img_design</a> from lto-llvm-d6c0fa.o(.text) referenced 2 times from lto-llvm-d6c0fa.o(.text)
 <LI><a href="#[c1]">lv_img_signal</a> from lto-llvm-d6c0fa.o(.text) referenced 2 times from lto-llvm-d6c0fa.o(.text)
 <LI><a href="#[136]">lv_kb_def_action</a> from lto-llvm-d6c0fa.o(.text) referenced 2 times from lto-llvm-d6c0fa.o(.text)
 <LI><a href="#[135]">lv_kb_signal</a> from lto-llvm-d6c0fa.o(.text) referenced 2 times from lto-llvm-d6c0fa.o(.text)
 <LI><a href="#[c7]">lv_label_design</a> from lto-llvm-d6c0fa.o(.text) referenced 2 times from lto-llvm-d6c0fa.o(.text)
 <LI><a href="#[c8]">lv_label_set_offset_x</a> from lto-llvm-d6c0fa.o(.text) referenced 8 times from lto-llvm-d6c0fa.o(.text)
 <LI><a href="#[c9]">lv_label_set_offset_y</a> from lto-llvm-d6c0fa.o(.text) referenced 8 times from lto-llvm-d6c0fa.o(.text)
 <LI><a href="#[c6]">lv_label_signal</a> from lto-llvm-d6c0fa.o(.text) referenced 2 times from lto-llvm-d6c0fa.o(.text)
 <LI><a href="#[cb]">lv_list_btn_signal</a> from lto-llvm-d6c0fa.o(.text) referenced 24 times from lto-llvm-d6c0fa.o(.text)
 <LI><a href="#[ca]">lv_list_signal</a> from lto-llvm-d6c0fa.o(.text) referenced 2 times from lto-llvm-d6c0fa.o(.text)
 <LI><a href="#[cf]">lv_mbox_close_action</a> from lto-llvm-d6c0fa.o(.text) referenced 2 times from lto-llvm-d6c0fa.o(.text)
 <LI><a href="#[ce]">lv_mbox_signal</a> from lto-llvm-d6c0fa.o(.text) referenced 2 times from lto-llvm-d6c0fa.o(.text)
 <LI><a href="#[d0]">lv_obj_del</a> from lto-llvm-d6c0fa.o(.text) referenced 4 times from lto-llvm-d6c0fa.o(.text)
 <LI><a href="#[b1]">lv_obj_design</a> from lto-llvm-d6c0fa.o(.text) referenced 4 times from lto-llvm-d6c0fa.o(.text)
 <LI><a href="#[b5]">lv_obj_set_height</a> from lto-llvm-d6c0fa.o(.text) referenced 8 times from lto-llvm-d6c0fa.o(.text)
 <LI><a href="#[cd]">lv_obj_set_pos</a> from lto-llvm-d6c0fa.o(.text) referenced 2 times from lto-llvm-d6c0fa.o(.text)
 <LI><a href="#[b2]">lv_obj_set_width</a> from lto-llvm-d6c0fa.o(.text) referenced 2 times from lto-llvm-d6c0fa.o(.text)
 <LI><a href="#[b4]">lv_obj_set_x</a> from lto-llvm-d6c0fa.o(.text) referenced 32 times from lto-llvm-d6c0fa.o(.text)
 <LI><a href="#[b3]">lv_obj_set_y</a> from lto-llvm-d6c0fa.o(.text) referenced 32 times from lto-llvm-d6c0fa.o(.text)
 <LI><a href="#[b0]">lv_obj_signal</a> from lto-llvm-d6c0fa.o(.text) referenced 4 times from lto-llvm-d6c0fa.o(.text)
 <LI><a href="#[d4]">lv_page_design</a> from lto-llvm-d6c0fa.o(.text) referenced 2 times from lto-llvm-d6c0fa.o(.text)
 <LI><a href="#[d1]">lv_page_scrollable_signal</a> from lto-llvm-d6c0fa.o(.text) referenced 2 times from lto-llvm-d6c0fa.o(.text)
 <LI><a href="#[d3]">lv_page_signal</a> from lto-llvm-d6c0fa.o(.text) referenced 2 times from lto-llvm-d6c0fa.o(.text)
 <LI><a href="#[d8]">lv_preload_design</a> from lto-llvm-d6c0fa.o(.text) referenced 2 times from lto-llvm-d6c0fa.o(.text)
 <LI><a href="#[d7]">lv_preload_signal</a> from lto-llvm-d6c0fa.o(.text) referenced 2 times from lto-llvm-d6c0fa.o(.text)
 <LI><a href="#[d9]">lv_preload_spinner_animation</a> from lto-llvm-d6c0fa.o(.text) referenced 8 times from lto-llvm-d6c0fa.o(.text)
 <LI><a href="#[129]">lv_roller_design</a> from lto-llvm-d6c0fa.o(.text) referenced 2 times from lto-llvm-d6c0fa.o(.text)
 <LI><a href="#[12b]">lv_roller_scrl_signal</a> from lto-llvm-d6c0fa.o(.text) referenced 2 times from lto-llvm-d6c0fa.o(.text)
 <LI><a href="#[12a]">lv_roller_signal</a> from lto-llvm-d6c0fa.o(.text) referenced 2 times from lto-llvm-d6c0fa.o(.text)
 <LI><a href="#[d2]">lv_scrl_design</a> from lto-llvm-d6c0fa.o(.text) referenced 2 times from lto-llvm-d6c0fa.o(.text)
 <LI><a href="#[11f]">lv_slider_design</a> from lto-llvm-d6c0fa.o(.text) referenced 2 times from lto-llvm-d6c0fa.o(.text)
 <LI><a href="#[11e]">lv_slider_signal</a> from lto-llvm-d6c0fa.o(.text) referenced 2 times from lto-llvm-d6c0fa.o(.text)
 <LI><a href="#[120]">lv_sw_signal</a> from lto-llvm-d6c0fa.o(.text) referenced 2 times from lto-llvm-d6c0fa.o(.text)
 <LI><a href="#[dd]">lv_ta_design</a> from lto-llvm-d6c0fa.o(.text) referenced 2 times from lto-llvm-d6c0fa.o(.text)
 <LI><a href="#[de]">lv_ta_scrollable_design</a> from lto-llvm-d6c0fa.o(.text) referenced 2 times from lto-llvm-d6c0fa.o(.text)
 <LI><a href="#[dc]">lv_ta_scrollable_signal</a> from lto-llvm-d6c0fa.o(.text) referenced 2 times from lto-llvm-d6c0fa.o(.text)
 <LI><a href="#[db]">lv_ta_signal</a> from lto-llvm-d6c0fa.o(.text) referenced 2 times from lto-llvm-d6c0fa.o(.text)
 <LI><a href="#[114]">lv_tabview_signal</a> from lto-llvm-d6c0fa.o(.text) referenced 2 times from lto-llvm-d6c0fa.o(.text)
 <LI><a href="#[e9]">lv_ufs_close</a> from lto-llvm-d6c0fa.o(.text) referenced 2 times from lto-llvm-d6c0fa.o(.text)
 <LI><a href="#[f4]">lv_ufs_dir_close</a> from lto-llvm-d6c0fa.o(.text) referenced 2 times from lto-llvm-d6c0fa.o(.text)
 <LI><a href="#[f2]">lv_ufs_dir_open</a> from lto-llvm-d6c0fa.o(.text) referenced 2 times from lto-llvm-d6c0fa.o(.text)
 <LI><a href="#[f3]">lv_ufs_dir_read</a> from lto-llvm-d6c0fa.o(.text) referenced 2 times from lto-llvm-d6c0fa.o(.text)
 <LI><a href="#[f1]">lv_ufs_free</a> from lto-llvm-d6c0fa.o(.text) referenced 2 times from lto-llvm-d6c0fa.o(.text)
 <LI><a href="#[e8]">lv_ufs_open</a> from lto-llvm-d6c0fa.o(.text) referenced 2 times from lto-llvm-d6c0fa.o(.text)
 <LI><a href="#[eb]">lv_ufs_read</a> from lto-llvm-d6c0fa.o(.text) referenced 2 times from lto-llvm-d6c0fa.o(.text)
 <LI><a href="#[e7]">lv_ufs_ready</a> from lto-llvm-d6c0fa.o(.text) referenced 2 times from lto-llvm-d6c0fa.o(.text)
 <LI><a href="#[ea]">lv_ufs_remove</a> from lto-llvm-d6c0fa.o(.text) referenced 2 times from lto-llvm-d6c0fa.o(.text)
 <LI><a href="#[ed]">lv_ufs_seek</a> from lto-llvm-d6c0fa.o(.text) referenced 2 times from lto-llvm-d6c0fa.o(.text)
 <LI><a href="#[f0]">lv_ufs_size</a> from lto-llvm-d6c0fa.o(.text) referenced 2 times from lto-llvm-d6c0fa.o(.text)
 <LI><a href="#[ee]">lv_ufs_tell</a> from lto-llvm-d6c0fa.o(.text) referenced 2 times from lto-llvm-d6c0fa.o(.text)
 <LI><a href="#[ef]">lv_ufs_trunc</a> from lto-llvm-d6c0fa.o(.text) referenced 2 times from lto-llvm-d6c0fa.o(.text)
 <LI><a href="#[ec]">lv_ufs_write</a> from lto-llvm-d6c0fa.o(.text) referenced 2 times from lto-llvm-d6c0fa.o(.text)
 <LI><a href="#[e2]">lv_win_signal</a> from lto-llvm-d6c0fa.o(.text) referenced 2 times from lto-llvm-d6c0fa.o(.text)
 <LI><a href="#[164]">osRtxEventFlagsPostProcess</a> from rtx_evflags.o(.text.osRtxEventFlagsPostProcess) referenced from rtx_evflags.o(.text.svcRtxEventFlagsNew)
 <LI><a href="#[158]">osRtxIdleThread</a> from lto-llvm-d6c0fa.o(.text) referenced from rtx_thread.o(.text.osRtxThreadStartup)
 <LI><a href="#[165]">osRtxMemoryInit</a> from rtx_memory.o(.text.osRtxMemoryInit) referenced from rtx_kernel.o(.text.svcRtxKernelInitialize)
 <LI><a href="#[166]">osRtxSemaphorePostProcess</a> from rtx_semaphore.o(.text.osRtxSemaphorePostProcess) referenced from rtx_semaphore.o(.text.svcRtxSemaphoreNew)
 <LI><a href="#[168]">osRtxThreadPostProcess</a> from rtx_thread.o(.text.osRtxThreadPostProcess) referenced from rtx_thread.o(.text.svcRtxThreadNew)
 <LI><a href="#[159]">osRtxTimerThread</a> from lto-llvm-d6c0fa.o(.text) referenced from rtx_thread.o(.text.osRtxThreadStartup)
 <LI><a href="#[167]">osThreadExit</a> from rtx_thread.o(.text.osThreadExit) referenced from rtx_thread.o(.text.svcRtxThreadNew)
 <LI><a href="#[c4]">pwd_char_hider</a> from lto-llvm-d6c0fa.o(.text) referenced 6 times from lto-llvm-d6c0fa.o(.text)
 <LI><a href="#[c3]">pwd_char_hider_anim</a> from lto-llvm-d6c0fa.o(.text) referenced 12 times from lto-llvm-d6c0fa.o(.text)
 <LI><a href="#[169]">query_credit_deficit</a> from api_txrx.o(i.query_credit_deficit) referenced from api_txrx.o(i.Api_TxGetStatus)
 <LI><a href="#[13f]">refr_monitor</a> from lto-llvm-d6c0fa.o(.text) referenced 2 times from lto-llvm-d6c0fa.o(.text)
 <LI><a href="#[123]">run_test_click</a> from lto-llvm-d6c0fa.o(.text) referenced 2 times from lto-llvm-d6c0fa.o(.text)
 <LI><a href="#[14a]">svcRtxDelay</a> from rtx_delay.o(.text.svcRtxDelay) referenced from rtx_delay.o(.text.osDelay)
 <LI><a href="#[14b]">svcRtxEventFlagsNew</a> from rtx_evflags.o(.text.svcRtxEventFlagsNew) referenced from rtx_evflags.o(.text.osEventFlagsNew)
 <LI><a href="#[14c]">svcRtxEventFlagsSet</a> from rtx_evflags.o(.text.svcRtxEventFlagsSet) referenced from rtx_evflags.o(.text.osEventFlagsSet)
 <LI><a href="#[14d]">svcRtxEventFlagsWait</a> from rtx_evflags.o(.text.svcRtxEventFlagsWait) referenced from rtx_evflags.o(.text.osEventFlagsWait)
 <LI><a href="#[14e]">svcRtxKernelGetState</a> from rtx_kernel.o(.text.svcRtxKernelGetState) referenced from rtx_kernel.o(.text.osKernelGetState)
 <LI><a href="#[14f]">svcRtxKernelGetSysTimerCount</a> from rtx_kernel.o(.text.svcRtxKernelGetSysTimerCount) referenced from rtx_kernel.o(.text.osKernelGetSysTimerCount)
 <LI><a href="#[150]">svcRtxKernelGetSysTimerFreq</a> from rtx_kernel.o(.text.svcRtxKernelGetSysTimerFreq) referenced from rtx_kernel.o(.text.osKernelGetSysTimerFreq)
 <LI><a href="#[151]">svcRtxKernelGetTickCount</a> from rtx_kernel.o(.text.svcRtxKernelGetTickCount) referenced from rtx_kernel.o(.text.osKernelGetTickCount)
 <LI><a href="#[152]">svcRtxKernelInitialize</a> from rtx_kernel.o(.text.svcRtxKernelInitialize) referenced from rtx_kernel.o(.text.osKernelInitialize)
 <LI><a href="#[153]">svcRtxKernelStart</a> from rtx_kernel.o(.text.svcRtxKernelStart) referenced from rtx_kernel.o(.text.osKernelStart)
 <LI><a href="#[154]">svcRtxMutexAcquire</a> from rtx_mutex.o(.text.svcRtxMutexAcquire) referenced from rtx_mutex.o(.text.osMutexAcquire)
 <LI><a href="#[155]">svcRtxMutexDelete</a> from rtx_mutex.o(.text.svcRtxMutexDelete) referenced from rtx_mutex.o(.text.osMutexDelete)
 <LI><a href="#[156]">svcRtxMutexNew</a> from rtx_mutex.o(.text.svcRtxMutexNew) referenced from rtx_mutex.o(.text.osMutexNew)
 <LI><a href="#[157]">svcRtxMutexRelease</a> from rtx_mutex.o(.text.svcRtxMutexRelease) referenced from rtx_mutex.o(.text.osMutexRelease)
 <LI><a href="#[15a]">svcRtxSemaphoreAcquire</a> from rtx_semaphore.o(.text.svcRtxSemaphoreAcquire) referenced from rtx_semaphore.o(.text.osSemaphoreAcquire)
 <LI><a href="#[15b]">svcRtxSemaphoreDelete</a> from rtx_semaphore.o(.text.svcRtxSemaphoreDelete) referenced from rtx_semaphore.o(.text.osSemaphoreDelete)
 <LI><a href="#[15c]">svcRtxSemaphoreNew</a> from rtx_semaphore.o(.text.svcRtxSemaphoreNew) referenced from rtx_semaphore.o(.text.osSemaphoreNew)
 <LI><a href="#[15d]">svcRtxSemaphoreRelease</a> from rtx_semaphore.o(.text.svcRtxSemaphoreRelease) referenced from rtx_semaphore.o(.text.osSemaphoreRelease)
 <LI><a href="#[15e]">svcRtxThreadExit</a> from rtx_thread.o(.text.svcRtxThreadExit) referenced from rtx_thread.o(.text.osThreadExit)
 <LI><a href="#[15f]">svcRtxThreadFlagsSet</a> from rtx_thread.o(.text.svcRtxThreadFlagsSet) referenced from rtx_thread.o(.text.osThreadFlagsSet)
 <LI><a href="#[160]">svcRtxThreadFlagsWait</a> from rtx_thread.o(.text.svcRtxThreadFlagsWait) referenced from rtx_thread.o(.text.osThreadFlagsWait)
 <LI><a href="#[161]">svcRtxThreadGetId</a> from rtx_thread.o(.text.svcRtxThreadGetId) referenced from rtx_thread.o(.text.osThreadGetId)
 <LI><a href="#[162]">svcRtxThreadNew</a> from rtx_thread.o(.text.svcRtxThreadNew) referenced from rtx_thread.o(.text.osThreadNew)
 <LI><a href="#[163]">svcRtxThreadTerminate</a> from rtx_thread.o(.text.svcRtxThreadTerminate) referenced from rtx_thread.o(.text.osThreadTerminate)
 <LI><a href="#[115]">tab_btnm_action</a> from lto-llvm-d6c0fa.o(.text) referenced 2 times from lto-llvm-d6c0fa.o(.text)
 <LI><a href="#[e1]">tabpage_scrl_signal</a> from lto-llvm-d6c0fa.o(.text) referenced 2 times from lto-llvm-d6c0fa.o(.text)
 <LI><a href="#[e0]">tabpage_signal</a> from lto-llvm-d6c0fa.o(.text) referenced 4 times from lto-llvm-d6c0fa.o(.text)
 <LI><a href="#[12e]">tcpserver_btn_close_action</a> from lto-llvm-d6c0fa.o(.text) referenced 2 times from lto-llvm-d6c0fa.o(.text)
 <LI><a href="#[12d]">tcpserver_btn_open_action</a> from lto-llvm-d6c0fa.o(.text) referenced 2 times from lto-llvm-d6c0fa.o(.text)
 <LI><a href="#[12f]">tcpserver_btnm_action</a> from lto-llvm-d6c0fa.o(.text) referenced 2 times from lto-llvm-d6c0fa.o(.text)
 <LI><a href="#[11b]">wifi_close_action_animation</a> from lto-llvm-d6c0fa.o(.text) referenced 2 times from lto-llvm-d6c0fa.o(.text)
 <LI><a href="#[134]">wifi_close_action_animation_cb</a> from lto-llvm-d6c0fa.o(.text) referenced 4 times from lto-llvm-d6c0fa.o(.text)
 <LI><a href="#[13d]">wifi_mbox_close_action</a> from lto-llvm-d6c0fa.o(.text) referenced 2 times from lto-llvm-d6c0fa.o(.text)
 <LI><a href="#[13a]">wifi_scancancel_action</a> from lto-llvm-d6c0fa.o(.text) referenced 2 times from lto-llvm-d6c0fa.o(.text)
 <LI><a href="#[cc]">wifi_select_action</a> from lto-llvm-d6c0fa.o(.text) referenced 2 times from lto-llvm-d6c0fa.o(.text)
 <LI><a href="#[121]">wifi_sw_action</a> from lto-llvm-d6c0fa.o(.text) referenced 2 times from lto-llvm-d6c0fa.o(.text)
</UL>
<P>
<H3>
Global Symbols
</H3>
<P><STRONG><a name="[97]"></a>__main</STRONG> (Thumb, 8 bytes, Stack size 0 bytes, __main.o(!!!main))
<BR><BR>[Calls]<UL><LI><a href="#[174]">&gt;&gt;</a>&nbsp;&nbsp;&nbsp;__rt_entry
<LI><a href="#[173]">&gt;&gt;</a>&nbsp;&nbsp;&nbsp;__scatterload
</UL>
<BR>[Address Reference Count : 1]<UL><LI> startup_stm32h743xx.o(.text)
</UL>
<P><STRONG><a name="[173]"></a>__scatterload</STRONG> (Thumb, 0 bytes, Stack size unknown bytes, __scatter.o(!!!scatter))
<BR><BR>[Called By]<UL><LI><a href="#[97]">&gt;&gt;</a>&nbsp;&nbsp;&nbsp;__main
</UL>

<P><STRONG><a name="[175]"></a>__scatterload_rt2</STRONG> (Thumb, 44 bytes, Stack size unknown bytes, __scatter.o(!!!scatter), UNUSED)
<BR><BR>[Calls]<UL><LI><a href="#[174]">&gt;&gt;</a>&nbsp;&nbsp;&nbsp;__rt_entry
</UL>

<P><STRONG><a name="[3b6]"></a>__scatterload_rt2_thumb_only</STRONG> (Thumb, 0 bytes, Stack size unknown bytes, __scatter.o(!!!scatter), UNUSED)

<P><STRONG><a name="[3b7]"></a>__scatterload_null</STRONG> (Thumb, 0 bytes, Stack size unknown bytes, __scatter.o(!!!scatter), UNUSED)

<P><STRONG><a name="[3b8]"></a>__decompress</STRONG> (Thumb, 90 bytes, Stack size unknown bytes, __dczerorl2.o(!!dczerorl2), UNUSED)

<P><STRONG><a name="[3b9]"></a>__decompress1</STRONG> (Thumb, 0 bytes, Stack size unknown bytes, __dczerorl2.o(!!dczerorl2), UNUSED)

<P><STRONG><a name="[3ba]"></a>__scatterload_zeroinit</STRONG> (Thumb, 28 bytes, Stack size unknown bytes, __scatter_zi.o(!!handler_zi), UNUSED)

<P><STRONG><a name="[176]"></a>_printf_f</STRONG> (Thumb, 0 bytes, Stack size unknown bytes, _printf_f.o(.ARM.Collect$$_printf_percent$$00000003))
<BR><BR>[Stack]<UL><LI>Max Depth = 324 + Unknown Stack Size
<LI>Call Chain = _printf_f &rArr; _printf_fp_dec &rArr; _printf_fp_dec_real &rArr; _fp_digits &rArr; _btod_etento &rArr; _btod_emul &rArr; _e2e
</UL>
<BR>[Calls]<UL><LI><a href="#[177]">&gt;&gt;</a>&nbsp;&nbsp;&nbsp;_printf_fp_dec
</UL>

<P><STRONG><a name="[195]"></a>_printf_percent</STRONG> (Thumb, 0 bytes, Stack size unknown bytes, _printf_percent.o(.ARM.Collect$$_printf_percent$$00000000))
<BR><BR>[Called By]<UL><LI><a href="#[193]">&gt;&gt;</a>&nbsp;&nbsp;&nbsp;__printf
</UL>

<P><STRONG><a name="[178]"></a>_printf_d</STRONG> (Thumb, 0 bytes, Stack size unknown bytes, _printf_d.o(.ARM.Collect$$_printf_percent$$00000009))
<BR><BR>[Stack]<UL><LI>Max Depth = 56 + Unknown Stack Size
<LI>Call Chain = _printf_d &rArr; _printf_int_dec &rArr; _printf_int_common
</UL>
<BR>[Calls]<UL><LI><a href="#[179]">&gt;&gt;</a>&nbsp;&nbsp;&nbsp;_printf_int_dec
</UL>

<P><STRONG><a name="[3bb]"></a>_printf_percent_end</STRONG> (Thumb, 0 bytes, Stack size unknown bytes, _printf_percent_end.o(.ARM.Collect$$_printf_percent$$00000017))

<P><STRONG><a name="[186]"></a>__rt_lib_init</STRONG> (Thumb, 0 bytes, Stack size unknown bytes, libinit.o(.ARM.Collect$$libinit$$00000000))
<BR><BR>[Called By]<UL><LI><a href="#[185]">&gt;&gt;</a>&nbsp;&nbsp;&nbsp;__rt_entry_li
</UL>

<P><STRONG><a name="[17a]"></a>__rt_lib_init_fp_1</STRONG> (Thumb, 0 bytes, Stack size unknown bytes, libinit2.o(.ARM.Collect$$libinit$$00000001))
<BR><BR>[Calls]<UL><LI><a href="#[17b]">&gt;&gt;</a>&nbsp;&nbsp;&nbsp;_fp_init
</UL>

<P><STRONG><a name="[3bc]"></a>__rt_lib_init_heap_1</STRONG> (Thumb, 0 bytes, Stack size unknown bytes, libinit2.o(.ARM.Collect$$libinit$$0000000A))

<P><STRONG><a name="[17c]"></a>__rt_lib_init_lc_common</STRONG> (Thumb, 0 bytes, Stack size unknown bytes, libinit2.o(.ARM.Collect$$libinit$$0000000F))
<BR><BR>[Stack]<UL><LI>Max Depth = 8 + Unknown Stack Size
<LI>Call Chain = __rt_lib_init_lc_common &rArr; __rt_locale
</UL>
<BR>[Calls]<UL><LI><a href="#[17d]">&gt;&gt;</a>&nbsp;&nbsp;&nbsp;__rt_locale
</UL>

<P><STRONG><a name="[3bd]"></a>__rt_lib_init_preinit_1</STRONG> (Thumb, 0 bytes, Stack size unknown bytes, libinit2.o(.ARM.Collect$$libinit$$00000004))

<P><STRONG><a name="[3be]"></a>__rt_lib_init_rand_1</STRONG> (Thumb, 0 bytes, Stack size unknown bytes, libinit2.o(.ARM.Collect$$libinit$$0000000E))

<P><STRONG><a name="[3bf]"></a>__rt_lib_init_user_alloc_1</STRONG> (Thumb, 0 bytes, Stack size unknown bytes, libinit2.o(.ARM.Collect$$libinit$$0000000C))

<P><STRONG><a name="[3c0]"></a>__rt_lib_init_lc_collate_1</STRONG> (Thumb, 0 bytes, Stack size unknown bytes, libinit2.o(.ARM.Collect$$libinit$$00000011))

<P><STRONG><a name="[17e]"></a>__rt_lib_init_lc_ctype_2</STRONG> (Thumb, 0 bytes, Stack size unknown bytes, libinit2.o(.ARM.Collect$$libinit$$00000012))
<BR><BR>[Stack]<UL><LI>Max Depth = 16 + Unknown Stack Size
<LI>Call Chain = __rt_lib_init_lc_ctype_2 &rArr; _get_lc_ctype &rArr; strcmp
</UL>
<BR>[Calls]<UL><LI><a href="#[9a]">&gt;&gt;</a>&nbsp;&nbsp;&nbsp;_get_lc_ctype
</UL>

<P><STRONG><a name="[3c1]"></a>__rt_lib_init_lc_ctype_1</STRONG> (Thumb, 0 bytes, Stack size unknown bytes, libinit2.o(.ARM.Collect$$libinit$$00000013))

<P><STRONG><a name="[3c2]"></a>__rt_lib_init_lc_monetary_1</STRONG> (Thumb, 0 bytes, Stack size unknown bytes, libinit2.o(.ARM.Collect$$libinit$$00000015))

<P><STRONG><a name="[17f]"></a>__rt_lib_init_lc_numeric_2</STRONG> (Thumb, 0 bytes, Stack size unknown bytes, libinit2.o(.ARM.Collect$$libinit$$00000016))
<BR><BR>[Stack]<UL><LI>Max Depth = 16 + Unknown Stack Size
<LI>Call Chain = __rt_lib_init_lc_numeric_2 &rArr; _get_lc_numeric &rArr; strcmp
</UL>
<BR>[Calls]<UL><LI><a href="#[180]">&gt;&gt;</a>&nbsp;&nbsp;&nbsp;_get_lc_numeric
</UL>

<P><STRONG><a name="[3c3]"></a>__rt_lib_init_alloca_1</STRONG> (Thumb, 0 bytes, Stack size unknown bytes, libinit2.o(.ARM.Collect$$libinit$$0000002E))

<P><STRONG><a name="[3c4]"></a>__rt_lib_init_argv_1</STRONG> (Thumb, 0 bytes, Stack size unknown bytes, libinit2.o(.ARM.Collect$$libinit$$0000002C))

<P><STRONG><a name="[3c5]"></a>__rt_lib_init_atexit_1</STRONG> (Thumb, 0 bytes, Stack size unknown bytes, libinit2.o(.ARM.Collect$$libinit$$0000001B))

<P><STRONG><a name="[3c6]"></a>__rt_lib_init_clock_1</STRONG> (Thumb, 0 bytes, Stack size unknown bytes, libinit2.o(.ARM.Collect$$libinit$$00000021))

<P><STRONG><a name="[3c7]"></a>__rt_lib_init_cpp_1</STRONG> (Thumb, 0 bytes, Stack size unknown bytes, libinit2.o(.ARM.Collect$$libinit$$00000032))

<P><STRONG><a name="[3c8]"></a>__rt_lib_init_exceptions_1</STRONG> (Thumb, 0 bytes, Stack size unknown bytes, libinit2.o(.ARM.Collect$$libinit$$00000030))

<P><STRONG><a name="[3c9]"></a>__rt_lib_init_fp_trap_1</STRONG> (Thumb, 0 bytes, Stack size unknown bytes, libinit2.o(.ARM.Collect$$libinit$$0000001F))

<P><STRONG><a name="[3ca]"></a>__rt_lib_init_getenv_1</STRONG> (Thumb, 0 bytes, Stack size unknown bytes, libinit2.o(.ARM.Collect$$libinit$$00000023))

<P><STRONG><a name="[3cb]"></a>__rt_lib_init_lc_numeric_1</STRONG> (Thumb, 0 bytes, Stack size unknown bytes, libinit2.o(.ARM.Collect$$libinit$$00000017))

<P><STRONG><a name="[3cc]"></a>__rt_lib_init_lc_time_1</STRONG> (Thumb, 0 bytes, Stack size unknown bytes, libinit2.o(.ARM.Collect$$libinit$$00000019))

<P><STRONG><a name="[3cd]"></a>__rt_lib_init_return</STRONG> (Thumb, 0 bytes, Stack size unknown bytes, libinit2.o(.ARM.Collect$$libinit$$00000033))

<P><STRONG><a name="[3ce]"></a>__rt_lib_init_signal_1</STRONG> (Thumb, 0 bytes, Stack size unknown bytes, libinit2.o(.ARM.Collect$$libinit$$0000001D))

<P><STRONG><a name="[3cf]"></a>__rt_lib_init_stdio_1</STRONG> (Thumb, 0 bytes, Stack size unknown bytes, libinit2.o(.ARM.Collect$$libinit$$00000025))

<P><STRONG><a name="[18b]"></a>__rt_lib_shutdown</STRONG> (Thumb, 0 bytes, Stack size unknown bytes, libshutdown.o(.ARM.Collect$$libshutdown$$00000000))
<BR><BR>[Called By]<UL><LI><a href="#[18a]">&gt;&gt;</a>&nbsp;&nbsp;&nbsp;__rt_exit_ls
</UL>

<P><STRONG><a name="[3d0]"></a>__rt_lib_shutdown_cpp_1</STRONG> (Thumb, 0 bytes, Stack size unknown bytes, libshutdown2.o(.ARM.Collect$$libshutdown$$00000002))

<P><STRONG><a name="[3d1]"></a>__rt_lib_shutdown_fp_trap_1</STRONG> (Thumb, 0 bytes, Stack size unknown bytes, libshutdown2.o(.ARM.Collect$$libshutdown$$00000007))

<P><STRONG><a name="[3d2]"></a>__rt_lib_shutdown_heap_1</STRONG> (Thumb, 0 bytes, Stack size unknown bytes, libshutdown2.o(.ARM.Collect$$libshutdown$$0000000F))

<P><STRONG><a name="[3d3]"></a>__rt_lib_shutdown_return</STRONG> (Thumb, 0 bytes, Stack size unknown bytes, libshutdown2.o(.ARM.Collect$$libshutdown$$00000010))

<P><STRONG><a name="[3d4]"></a>__rt_lib_shutdown_signal_1</STRONG> (Thumb, 0 bytes, Stack size unknown bytes, libshutdown2.o(.ARM.Collect$$libshutdown$$0000000A))

<P><STRONG><a name="[3d5]"></a>__rt_lib_shutdown_stdio_1</STRONG> (Thumb, 0 bytes, Stack size unknown bytes, libshutdown2.o(.ARM.Collect$$libshutdown$$00000004))

<P><STRONG><a name="[3d6]"></a>__rt_lib_shutdown_user_alloc_1</STRONG> (Thumb, 0 bytes, Stack size unknown bytes, libshutdown2.o(.ARM.Collect$$libshutdown$$0000000C))

<P><STRONG><a name="[174]"></a>__rt_entry</STRONG> (Thumb, 0 bytes, Stack size unknown bytes, __rtentry.o(.ARM.Collect$$rtentry$$00000000))
<BR><BR>[Called By]<UL><LI><a href="#[97]">&gt;&gt;</a>&nbsp;&nbsp;&nbsp;__main
<LI><a href="#[175]">&gt;&gt;</a>&nbsp;&nbsp;&nbsp;__scatterload_rt2
</UL>

<P><STRONG><a name="[3d7]"></a>__rt_entry_presh_1</STRONG> (Thumb, 0 bytes, Stack size unknown bytes, __rtentry2.o(.ARM.Collect$$rtentry$$00000002))

<P><STRONG><a name="[181]"></a>__rt_entry_sh</STRONG> (Thumb, 0 bytes, Stack size unknown bytes, __rtentry4.o(.ARM.Collect$$rtentry$$00000004))
<BR><BR>[Stack]<UL><LI>Max Depth = 8 + Unknown Stack Size
<LI>Call Chain = __rt_entry_sh &rArr; __user_setup_stackheap
</UL>
<BR>[Calls]<UL><LI><a href="#[182]">&gt;&gt;</a>&nbsp;&nbsp;&nbsp;__user_setup_stackheap
</UL>

<P><STRONG><a name="[183]"></a>__rt_entry_postsh_1</STRONG> (Thumb, 0 bytes, Stack size unknown bytes, __rtentry2.o(.ARM.Collect$$rtentry$$00000008))
<BR><BR>[Stack]<UL><LI>Max Depth = 8 + Unknown Stack Size
<LI>Call Chain = __rt_entry_postsh_1 &rArr; _platform_post_stackheap_init &rArr; osKernelInitialize
</UL>
<BR>[Calls]<UL><LI><a href="#[184]">&gt;&gt;</a>&nbsp;&nbsp;&nbsp;_platform_post_stackheap_init
</UL>

<P><STRONG><a name="[185]"></a>__rt_entry_li</STRONG> (Thumb, 0 bytes, Stack size unknown bytes, __rtentry2.o(.ARM.Collect$$rtentry$$0000000A))
<BR><BR>[Calls]<UL><LI><a href="#[186]">&gt;&gt;</a>&nbsp;&nbsp;&nbsp;__rt_lib_init
</UL>

<P><STRONG><a name="[187]"></a>__rt_entry_main</STRONG> (Thumb, 0 bytes, Stack size unknown bytes, __rtentry2.o(.ARM.Collect$$rtentry$$0000000D))
<BR><BR>[Stack]<UL><LI>Max Depth = 496 + Unknown Stack Size
<LI>Call Chain = __rt_entry_main &rArr; main &rArr; RTE_RoundRobin_CreateTimer &rArr; RTE_MEM_Realloc &rArr; RTE_MEM_Alloc &rArr; RTE_LOG_ADD &rArr; RTE_Vprintf &rArr; RTE_Assert &rArr; RTE_Printf &rArr;  RTE_Vprintf (Cycle)
</UL>
<BR>[Calls]<UL><LI><a href="#[189]">&gt;&gt;</a>&nbsp;&nbsp;&nbsp;exit
<LI><a href="#[188]">&gt;&gt;</a>&nbsp;&nbsp;&nbsp;main
</UL>

<P><STRONG><a name="[3d8]"></a>__rt_entry_postli_1</STRONG> (Thumb, 0 bytes, Stack size unknown bytes, __rtentry2.o(.ARM.Collect$$rtentry$$0000000C))

<P><STRONG><a name="[1ae]"></a>__rt_exit</STRONG> (Thumb, 0 bytes, Stack size unknown bytes, rtexit.o(.ARM.Collect$$rtexit$$00000000))
<BR><BR>[Called By]<UL><LI><a href="#[189]">&gt;&gt;</a>&nbsp;&nbsp;&nbsp;exit
</UL>

<P><STRONG><a name="[18a]"></a>__rt_exit_ls</STRONG> (Thumb, 0 bytes, Stack size unknown bytes, rtexit2.o(.ARM.Collect$$rtexit$$00000003))
<BR><BR>[Calls]<UL><LI><a href="#[18b]">&gt;&gt;</a>&nbsp;&nbsp;&nbsp;__rt_lib_shutdown
</UL>

<P><STRONG><a name="[3d9]"></a>__rt_exit_prels_1</STRONG> (Thumb, 0 bytes, Stack size unknown bytes, rtexit2.o(.ARM.Collect$$rtexit$$00000002))

<P><STRONG><a name="[18c]"></a>__rt_exit_exit</STRONG> (Thumb, 0 bytes, Stack size unknown bytes, rtexit2.o(.ARM.Collect$$rtexit$$00000004))
<BR><BR>[Calls]<UL><LI><a href="#[18d]">&gt;&gt;</a>&nbsp;&nbsp;&nbsp;_sys_exit
</UL>

<P><STRONG><a name="[2]"></a>Reset_Handler</STRONG> (Thumb, 8 bytes, Stack size 0 bytes, startup_stm32h743xx.o(.text))
<BR>[Address Reference Count : 1]<UL><LI> startup_stm32h743xx.o(RESET)
</UL>
<P><STRONG><a name="[83]"></a>ADC3_IRQHandler</STRONG> (Thumb, 0 bytes, Stack size 0 bytes, startup_stm32h743xx.o(.text))
<BR><BR>[Calls]<UL><LI><a href="#[83]">&gt;&gt;</a>&nbsp;&nbsp;&nbsp;ADC3_IRQHandler
</UL>
<BR>[Called By]<UL><LI><a href="#[83]">&gt;&gt;</a>&nbsp;&nbsp;&nbsp;ADC3_IRQHandler
</UL>
<BR>[Address Reference Count : 1]<UL><LI> startup_stm32h743xx.o(RESET)
</UL>
<P><STRONG><a name="[1e]"></a>ADC_IRQHandler</STRONG> (Thumb, 0 bytes, Stack size 0 bytes, startup_stm32h743xx.o(.text))
<BR>[Address Reference Count : 1]<UL><LI> startup_stm32h743xx.o(RESET)
</UL>
<P><STRONG><a name="[85]"></a>BDMA_Channel0_IRQHandler</STRONG> (Thumb, 0 bytes, Stack size 0 bytes, startup_stm32h743xx.o(.text))
<BR>[Address Reference Count : 1]<UL><LI> startup_stm32h743xx.o(RESET)
</UL>
<P><STRONG><a name="[86]"></a>BDMA_Channel1_IRQHandler</STRONG> (Thumb, 0 bytes, Stack size 0 bytes, startup_stm32h743xx.o(.text))
<BR>[Address Reference Count : 1]<UL><LI> startup_stm32h743xx.o(RESET)
</UL>
<P><STRONG><a name="[87]"></a>BDMA_Channel2_IRQHandler</STRONG> (Thumb, 0 bytes, Stack size 0 bytes, startup_stm32h743xx.o(.text))
<BR>[Address Reference Count : 1]<UL><LI> startup_stm32h743xx.o(RESET)
</UL>
<P><STRONG><a name="[88]"></a>BDMA_Channel3_IRQHandler</STRONG> (Thumb, 0 bytes, Stack size 0 bytes, startup_stm32h743xx.o(.text))
<BR>[Address Reference Count : 1]<UL><LI> startup_stm32h743xx.o(RESET)
</UL>
<P><STRONG><a name="[89]"></a>BDMA_Channel4_IRQHandler</STRONG> (Thumb, 0 bytes, Stack size 0 bytes, startup_stm32h743xx.o(.text))
<BR>[Address Reference Count : 1]<UL><LI> startup_stm32h743xx.o(RESET)
</UL>
<P><STRONG><a name="[8a]"></a>BDMA_Channel5_IRQHandler</STRONG> (Thumb, 0 bytes, Stack size 0 bytes, startup_stm32h743xx.o(.text))
<BR>[Address Reference Count : 1]<UL><LI> startup_stm32h743xx.o(RESET)
</UL>
<P><STRONG><a name="[8b]"></a>BDMA_Channel6_IRQHandler</STRONG> (Thumb, 0 bytes, Stack size 0 bytes, startup_stm32h743xx.o(.text))
<BR>[Address Reference Count : 1]<UL><LI> startup_stm32h743xx.o(RESET)
</UL>
<P><STRONG><a name="[8c]"></a>BDMA_Channel7_IRQHandler</STRONG> (Thumb, 0 bytes, Stack size 0 bytes, startup_stm32h743xx.o(.text))
<BR>[Address Reference Count : 1]<UL><LI> startup_stm32h743xx.o(RESET)
</UL>
<P><STRONG><a name="[64]"></a>CEC_IRQHandler</STRONG> (Thumb, 0 bytes, Stack size 0 bytes, startup_stm32h743xx.o(.text))
<BR>[Address Reference Count : 1]<UL><LI> startup_stm32h743xx.o(RESET)
</UL>
<P><STRONG><a name="[8d]"></a>COMP1_IRQHandler</STRONG> (Thumb, 0 bytes, Stack size 0 bytes, startup_stm32h743xx.o(.text))
<BR>[Address Reference Count : 1]<UL><LI> startup_stm32h743xx.o(RESET)
</UL>
<P><STRONG><a name="[93]"></a>CRS_IRQHandler</STRONG> (Thumb, 0 bytes, Stack size 0 bytes, startup_stm32h743xx.o(.text))
<BR>[Address Reference Count : 1]<UL><LI> startup_stm32h743xx.o(RESET)
</UL>
<P><STRONG><a name="[55]"></a>DCMI_IRQHandler</STRONG> (Thumb, 0 bytes, Stack size 0 bytes, startup_stm32h743xx.o(.text))
<BR>[Address Reference Count : 1]<UL><LI> startup_stm32h743xx.o(RESET)
</UL>
<P><STRONG><a name="[74]"></a>DFSDM1_FLT0_IRQHandler</STRONG> (Thumb, 0 bytes, Stack size 0 bytes, startup_stm32h743xx.o(.text))
<BR>[Address Reference Count : 1]<UL><LI> startup_stm32h743xx.o(RESET)
</UL>
<P><STRONG><a name="[75]"></a>DFSDM1_FLT1_IRQHandler</STRONG> (Thumb, 0 bytes, Stack size 0 bytes, startup_stm32h743xx.o(.text))
<BR>[Address Reference Count : 1]<UL><LI> startup_stm32h743xx.o(RESET)
</UL>
<P><STRONG><a name="[76]"></a>DFSDM1_FLT2_IRQHandler</STRONG> (Thumb, 0 bytes, Stack size 0 bytes, startup_stm32h743xx.o(.text))
<BR>[Address Reference Count : 1]<UL><LI> startup_stm32h743xx.o(RESET)
</UL>
<P><STRONG><a name="[77]"></a>DFSDM1_FLT3_IRQHandler</STRONG> (Thumb, 0 bytes, Stack size 0 bytes, startup_stm32h743xx.o(.text))
<BR>[Address Reference Count : 1]<UL><LI> startup_stm32h743xx.o(RESET)
</UL>
<P><STRONG><a name="[18]"></a>DMA1_Stream1_IRQHandler</STRONG> (Thumb, 0 bytes, Stack size 0 bytes, startup_stm32h743xx.o(.text))
<BR>[Address Reference Count : 1]<UL><LI> startup_stm32h743xx.o(RESET)
</UL>
<P><STRONG><a name="[1c]"></a>DMA1_Stream5_IRQHandler</STRONG> (Thumb, 0 bytes, Stack size 0 bytes, startup_stm32h743xx.o(.text))
<BR>[Address Reference Count : 1]<UL><LI> startup_stm32h743xx.o(RESET)
</UL>
<P><STRONG><a name="[1d]"></a>DMA1_Stream6_IRQHandler</STRONG> (Thumb, 0 bytes, Stack size 0 bytes, startup_stm32h743xx.o(.text))
<BR>[Address Reference Count : 1]<UL><LI> startup_stm32h743xx.o(RESET)
</UL>
<P><STRONG><a name="[3a]"></a>DMA1_Stream7_IRQHandler</STRONG> (Thumb, 0 bytes, Stack size 0 bytes, startup_stm32h743xx.o(.text))
<BR>[Address Reference Count : 1]<UL><LI> startup_stm32h743xx.o(RESET)
</UL>
<P><STRONG><a name="[60]"></a>DMA2D_IRQHandler</STRONG> (Thumb, 0 bytes, Stack size 0 bytes, startup_stm32h743xx.o(.text))
<BR>[Address Reference Count : 1]<UL><LI> startup_stm32h743xx.o(RESET)
</UL>
<P><STRONG><a name="[43]"></a>DMA2_Stream0_IRQHandler</STRONG> (Thumb, 0 bytes, Stack size 0 bytes, startup_stm32h743xx.o(.text))
<BR>[Address Reference Count : 1]<UL><LI> startup_stm32h743xx.o(RESET)
</UL>
<P><STRONG><a name="[44]"></a>DMA2_Stream1_IRQHandler</STRONG> (Thumb, 0 bytes, Stack size 0 bytes, startup_stm32h743xx.o(.text))
<BR>[Address Reference Count : 1]<UL><LI> startup_stm32h743xx.o(RESET)
</UL>
<P><STRONG><a name="[45]"></a>DMA2_Stream2_IRQHandler</STRONG> (Thumb, 0 bytes, Stack size 0 bytes, startup_stm32h743xx.o(.text))
<BR>[Address Reference Count : 1]<UL><LI> startup_stm32h743xx.o(RESET)
</UL>
<P><STRONG><a name="[46]"></a>DMA2_Stream3_IRQHandler</STRONG> (Thumb, 0 bytes, Stack size 0 bytes, startup_stm32h743xx.o(.text))
<BR>[Address Reference Count : 1]<UL><LI> startup_stm32h743xx.o(RESET)
</UL>
<P><STRONG><a name="[47]"></a>DMA2_Stream4_IRQHandler</STRONG> (Thumb, 0 bytes, Stack size 0 bytes, startup_stm32h743xx.o(.text))
<BR>[Address Reference Count : 1]<UL><LI> startup_stm32h743xx.o(RESET)
</UL>
<P><STRONG><a name="[4b]"></a>DMA2_Stream5_IRQHandler</STRONG> (Thumb, 0 bytes, Stack size 0 bytes, startup_stm32h743xx.o(.text))
<BR>[Address Reference Count : 1]<UL><LI> startup_stm32h743xx.o(RESET)
</UL>
<P><STRONG><a name="[4c]"></a>DMA2_Stream6_IRQHandler</STRONG> (Thumb, 0 bytes, Stack size 0 bytes, startup_stm32h743xx.o(.text))
<BR>[Address Reference Count : 1]<UL><LI> startup_stm32h743xx.o(RESET)
</UL>
<P><STRONG><a name="[4d]"></a>DMA2_Stream7_IRQHandler</STRONG> (Thumb, 0 bytes, Stack size 0 bytes, startup_stm32h743xx.o(.text))
<BR>[Address Reference Count : 1]<UL><LI> startup_stm32h743xx.o(RESET)
</UL>
<P><STRONG><a name="[6c]"></a>DMAMUX1_OVR_IRQHandler</STRONG> (Thumb, 0 bytes, Stack size 0 bytes, startup_stm32h743xx.o(.text))
<BR>[Address Reference Count : 1]<UL><LI> startup_stm32h743xx.o(RESET)
</UL>
<P><STRONG><a name="[84]"></a>DMAMUX2_OVR_IRQHandler</STRONG> (Thumb, 0 bytes, Stack size 0 bytes, startup_stm32h743xx.o(.text))
<BR>[Address Reference Count : 1]<UL><LI> startup_stm32h743xx.o(RESET)
</UL>
<P><STRONG><a name="[48]"></a>ETH_IRQHandler</STRONG> (Thumb, 0 bytes, Stack size 0 bytes, startup_stm32h743xx.o(.text))
<BR>[Address Reference Count : 1]<UL><LI> startup_stm32h743xx.o(RESET)
</UL>
<P><STRONG><a name="[49]"></a>ETH_WKUP_IRQHandler</STRONG> (Thumb, 0 bytes, Stack size 0 bytes, startup_stm32h743xx.o(.text))
<BR>[Address Reference Count : 1]<UL><LI> startup_stm32h743xx.o(RESET)
</UL>
<P><STRONG><a name="[12]"></a>EXTI0_IRQHandler</STRONG> (Thumb, 0 bytes, Stack size 0 bytes, startup_stm32h743xx.o(.text))
<BR>[Address Reference Count : 1]<UL><LI> startup_stm32h743xx.o(RESET)
</UL>
<P><STRONG><a name="[34]"></a>EXTI15_10_IRQHandler</STRONG> (Thumb, 0 bytes, Stack size 0 bytes, startup_stm32h743xx.o(.text))
<BR>[Address Reference Count : 1]<UL><LI> startup_stm32h743xx.o(RESET)
</UL>
<P><STRONG><a name="[13]"></a>EXTI1_IRQHandler</STRONG> (Thumb, 0 bytes, Stack size 0 bytes, startup_stm32h743xx.o(.text))
<BR>[Address Reference Count : 1]<UL><LI> startup_stm32h743xx.o(RESET)
</UL>
<P><STRONG><a name="[14]"></a>EXTI2_IRQHandler</STRONG> (Thumb, 0 bytes, Stack size 0 bytes, startup_stm32h743xx.o(.text))
<BR>[Address Reference Count : 1]<UL><LI> startup_stm32h743xx.o(RESET)
</UL>
<P><STRONG><a name="[15]"></a>EXTI3_IRQHandler</STRONG> (Thumb, 0 bytes, Stack size 0 bytes, startup_stm32h743xx.o(.text))
<BR>[Address Reference Count : 1]<UL><LI> startup_stm32h743xx.o(RESET)
</UL>
<P><STRONG><a name="[23]"></a>EXTI9_5_IRQHandler</STRONG> (Thumb, 0 bytes, Stack size 0 bytes, startup_stm32h743xx.o(.text))
<BR>[Address Reference Count : 1]<UL><LI> startup_stm32h743xx.o(RESET)
</UL>
<P><STRONG><a name="[1f]"></a>FDCAN1_IT0_IRQHandler</STRONG> (Thumb, 0 bytes, Stack size 0 bytes, startup_stm32h743xx.o(.text))
<BR>[Address Reference Count : 1]<UL><LI> startup_stm32h743xx.o(RESET)
</UL>
<P><STRONG><a name="[21]"></a>FDCAN1_IT1_IRQHandler</STRONG> (Thumb, 0 bytes, Stack size 0 bytes, startup_stm32h743xx.o(.text))
<BR>[Address Reference Count : 1]<UL><LI> startup_stm32h743xx.o(RESET)
</UL>
<P><STRONG><a name="[20]"></a>FDCAN2_IT0_IRQHandler</STRONG> (Thumb, 0 bytes, Stack size 0 bytes, startup_stm32h743xx.o(.text))
<BR>[Address Reference Count : 1]<UL><LI> startup_stm32h743xx.o(RESET)
</UL>
<P><STRONG><a name="[22]"></a>FDCAN2_IT1_IRQHandler</STRONG> (Thumb, 0 bytes, Stack size 0 bytes, startup_stm32h743xx.o(.text))
<BR>[Address Reference Count : 1]<UL><LI> startup_stm32h743xx.o(RESET)
</UL>
<P><STRONG><a name="[4a]"></a>FDCAN_CAL_IRQHandler</STRONG> (Thumb, 0 bytes, Stack size 0 bytes, startup_stm32h743xx.o(.text))
<BR>[Address Reference Count : 1]<UL><LI> startup_stm32h743xx.o(RESET)
</UL>
<P><STRONG><a name="[10]"></a>FLASH_IRQHandler</STRONG> (Thumb, 0 bytes, Stack size 0 bytes, startup_stm32h743xx.o(.text))
<BR>[Address Reference Count : 1]<UL><LI> startup_stm32h743xx.o(RESET)
</UL>
<P><STRONG><a name="[3b]"></a>FMC_IRQHandler</STRONG> (Thumb, 0 bytes, Stack size 0 bytes, startup_stm32h743xx.o(.text))
<BR>[Address Reference Count : 1]<UL><LI> startup_stm32h743xx.o(RESET)
</UL>
<P><STRONG><a name="[57]"></a>FPU_IRQHandler</STRONG> (Thumb, 0 bytes, Stack size 0 bytes, startup_stm32h743xx.o(.text))
<BR>[Address Reference Count : 1]<UL><LI> startup_stm32h743xx.o(RESET)
</UL>
<P><STRONG><a name="[73]"></a>HRTIM1_FLT_IRQHandler</STRONG> (Thumb, 0 bytes, Stack size 0 bytes, startup_stm32h743xx.o(.text))
<BR>[Address Reference Count : 1]<UL><LI> startup_stm32h743xx.o(RESET)
</UL>
<P><STRONG><a name="[6d]"></a>HRTIM1_Master_IRQHandler</STRONG> (Thumb, 0 bytes, Stack size 0 bytes, startup_stm32h743xx.o(.text))
<BR>[Address Reference Count : 1]<UL><LI> startup_stm32h743xx.o(RESET)
</UL>
<P><STRONG><a name="[6e]"></a>HRTIM1_TIMA_IRQHandler</STRONG> (Thumb, 0 bytes, Stack size 0 bytes, startup_stm32h743xx.o(.text))
<BR>[Address Reference Count : 1]<UL><LI> startup_stm32h743xx.o(RESET)
</UL>
<P><STRONG><a name="[6f]"></a>HRTIM1_TIMB_IRQHandler</STRONG> (Thumb, 0 bytes, Stack size 0 bytes, startup_stm32h743xx.o(.text))
<BR>[Address Reference Count : 1]<UL><LI> startup_stm32h743xx.o(RESET)
</UL>
<P><STRONG><a name="[70]"></a>HRTIM1_TIMC_IRQHandler</STRONG> (Thumb, 0 bytes, Stack size 0 bytes, startup_stm32h743xx.o(.text))
<BR>[Address Reference Count : 1]<UL><LI> startup_stm32h743xx.o(RESET)
</UL>
<P><STRONG><a name="[71]"></a>HRTIM1_TIMD_IRQHandler</STRONG> (Thumb, 0 bytes, Stack size 0 bytes, startup_stm32h743xx.o(.text))
<BR>[Address Reference Count : 1]<UL><LI> startup_stm32h743xx.o(RESET)
</UL>
<P><STRONG><a name="[72]"></a>HRTIM1_TIME_IRQHandler</STRONG> (Thumb, 0 bytes, Stack size 0 bytes, startup_stm32h743xx.o(.text))
<BR>[Address Reference Count : 1]<UL><LI> startup_stm32h743xx.o(RESET)
</UL>
<P><STRONG><a name="[82]"></a>HSEM1_IRQHandler</STRONG> (Thumb, 0 bytes, Stack size 0 bytes, startup_stm32h743xx.o(.text))
<BR>[Address Reference Count : 1]<UL><LI> startup_stm32h743xx.o(RESET)
</UL>
<P><STRONG><a name="[2c]"></a>I2C1_ER_IRQHandler</STRONG> (Thumb, 0 bytes, Stack size 0 bytes, startup_stm32h743xx.o(.text))
<BR>[Address Reference Count : 1]<UL><LI> startup_stm32h743xx.o(RESET)
</UL>
<P><STRONG><a name="[2b]"></a>I2C1_EV_IRQHandler</STRONG> (Thumb, 0 bytes, Stack size 0 bytes, startup_stm32h743xx.o(.text))
<BR>[Address Reference Count : 1]<UL><LI> startup_stm32h743xx.o(RESET)
</UL>
<P><STRONG><a name="[2e]"></a>I2C2_ER_IRQHandler</STRONG> (Thumb, 0 bytes, Stack size 0 bytes, startup_stm32h743xx.o(.text))
<BR>[Address Reference Count : 1]<UL><LI> startup_stm32h743xx.o(RESET)
</UL>
<P><STRONG><a name="[2d]"></a>I2C2_EV_IRQHandler</STRONG> (Thumb, 0 bytes, Stack size 0 bytes, startup_stm32h743xx.o(.text))
<BR>[Address Reference Count : 1]<UL><LI> startup_stm32h743xx.o(RESET)
</UL>
<P><STRONG><a name="[50]"></a>I2C3_ER_IRQHandler</STRONG> (Thumb, 0 bytes, Stack size 0 bytes, startup_stm32h743xx.o(.text))
<BR>[Address Reference Count : 1]<UL><LI> startup_stm32h743xx.o(RESET)
</UL>
<P><STRONG><a name="[4f]"></a>I2C3_EV_IRQHandler</STRONG> (Thumb, 0 bytes, Stack size 0 bytes, startup_stm32h743xx.o(.text))
<BR>[Address Reference Count : 1]<UL><LI> startup_stm32h743xx.o(RESET)
</UL>
<P><STRONG><a name="[66]"></a>I2C4_ER_IRQHandler</STRONG> (Thumb, 0 bytes, Stack size 0 bytes, startup_stm32h743xx.o(.text))
<BR>[Address Reference Count : 1]<UL><LI> startup_stm32h743xx.o(RESET)
</UL>
<P><STRONG><a name="[65]"></a>I2C4_EV_IRQHandler</STRONG> (Thumb, 0 bytes, Stack size 0 bytes, startup_stm32h743xx.o(.text))
<BR>[Address Reference Count : 1]<UL><LI> startup_stm32h743xx.o(RESET)
</UL>
<P><STRONG><a name="[7f]"></a>JPEG_IRQHandler</STRONG> (Thumb, 0 bytes, Stack size 0 bytes, startup_stm32h743xx.o(.text))
<BR>[Address Reference Count : 1]<UL><LI> startup_stm32h743xx.o(RESET)
</UL>
<P><STRONG><a name="[63]"></a>LPTIM1_IRQHandler</STRONG> (Thumb, 0 bytes, Stack size 0 bytes, startup_stm32h743xx.o(.text))
<BR>[Address Reference Count : 1]<UL><LI> startup_stm32h743xx.o(RESET)
</UL>
<P><STRONG><a name="[8e]"></a>LPTIM2_IRQHandler</STRONG> (Thumb, 0 bytes, Stack size 0 bytes, startup_stm32h743xx.o(.text))
<BR>[Address Reference Count : 1]<UL><LI> startup_stm32h743xx.o(RESET)
</UL>
<P><STRONG><a name="[8f]"></a>LPTIM3_IRQHandler</STRONG> (Thumb, 0 bytes, Stack size 0 bytes, startup_stm32h743xx.o(.text))
<BR>[Address Reference Count : 1]<UL><LI> startup_stm32h743xx.o(RESET)
</UL>
<P><STRONG><a name="[90]"></a>LPTIM4_IRQHandler</STRONG> (Thumb, 0 bytes, Stack size 0 bytes, startup_stm32h743xx.o(.text))
<BR>[Address Reference Count : 1]<UL><LI> startup_stm32h743xx.o(RESET)
</UL>
<P><STRONG><a name="[91]"></a>LPTIM5_IRQHandler</STRONG> (Thumb, 0 bytes, Stack size 0 bytes, startup_stm32h743xx.o(.text))
<BR>[Address Reference Count : 1]<UL><LI> startup_stm32h743xx.o(RESET)
</UL>
<P><STRONG><a name="[92]"></a>LPUART1_IRQHandler</STRONG> (Thumb, 0 bytes, Stack size 0 bytes, startup_stm32h743xx.o(.text))
<BR>[Address Reference Count : 1]<UL><LI> startup_stm32h743xx.o(RESET)
</UL>
<P><STRONG><a name="[5f]"></a>LTDC_ER_IRQHandler</STRONG> (Thumb, 0 bytes, Stack size 0 bytes, startup_stm32h743xx.o(.text))
<BR>[Address Reference Count : 1]<UL><LI> startup_stm32h743xx.o(RESET)
</UL>
<P><STRONG><a name="[5e]"></a>LTDC_IRQHandler</STRONG> (Thumb, 0 bytes, Stack size 0 bytes, startup_stm32h743xx.o(.text))
<BR>[Address Reference Count : 1]<UL><LI> startup_stm32h743xx.o(RESET)
</UL>
<P><STRONG><a name="[7e]"></a>MDIOS_IRQHandler</STRONG> (Thumb, 0 bytes, Stack size 0 bytes, startup_stm32h743xx.o(.text))
<BR>[Address Reference Count : 1]<UL><LI> startup_stm32h743xx.o(RESET)
</UL>
<P><STRONG><a name="[7d]"></a>MDIOS_WKUP_IRQHandler</STRONG> (Thumb, 0 bytes, Stack size 0 bytes, startup_stm32h743xx.o(.text))
<BR>[Address Reference Count : 1]<UL><LI> startup_stm32h743xx.o(RESET)
</UL>
<P><STRONG><a name="[80]"></a>MDMA_IRQHandler</STRONG> (Thumb, 0 bytes, Stack size 0 bytes, startup_stm32h743xx.o(.text))
<BR>[Address Reference Count : 1]<UL><LI> startup_stm32h743xx.o(RESET)
</UL>
<P><STRONG><a name="[69]"></a>OTG_FS_EP1_IN_IRQHandler</STRONG> (Thumb, 0 bytes, Stack size 0 bytes, startup_stm32h743xx.o(.text))
<BR>[Address Reference Count : 1]<UL><LI> startup_stm32h743xx.o(RESET)
</UL>
<P><STRONG><a name="[68]"></a>OTG_FS_EP1_OUT_IRQHandler</STRONG> (Thumb, 0 bytes, Stack size 0 bytes, startup_stm32h743xx.o(.text))
<BR>[Address Reference Count : 1]<UL><LI> startup_stm32h743xx.o(RESET)
</UL>
<P><STRONG><a name="[6b]"></a>OTG_FS_IRQHandler</STRONG> (Thumb, 0 bytes, Stack size 0 bytes, startup_stm32h743xx.o(.text))
<BR>[Address Reference Count : 1]<UL><LI> startup_stm32h743xx.o(RESET)
</UL>
<P><STRONG><a name="[6a]"></a>OTG_FS_WKUP_IRQHandler</STRONG> (Thumb, 0 bytes, Stack size 0 bytes, startup_stm32h743xx.o(.text))
<BR>[Address Reference Count : 1]<UL><LI> startup_stm32h743xx.o(RESET)
</UL>
<P><STRONG><a name="[52]"></a>OTG_HS_EP1_IN_IRQHandler</STRONG> (Thumb, 0 bytes, Stack size 0 bytes, startup_stm32h743xx.o(.text))
<BR>[Address Reference Count : 1]<UL><LI> startup_stm32h743xx.o(RESET)
</UL>
<P><STRONG><a name="[51]"></a>OTG_HS_EP1_OUT_IRQHandler</STRONG> (Thumb, 0 bytes, Stack size 0 bytes, startup_stm32h743xx.o(.text))
<BR>[Address Reference Count : 1]<UL><LI> startup_stm32h743xx.o(RESET)
</UL>
<P><STRONG><a name="[54]"></a>OTG_HS_IRQHandler</STRONG> (Thumb, 0 bytes, Stack size 0 bytes, startup_stm32h743xx.o(.text))
<BR>[Address Reference Count : 1]<UL><LI> startup_stm32h743xx.o(RESET)
</UL>
<P><STRONG><a name="[53]"></a>OTG_HS_WKUP_IRQHandler</STRONG> (Thumb, 0 bytes, Stack size 0 bytes, startup_stm32h743xx.o(.text))
<BR>[Address Reference Count : 1]<UL><LI> startup_stm32h743xx.o(RESET)
</UL>
<P><STRONG><a name="[d]"></a>PVD_AVD_IRQHandler</STRONG> (Thumb, 0 bytes, Stack size 0 bytes, startup_stm32h743xx.o(.text))
<BR>[Address Reference Count : 1]<UL><LI> startup_stm32h743xx.o(RESET)
</UL>
<P><STRONG><a name="[62]"></a>QUADSPI_IRQHandler</STRONG> (Thumb, 0 bytes, Stack size 0 bytes, startup_stm32h743xx.o(.text))
<BR>[Address Reference Count : 1]<UL><LI> startup_stm32h743xx.o(RESET)
</UL>
<P><STRONG><a name="[11]"></a>RCC_IRQHandler</STRONG> (Thumb, 0 bytes, Stack size 0 bytes, startup_stm32h743xx.o(.text))
<BR>[Address Reference Count : 1]<UL><LI> startup_stm32h743xx.o(RESET)
</UL>
<P><STRONG><a name="[56]"></a>RNG_IRQHandler</STRONG> (Thumb, 0 bytes, Stack size 0 bytes, startup_stm32h743xx.o(.text))
<BR>[Address Reference Count : 1]<UL><LI> startup_stm32h743xx.o(RESET)
</UL>
<P><STRONG><a name="[35]"></a>RTC_Alarm_IRQHandler</STRONG> (Thumb, 0 bytes, Stack size 0 bytes, startup_stm32h743xx.o(.text))
<BR>[Address Reference Count : 1]<UL><LI> startup_stm32h743xx.o(RESET)
</UL>
<P><STRONG><a name="[f]"></a>RTC_WKUP_IRQHandler</STRONG> (Thumb, 0 bytes, Stack size 0 bytes, startup_stm32h743xx.o(.text))
[...]
<BR>[Address Reference Count : 1]<UL><LI> lto-llvm-d6c0fa.o(.text)
</UL>
<P><STRONG><a name="[238]"></a>refr_btn_width</STRONG> (Thumb, 304 bytes, Stack size 32 bytes, lto-llvm-d6c0fa.o(.text))
<BR><BR>[Stack]<UL><LI>Max Depth = 336 + Unknown Stack Size
<LI>Call Chain = refr_btn_width &rArr; lv_label_refr_text &rArr; RTE_MEM_Alloc &rArr; RTE_LOG_ADD &rArr; RTE_Vprintf &rArr; RTE_Assert &rArr; RTE_Printf &rArr;  RTE_Vprintf (Cycle)
</UL>
<BR>[Calls]<UL><LI><a href="#[b2]">&gt;&gt;</a>&nbsp;&nbsp;&nbsp;lv_obj_set_width
<LI><a href="#[1fd]">&gt;&gt;</a>&nbsp;&nbsp;&nbsp;lv_obj_invalidate
<LI><a href="#[206]">&gt;&gt;</a>&nbsp;&nbsp;&nbsp;lv_obj_get_style
<LI><a href="#[234]">&gt;&gt;</a>&nbsp;&nbsp;&nbsp;lv_label_refr_text
</UL>
<BR>[Called By]<UL><LI><a href="#[ca]">&gt;&gt;</a>&nbsp;&nbsp;&nbsp;lv_list_signal
<LI><a href="#[239]">&gt;&gt;</a>&nbsp;&nbsp;&nbsp;lv_list_set_style
<LI><a href="#[236]">&gt;&gt;</a>&nbsp;&nbsp;&nbsp;lv_list_create
<LI><a href="#[116]">&gt;&gt;</a>&nbsp;&nbsp;&nbsp;btn_wifi_action
<LI><a href="#[13b]">&gt;&gt;</a>&nbsp;&nbsp;&nbsp;WifiScanCheckCallback
</UL>

<P><STRONG><a name="[13f]"></a>refr_monitor</STRONG> (Thumb, 276 bytes, Stack size 288 bytes, lto-llvm-d6c0fa.o(.text))
<BR><BR>[Stack]<UL><LI>Max Depth = 616 + Unknown Stack Size
<LI>Call Chain = refr_monitor &rArr; lv_label_set_text &rArr; lv_label_refr_text &rArr; RTE_MEM_Alloc &rArr; RTE_LOG_ADD &rArr; RTE_Vprintf &rArr; RTE_Assert &rArr; RTE_Printf &rArr;  RTE_Vprintf (Cycle)
</UL>
<BR>[Calls]<UL><LI><a href="#[190]">&gt;&gt;</a>&nbsp;&nbsp;&nbsp;__2sprintf
<LI><a href="#[1fd]">&gt;&gt;</a>&nbsp;&nbsp;&nbsp;lv_obj_invalidate
<LI><a href="#[22d]">&gt;&gt;</a>&nbsp;&nbsp;&nbsp;lv_label_set_text
<LI><a href="#[1d4]">&gt;&gt;</a>&nbsp;&nbsp;&nbsp;usprintf
</UL>
<BR>[Called By]<UL><LI><a href="#[e5]">&gt;&gt;</a>&nbsp;&nbsp;&nbsp;ThreadTaskGUI
</UL>
<BR>[Address Reference Count : 1]<UL><LI> lto-llvm-d6c0fa.o(.text)
</UL>
<P><STRONG><a name="[243]"></a>refr_position</STRONG> (Thumb, 506 bytes, Stack size 48 bytes, lto-llvm-d6c0fa.o(.text))
<BR><BR>[Stack]<UL><LI>Max Depth = 264 + Unknown Stack Size
<LI>Call Chain = refr_position &rArr; RTE_MEM_Alloc &rArr; RTE_LOG_ADD &rArr; RTE_Vprintf &rArr; RTE_Assert &rArr; RTE_Printf &rArr;  RTE_Vprintf (Cycle)
</UL>
<BR>[Calls]<UL><LI><a href="#[b3]">&gt;&gt;</a>&nbsp;&nbsp;&nbsp;lv_obj_set_y
<LI><a href="#[cd]">&gt;&gt;</a>&nbsp;&nbsp;&nbsp;lv_obj_set_pos
<LI><a href="#[206]">&gt;&gt;</a>&nbsp;&nbsp;&nbsp;lv_obj_get_style
<LI><a href="#[1ce]">&gt;&gt;</a>&nbsp;&nbsp;&nbsp;RTE_MEM_Free
<LI><a href="#[1b8]">&gt;&gt;</a>&nbsp;&nbsp;&nbsp;RTE_MEM_Alloc
<LI><a href="#[1cb]">&gt;&gt;</a>&nbsp;&nbsp;&nbsp;RTE_Assert
</UL>
<BR>[Called By]<UL><LI><a href="#[12a]">&gt;&gt;</a>&nbsp;&nbsp;&nbsp;lv_roller_signal
<LI><a href="#[12b]">&gt;&gt;</a>&nbsp;&nbsp;&nbsp;lv_roller_scrl_signal
</UL>

<P><STRONG><a name="[208]"></a>refresh_childen_position</STRONG> (Thumb, 64 bytes, Stack size 24 bytes, lto-llvm-d6c0fa.o(.text))
<BR><BR>[Stack]<UL><LI>Max Depth = 48 + In Cycle
<LI>Call Chain = refresh_childen_position &rArr;  refresh_childen_position (Cycle)
</UL>
<BR>[Calls]<UL><LI><a href="#[208]">&gt;&gt;</a>&nbsp;&nbsp;&nbsp;refresh_childen_position
</UL>
<BR>[Called By]<UL><LI><a href="#[cd]">&gt;&gt;</a>&nbsp;&nbsp;&nbsp;lv_obj_set_pos
<LI><a href="#[208]">&gt;&gt;</a>&nbsp;&nbsp;&nbsp;refresh_childen_position
</UL>

<P><STRONG><a name="[205]"></a>refresh_childen_style</STRONG> (Thumb, 68 bytes, Stack size 16 bytes, lto-llvm-d6c0fa.o(.text))
<BR><BR>[Stack]<UL><LI>Max Depth = 88 + In Cycle
<LI>Call Chain = refresh_childen_style &rArr;  refresh_childen_style (Cycle)
</UL>
<BR>[Calls]<UL><LI><a href="#[1fd]">&gt;&gt;</a>&nbsp;&nbsp;&nbsp;lv_obj_invalidate
<LI><a href="#[205]">&gt;&gt;</a>&nbsp;&nbsp;&nbsp;refresh_childen_style
</UL>
<BR>[Called By]<UL><LI><a href="#[244]">&gt;&gt;</a>&nbsp;&nbsp;&nbsp;lv_ta_create
<LI><a href="#[241]">&gt;&gt;</a>&nbsp;&nbsp;&nbsp;lv_preload_create
<LI><a href="#[237]">&gt;&gt;</a>&nbsp;&nbsp;&nbsp;lv_page_create
<LI><a href="#[23c]">&gt;&gt;</a>&nbsp;&nbsp;&nbsp;lv_mbox_create
<LI><a href="#[23e]">&gt;&gt;</a>&nbsp;&nbsp;&nbsp;lv_mbox_add_btns
<LI><a href="#[239]">&gt;&gt;</a>&nbsp;&nbsp;&nbsp;lv_list_set_style
<LI><a href="#[23a]">&gt;&gt;</a>&nbsp;&nbsp;&nbsp;lv_list_set_btn_selected
<LI><a href="#[236]">&gt;&gt;</a>&nbsp;&nbsp;&nbsp;lv_list_create
<LI><a href="#[cb]">&gt;&gt;</a>&nbsp;&nbsp;&nbsp;lv_list_btn_signal
<LI><a href="#[23b]">&gt;&gt;</a>&nbsp;&nbsp;&nbsp;lv_list_add
<LI><a href="#[232]">&gt;&gt;</a>&nbsp;&nbsp;&nbsp;lv_label_create
<LI><a href="#[22b]">&gt;&gt;</a>&nbsp;&nbsp;&nbsp;lv_img_create
<LI><a href="#[223]">&gt;&gt;</a>&nbsp;&nbsp;&nbsp;lv_cont_create
<LI><a href="#[224]">&gt;&gt;</a>&nbsp;&nbsp;&nbsp;lv_btnm_create
<LI><a href="#[b9]">&gt;&gt;</a>&nbsp;&nbsp;&nbsp;lv_btn_signal
<LI><a href="#[222]">&gt;&gt;</a>&nbsp;&nbsp;&nbsp;lv_btn_create
<LI><a href="#[116]">&gt;&gt;</a>&nbsp;&nbsp;&nbsp;btn_wifi_action
<LI><a href="#[119]">&gt;&gt;</a>&nbsp;&nbsp;&nbsp;btn_tcpserver_action
<LI><a href="#[118]">&gt;&gt;</a>&nbsp;&nbsp;&nbsp;btn_clock_action
<LI><a href="#[fa]">&gt;&gt;</a>&nbsp;&nbsp;&nbsp;btn_click_action
<LI><a href="#[117]">&gt;&gt;</a>&nbsp;&nbsp;&nbsp;btn_bench_action
<LI><a href="#[13b]">&gt;&gt;</a>&nbsp;&nbsp;&nbsp;WifiScanCheckCallback
<LI><a href="#[e5]">&gt;&gt;</a>&nbsp;&nbsp;&nbsp;ThreadTaskGUI
<LI><a href="#[131]">&gt;&gt;</a>&nbsp;&nbsp;&nbsp;ServerOpenCheckCallback
<LI><a href="#[132]">&gt;&gt;</a>&nbsp;&nbsp;&nbsp;ServerCloseCheckCallback
<LI><a href="#[cc]">&gt;&gt;</a>&nbsp;&nbsp;&nbsp;wifi_select_action
<LI><a href="#[205]">&gt;&gt;</a>&nbsp;&nbsp;&nbsp;refresh_childen_style
<LI><a href="#[24b]">&gt;&gt;</a>&nbsp;&nbsp;&nbsp;lv_win_create
<LI><a href="#[24d]">&gt;&gt;</a>&nbsp;&nbsp;&nbsp;lv_win_add_btn
<LI><a href="#[248]">&gt;&gt;</a>&nbsp;&nbsp;&nbsp;lv_tabview_add_tab
</UL>

<P><STRONG><a name="[123]"></a>run_test_click</STRONG> (Thumb, 70 bytes, Stack size 8 bytes, lto-llvm-d6c0fa.o(.text))
<BR><BR>[Stack]<UL><LI>Max Depth = 64<LI>Call Chain = run_test_click &rArr; lv_obj_invalidate &rArr; lv_inv_area
</UL>
<BR>[Calls]<UL><LI><a href="#[1fd]">&gt;&gt;</a>&nbsp;&nbsp;&nbsp;lv_obj_invalidate
</UL>
<BR>[Address Reference Count : 1]<UL><LI> lto-llvm-d6c0fa.o(.text)
</UL>
<P><STRONG><a name="[115]"></a>tab_btnm_action</STRONG> (Thumb, 72 bytes, Stack size 24 bytes, lto-llvm-d6c0fa.o(.text))
<BR><BR>[Stack]<UL><LI>Max Depth = 304 + Unknown Stack Size
<LI>Call Chain = tab_btnm_action &rArr; lv_tabview_set_tab_act &rArr; RTE_MEM_Alloc &rArr; RTE_LOG_ADD &rArr; RTE_Vprintf &rArr; RTE_Assert &rArr; RTE_Printf &rArr;  RTE_Vprintf (Cycle)
</UL>
<BR>[Calls]<UL><LI><a href="#[1d0]">&gt;&gt;</a>&nbsp;&nbsp;&nbsp;strcmp
<LI><a href="#[247]">&gt;&gt;</a>&nbsp;&nbsp;&nbsp;lv_tabview_set_tab_act
</UL>
<BR>[Address Reference Count : 1]<UL><LI> lto-llvm-d6c0fa.o(.text)
</UL>
<P><STRONG><a name="[249]"></a>tabpage_press_lost_handler</STRONG> (Thumb, 192 bytes, Stack size 16 bytes, lto-llvm-d6c0fa.o(.text))
<BR><BR>[Stack]<UL><LI>Max Depth = 296 + Unknown Stack Size
<LI>Call Chain = tabpage_press_lost_handler &rArr; lv_tabview_set_tab_act &rArr; RTE_MEM_Alloc &rArr; RTE_LOG_ADD &rArr; RTE_Vprintf &rArr; RTE_Assert &rArr; RTE_Printf &rArr;  RTE_Vprintf (Cycle)
</UL>
<BR>[Calls]<UL><LI><a href="#[247]">&gt;&gt;</a>&nbsp;&nbsp;&nbsp;lv_tabview_set_tab_act
</UL>
<BR>[Called By]<UL><LI><a href="#[e0]">&gt;&gt;</a>&nbsp;&nbsp;&nbsp;tabpage_signal
<LI><a href="#[e1]">&gt;&gt;</a>&nbsp;&nbsp;&nbsp;tabpage_scrl_signal
</UL>

<P><STRONG><a name="[24a]"></a>tabpage_pressing_handler</STRONG> (Thumb, 254 bytes, Stack size 32 bytes, lto-llvm-d6c0fa.o(.text))
<BR><BR>[Stack]<UL><LI>Max Depth = 120<LI>Call Chain = tabpage_pressing_handler &rArr; lv_obj_set_pos &rArr; lv_obj_invalidate &rArr; lv_inv_area
</UL>
<BR>[Calls]<UL><LI><a href="#[cd]">&gt;&gt;</a>&nbsp;&nbsp;&nbsp;lv_obj_set_pos
<LI><a href="#[206]">&gt;&gt;</a>&nbsp;&nbsp;&nbsp;lv_obj_get_style
</UL>
<BR>[Called By]<UL><LI><a href="#[e0]">&gt;&gt;</a>&nbsp;&nbsp;&nbsp;tabpage_signal
<LI><a href="#[e1]">&gt;&gt;</a>&nbsp;&nbsp;&nbsp;tabpage_scrl_signal
</UL>

<P><STRONG><a name="[e1]"></a>tabpage_scrl_signal</STRONG> (Thumb, 110 bytes, Stack size 16 bytes, lto-llvm-d6c0fa.o(.text))
<BR><BR>[Stack]<UL><LI>Max Depth = 312 + Unknown Stack Size
<LI>Call Chain = tabpage_scrl_signal &rArr; tabpage_press_lost_handler &rArr; lv_tabview_set_tab_act &rArr; RTE_MEM_Alloc &rArr; RTE_LOG_ADD &rArr; RTE_Vprintf &rArr; RTE_Assert &rArr; RTE_Printf &rArr;  RTE_Vprintf (Cycle)
</UL>
<BR>[Calls]<UL><LI><a href="#[24a]">&gt;&gt;</a>&nbsp;&nbsp;&nbsp;tabpage_pressing_handler
<LI><a href="#[249]">&gt;&gt;</a>&nbsp;&nbsp;&nbsp;tabpage_press_lost_handler
</UL>
<BR>[Address Reference Count : 1]<UL><LI> lto-llvm-d6c0fa.o(.text)
</UL>
<P><STRONG><a name="[e0]"></a>tabpage_signal</STRONG> (Thumb, 112 bytes, Stack size 16 bytes, lto-llvm-d6c0fa.o(.text))
<BR><BR>[Stack]<UL><LI>Max Depth = 312 + Unknown Stack Size
<LI>Call Chain = tabpage_signal &rArr; tabpage_press_lost_handler &rArr; lv_tabview_set_tab_act &rArr; RTE_MEM_Alloc &rArr; RTE_LOG_ADD &rArr; RTE_Vprintf &rArr; RTE_Assert &rArr; RTE_Printf &rArr;  RTE_Vprintf (Cycle)
</UL>
<BR>[Calls]<UL><LI><a href="#[24a]">&gt;&gt;</a>&nbsp;&nbsp;&nbsp;tabpage_pressing_handler
<LI><a href="#[249]">&gt;&gt;</a>&nbsp;&nbsp;&nbsp;tabpage_press_lost_handler
</UL>
<BR>[Address Reference Count : 1]<UL><LI> lto-llvm-d6c0fa.o(.text)
</UL>
<P><STRONG><a name="[246]"></a>tabview_realign</STRONG> (Thumb, 460 bytes, Stack size 40 bytes, lto-llvm-d6c0fa.o(.text))
<BR><BR>[Stack]<UL><LI>Max Depth = 320 + Unknown Stack Size
<LI>Call Chain = tabview_realign &rArr; lv_tabview_set_tab_act &rArr; RTE_MEM_Alloc &rArr; RTE_LOG_ADD &rArr; RTE_Vprintf &rArr; RTE_Assert &rArr; RTE_Printf &rArr;  RTE_Vprintf (Cycle)
</UL>
<BR>[Calls]<UL><LI><a href="#[b2]">&gt;&gt;</a>&nbsp;&nbsp;&nbsp;lv_obj_set_width
<LI><a href="#[cd]">&gt;&gt;</a>&nbsp;&nbsp;&nbsp;lv_obj_set_pos
<LI><a href="#[b5]">&gt;&gt;</a>&nbsp;&nbsp;&nbsp;lv_obj_set_height
<LI><a href="#[1fd]">&gt;&gt;</a>&nbsp;&nbsp;&nbsp;lv_obj_invalidate
<LI><a href="#[206]">&gt;&gt;</a>&nbsp;&nbsp;&nbsp;lv_obj_get_style
<LI><a href="#[247]">&gt;&gt;</a>&nbsp;&nbsp;&nbsp;lv_tabview_set_tab_act
</UL>
<BR>[Called By]<UL><LI><a href="#[fa]">&gt;&gt;</a>&nbsp;&nbsp;&nbsp;btn_click_action
<LI><a href="#[114]">&gt;&gt;</a>&nbsp;&nbsp;&nbsp;lv_tabview_signal
<LI><a href="#[248]">&gt;&gt;</a>&nbsp;&nbsp;&nbsp;lv_tabview_add_tab
</UL>

<P><STRONG><a name="[12e]"></a>tcpserver_btn_close_action</STRONG> (Thumb, 272 bytes, Stack size 32 bytes, lto-llvm-d6c0fa.o(.text))
<BR><BR>[Stack]<UL><LI>Max Depth = 408 + Unknown Stack Size
<LI>Call Chain = tcpserver_btn_close_action &rArr; lv_mbox_create &rArr; lv_label_create &rArr; lv_label_set_long_mode &rArr; lv_label_refr_text &rArr; RTE_MEM_Alloc &rArr; RTE_LOG_ADD &rArr; RTE_Vprintf &rArr; RTE_Assert &rArr; RTE_Printf &rArr;  RTE_Vprintf (Cycle)
</UL>
<BR>[Calls]<UL><LI><a href="#[242]">&gt;&gt;</a>&nbsp;&nbsp;&nbsp;lv_preload_set_spin_time
<LI><a href="#[241]">&gt;&gt;</a>&nbsp;&nbsp;&nbsp;lv_preload_create
<LI><a href="#[b2]">&gt;&gt;</a>&nbsp;&nbsp;&nbsp;lv_obj_set_width
<LI><a href="#[cd]">&gt;&gt;</a>&nbsp;&nbsp;&nbsp;lv_obj_set_pos
<LI><a href="#[23c]">&gt;&gt;</a>&nbsp;&nbsp;&nbsp;lv_mbox_create
<LI><a href="#[22d]">&gt;&gt;</a>&nbsp;&nbsp;&nbsp;lv_label_set_text
<LI><a href="#[1bb]">&gt;&gt;</a>&nbsp;&nbsp;&nbsp;RTE_RoundRobin_CreateTimer
<LI><a href="#[23d]">&gt;&gt;</a>&nbsp;&nbsp;&nbsp;mbox_realign
</UL>
<BR>[Address Reference Count : 1]<UL><LI> lto-llvm-d6c0fa.o(.text)
</UL>
<P><STRONG><a name="[12d]"></a>tcpserver_btn_open_action</STRONG> (Thumb, 312 bytes, Stack size 40 bytes, lto-llvm-d6c0fa.o(.text))
<BR><BR>[Stack]<UL><LI>Max Depth = 416 + Unknown Stack Size
<LI>Call Chain = tcpserver_btn_open_action &rArr; lv_mbox_create &rArr; lv_label_create &rArr; lv_label_set_long_mode &rArr; lv_label_refr_text &rArr; RTE_MEM_Alloc &rArr; RTE_LOG_ADD &rArr; RTE_Vprintf &rArr; RTE_Assert &rArr; RTE_Printf &rArr;  RTE_Vprintf (Cycle)
</UL>
<BR>[Calls]<UL><LI><a href="#[253]">&gt;&gt;</a>&nbsp;&nbsp;&nbsp;strcat
<LI><a href="#[242]">&gt;&gt;</a>&nbsp;&nbsp;&nbsp;lv_preload_set_spin_time
<LI><a href="#[241]">&gt;&gt;</a>&nbsp;&nbsp;&nbsp;lv_preload_create
<LI><a href="#[b2]">&gt;&gt;</a>&nbsp;&nbsp;&nbsp;lv_obj_set_width
<LI><a href="#[cd]">&gt;&gt;</a>&nbsp;&nbsp;&nbsp;lv_obj_set_pos
<LI><a href="#[23c]">&gt;&gt;</a>&nbsp;&nbsp;&nbsp;lv_mbox_create
<LI><a href="#[22d]">&gt;&gt;</a>&nbsp;&nbsp;&nbsp;lv_label_set_text
<LI><a href="#[1bb]">&gt;&gt;</a>&nbsp;&nbsp;&nbsp;RTE_RoundRobin_CreateTimer
<LI><a href="#[23d]">&gt;&gt;</a>&nbsp;&nbsp;&nbsp;mbox_realign
</UL>
<BR>[Address Reference Count : 1]<UL><LI> lto-llvm-d6c0fa.o(.text)
</UL>
<P><STRONG><a name="[12f]"></a>tcpserver_btnm_action</STRONG> (Thumb, 220 bytes, Stack size 40 bytes, lto-llvm-d6c0fa.o(.text))
<BR><BR>[Stack]<UL><LI>Max Depth = 488 + Unknown Stack Size
<LI>Call Chain = tcpserver_btnm_action &rArr; lv_ta_set_text &rArr; lv_ta_add_char &rArr; lv_label_ins_text &rArr; lv_label_refr_text &rArr; RTE_MEM_Alloc &rArr; RTE_LOG_ADD &rArr; RTE_Vprintf &rArr; RTE_Assert &rArr; RTE_Printf &rArr;  RTE_Vprintf (Cycle)
</UL>
<BR>[Calls]<UL><LI><a href="#[1cf]">&gt;&gt;</a>&nbsp;&nbsp;&nbsp;__aeabi_memcpy
<LI><a href="#[253]">&gt;&gt;</a>&nbsp;&nbsp;&nbsp;strcat
<LI><a href="#[216]">&gt;&gt;</a>&nbsp;&nbsp;&nbsp;strlen
<LI><a href="#[245]">&gt;&gt;</a>&nbsp;&nbsp;&nbsp;lv_ta_set_text
</UL>
<BR>[Address Reference Count : 1]<UL><LI> lto-llvm-d6c0fa.o(.text)
</UL>
<P><STRONG><a name="[1d4]"></a>usprintf</STRONG> (Thumb, 1738 bytes, Stack size 64 bytes, lto-llvm-d6c0fa.o(.text))
<BR><BR>[Stack]<UL><LI>Max Depth = 96 + Unknown Stack Size
<LI>Call Chain = usprintf &rArr; RTE_Assert &rArr; RTE_Printf &rArr;  RTE_Vprintf (Cycle)
</UL>
<BR>[Calls]<UL><LI><a href="#[19e]">&gt;&gt;</a>&nbsp;&nbsp;&nbsp;__aeabi_memclr
<LI><a href="#[1cb]">&gt;&gt;</a>&nbsp;&nbsp;&nbsp;RTE_Assert
<LI><a href="#[1d3]">&gt;&gt;</a>&nbsp;&nbsp;&nbsp;__aeabi_memset
</UL>
<BR>[Called By]<UL><LI><a href="#[119]">&gt;&gt;</a>&nbsp;&nbsp;&nbsp;btn_tcpserver_action
<LI><a href="#[fa]">&gt;&gt;</a>&nbsp;&nbsp;&nbsp;btn_click_action
<LI><a href="#[10c]">&gt;&gt;</a>&nbsp;&nbsp;&nbsp;WIFI_GETIP_Fnction
<LI><a href="#[e5]">&gt;&gt;</a>&nbsp;&nbsp;&nbsp;ThreadTaskGUI
<LI><a href="#[11a]">&gt;&gt;</a>&nbsp;&nbsp;&nbsp;GUI_CPU_TimerCallback
<LI><a href="#[13f]">&gt;&gt;</a>&nbsp;&nbsp;&nbsp;refr_monitor
</UL>

<P><STRONG><a name="[11b]"></a>wifi_close_action_animation</STRONG> (Thumb, 436 bytes, Stack size 40 bytes, lto-llvm-d6c0fa.o(.text))
<BR><BR>[Stack]<UL><LI>Max Depth = 312 + Unknown Stack Size
<LI>Call Chain = wifi_close_action_animation &rArr; lv_obj_animate &rArr; RTE_MEM_Alloc &rArr; RTE_LOG_ADD &rArr; RTE_Vprintf &rArr; RTE_Assert &rArr; RTE_Printf &rArr;  RTE_Vprintf (Cycle)
</UL>
<BR>[Calls]<UL><LI><a href="#[d0]">&gt;&gt;</a>&nbsp;&nbsp;&nbsp;lv_obj_del
<LI><a href="#[20d]">&gt;&gt;</a>&nbsp;&nbsp;&nbsp;lv_obj_animate
<LI><a href="#[1c4]">&gt;&gt;</a>&nbsp;&nbsp;&nbsp;RTE_Printf
<LI><a href="#[1b9]">&gt;&gt;</a>&nbsp;&nbsp;&nbsp;RTE_LOG_ADD
<LI><a href="#[1d2]">&gt;&gt;</a>&nbsp;&nbsp;&nbsp;__aeabi_memmove
</UL>
<BR>[Address Reference Count : 1]<UL><LI> lto-llvm-d6c0fa.o(.text)
</UL>
<P><STRONG><a name="[134]"></a>wifi_close_action_animation_cb</STRONG> (Thumb, 4 bytes, Stack size 0 bytes, lto-llvm-d6c0fa.o(.text))
<BR><BR>[Stack]<UL><LI>Max Depth = 200<LI>Call Chain = wifi_close_action_animation_cb &rArr; lv_obj_del &rArr; delete_children &rArr;  delete_children (Cycle)
</UL>
<BR>[Calls]<UL><LI><a href="#[d0]">&gt;&gt;</a>&nbsp;&nbsp;&nbsp;lv_obj_del
</UL>
<BR>[Address Reference Count : 1]<UL><LI> lto-llvm-d6c0fa.o(.text)
</UL>
<P><STRONG><a name="[13d]"></a>wifi_mbox_close_action</STRONG> (Thumb, 32 bytes, Stack size 8 bytes, lto-llvm-d6c0fa.o(.text))
<BR><BR>[Stack]<UL><LI>Max Depth = 208<LI>Call Chain = wifi_mbox_close_action &rArr; lv_obj_del &rArr; delete_children &rArr;  delete_children (Cycle)
</UL>
<BR>[Calls]<UL><LI><a href="#[d0]">&gt;&gt;</a>&nbsp;&nbsp;&nbsp;lv_obj_del
</UL>
<BR>[Address Reference Count : 1]<UL><LI> lto-llvm-d6c0fa.o(.text)
</UL>
<P><STRONG><a name="[13a]"></a>wifi_scancancel_action</STRONG> (Thumb, 280 bytes, Stack size 32 bytes, lto-llvm-d6c0fa.o(.text))
<BR><BR>[Stack]<UL><LI>Max Depth = 232 + Unknown Stack Size
<LI>Call Chain = wifi_scancancel_action &rArr; lv_obj_del &rArr; delete_children &rArr;  delete_children (Cycle)
</UL>
<BR>[Calls]<UL><LI><a href="#[1fd]">&gt;&gt;</a>&nbsp;&nbsp;&nbsp;lv_obj_invalidate
<LI><a href="#[d0]">&gt;&gt;</a>&nbsp;&nbsp;&nbsp;lv_obj_del
<LI><a href="#[1b9]">&gt;&gt;</a>&nbsp;&nbsp;&nbsp;RTE_LOG_ADD
<LI><a href="#[1d2]">&gt;&gt;</a>&nbsp;&nbsp;&nbsp;__aeabi_memmove
</UL>
<BR>[Address Reference Count : 1]<UL><LI> lto-llvm-d6c0fa.o(.text)
</UL>
<P><STRONG><a name="[cc]"></a>wifi_select_action</STRONG> (Thumb, 1534 bytes, Stack size 192 bytes, lto-llvm-d6c0fa.o(.text))
<BR><BR>[Stack]<UL><LI>Max Depth = 640 + Unknown Stack Size
<LI>Call Chain = wifi_select_action &rArr; lv_ta_set_text &rArr; lv_ta_add_char &rArr; lv_label_ins_text &rArr; lv_label_refr_text &rArr; RTE_MEM_Alloc &rArr; RTE_LOG_ADD &rArr; RTE_Vprintf &rArr; RTE_Assert &rArr; RTE_Printf &rArr;  RTE_Vprintf (Cycle)
</UL>
<BR>[Calls]<UL><LI><a href="#[1b3]">&gt;&gt;</a>&nbsp;&nbsp;&nbsp;__aeabi_memclr4
<LI><a href="#[253]">&gt;&gt;</a>&nbsp;&nbsp;&nbsp;strcat
<LI><a href="#[216]">&gt;&gt;</a>&nbsp;&nbsp;&nbsp;strlen
<LI><a href="#[217]">&gt;&gt;</a>&nbsp;&nbsp;&nbsp;strcpy
<LI><a href="#[245]">&gt;&gt;</a>&nbsp;&nbsp;&nbsp;lv_ta_set_text
<LI><a href="#[244]">&gt;&gt;</a>&nbsp;&nbsp;&nbsp;lv_ta_create
<LI><a href="#[b2]">&gt;&gt;</a>&nbsp;&nbsp;&nbsp;lv_obj_set_width
<LI><a href="#[cd]">&gt;&gt;</a>&nbsp;&nbsp;&nbsp;lv_obj_set_pos
<LI><a href="#[b5]">&gt;&gt;</a>&nbsp;&nbsp;&nbsp;lv_obj_set_height
<LI><a href="#[1fd]">&gt;&gt;</a>&nbsp;&nbsp;&nbsp;lv_obj_invalidate
<LI><a href="#[23c]">&gt;&gt;</a>&nbsp;&nbsp;&nbsp;lv_mbox_create
<LI><a href="#[22d]">&gt;&gt;</a>&nbsp;&nbsp;&nbsp;lv_label_set_text
<LI><a href="#[234]">&gt;&gt;</a>&nbsp;&nbsp;&nbsp;lv_label_refr_text
<LI><a href="#[225]">&gt;&gt;</a>&nbsp;&nbsp;&nbsp;lv_btnm_set_map
<LI><a href="#[224]">&gt;&gt;</a>&nbsp;&nbsp;&nbsp;lv_btnm_create
<LI><a href="#[1bb]">&gt;&gt;</a>&nbsp;&nbsp;&nbsp;RTE_RoundRobin_CreateTimer
<LI><a href="#[1ba]">&gt;&gt;</a>&nbsp;&nbsp;&nbsp;RTE_MEM_Realloc
<LI><a href="#[1b8]">&gt;&gt;</a>&nbsp;&nbsp;&nbsp;RTE_MEM_Alloc
<LI><a href="#[1cb]">&gt;&gt;</a>&nbsp;&nbsp;&nbsp;RTE_Assert
<LI><a href="#[205]">&gt;&gt;</a>&nbsp;&nbsp;&nbsp;refresh_childen_style
<LI><a href="#[23d]">&gt;&gt;</a>&nbsp;&nbsp;&nbsp;mbox_realign
</UL>
<BR>[Address Reference Count : 1]<UL><LI> lto-llvm-d6c0fa.o(.text)
</UL>
<P><STRONG><a name="[121]"></a>wifi_sw_action</STRONG> (Thumb, 520 bytes, Stack size 32 bytes, lto-llvm-d6c0fa.o(.text))
<BR><BR>[Stack]<UL><LI>Max Depth = 408 + Unknown Stack Size
<LI>Call Chain = wifi_sw_action &rArr; lv_mbox_create &rArr; lv_label_create &rArr; lv_label_set_long_mode &rArr; lv_label_refr_text &rArr; RTE_MEM_Alloc &rArr; RTE_LOG_ADD &rArr; RTE_Vprintf &rArr; RTE_Assert &rArr; RTE_Printf &rArr;  RTE_Vprintf (Cycle)
</UL>
<BR>[Calls]<UL><LI><a href="#[242]">&gt;&gt;</a>&nbsp;&nbsp;&nbsp;lv_preload_set_spin_time
<LI><a href="#[241]">&gt;&gt;</a>&nbsp;&nbsp;&nbsp;lv_preload_create
<LI><a href="#[b2]">&gt;&gt;</a>&nbsp;&nbsp;&nbsp;lv_obj_set_width
<LI><a href="#[cd]">&gt;&gt;</a>&nbsp;&nbsp;&nbsp;lv_obj_set_pos
<LI><a href="#[23c]">&gt;&gt;</a>&nbsp;&nbsp;&nbsp;lv_mbox_create
<LI><a href="#[23e]">&gt;&gt;</a>&nbsp;&nbsp;&nbsp;lv_mbox_add_btns
<LI><a href="#[22d]">&gt;&gt;</a>&nbsp;&nbsp;&nbsp;lv_label_set_text
<LI><a href="#[1bb]">&gt;&gt;</a>&nbsp;&nbsp;&nbsp;RTE_RoundRobin_CreateTimer
<LI><a href="#[23d]">&gt;&gt;</a>&nbsp;&nbsp;&nbsp;mbox_realign
</UL>
<BR>[Address Reference Count : 1]<UL><LI> lto-llvm-d6c0fa.o(.text)
</UL><P>
<H3>
Undefined Global Symbols
</H3><HR></body></html>
